Component: ARM Compiler 5.06 update 5 (build 528) Tool: armlink [4d35e2]

==============================================================================

Section Cross References

    main.o(i.McpsConfirm) refers to main.o(.data) for NextTx
    main.o(i.McpsIndication) refers to gpio.o(i.GpioWrite) for GpioWrite
    main.o(i.McpsIndication) refers to loramac.o(i.LoRaMacMibSetRequestConfirm) for LoRaMacMibSetRequestConfirm
    main.o(i.McpsIndication) refers to loramac.o(i.LoRaMacTestSetDutyCycleOn) for LoRaMacTestSetDutyCycleOn
    main.o(i.McpsIndication) refers to gps.o(i.GpsStop) for GpsStop
    main.o(i.McpsIndication) refers to gps.o(i.GpsStart) for GpsStart
    main.o(i.McpsIndication) refers to loramac.o(i.LoRaMacMlmeRequest) for LoRaMacMlmeRequest
    main.o(i.McpsIndication) refers to timer.o(i.TimerStart) for TimerStart
    main.o(i.McpsIndication) refers to main.o(.bss) for ComplianceTest
    main.o(i.McpsIndication) refers to main.o(.data) for AppLedStateOn
    main.o(i.McpsIndication) refers to board.o(.bss) for Led2
    main.o(i.MlmeConfirm) refers to printfa.o(i.__0printf) for __2printf
    main.o(i.MlmeConfirm) refers to gpio.o(i.GpioWrite) for GpioWrite
    main.o(i.MlmeConfirm) refers to timer.o(i.TimerStart) for TimerStart
    main.o(i.MlmeConfirm) refers to main.o(.data) for DeviceState
    main.o(i.MlmeConfirm) refers to board.o(.bss) for Led1
    main.o(i.MlmeConfirm) refers to main.o(.bss) for Led1Timer
    main.o(i.OnLed1TimerEvent) refers to timer.o(i.TimerStop) for TimerStop
    main.o(i.OnLed1TimerEvent) refers to gpio.o(i.GpioToggle) for GpioToggle
    main.o(i.OnLed1TimerEvent) refers to timer.o(i.TimerStart) for TimerStart
    main.o(i.OnLed1TimerEvent) refers to main.o(.bss) for Led1Timer
    main.o(i.OnLed1TimerEvent) refers to board.o(.bss) for Led1
    main.o(i.OnLed2TimerEvent) refers to timer.o(i.TimerStop) for TimerStop
    main.o(i.OnLed2TimerEvent) refers to gpio.o(i.GpioWrite) for GpioWrite
    main.o(i.OnLed2TimerEvent) refers to main.o(.bss) for Led2Timer
    main.o(i.OnLed2TimerEvent) refers to board.o(.bss) for Led2
    main.o(i.OnTxNextPacketTimerEvent) refers to timer.o(i.TimerStop) for TimerStop
    main.o(i.OnTxNextPacketTimerEvent) refers to loramac.o(i.LoRaMacMibGetRequestConfirm) for LoRaMacMibGetRequestConfirm
    main.o(i.OnTxNextPacketTimerEvent) refers to main.o(.bss) for TxNextPacketTimer
    main.o(i.OnTxNextPacketTimerEvent) refers to main.o(.data) for DeviceState
    main.o(i.PrepareTxFrame) refers to gps.o(i.GpsGetLatestGpsPositionDouble) for GpsGetLatestGpsPositionDouble
    main.o(i.PrepareTxFrame) refers to gps.o(i.GpsGetLatestGpsAltitude) for GpsGetLatestGpsAltitude
    main.o(i.PrepareTxFrame) refers to printfa.o(i.__0printf) for __2printf
    main.o(i.PrepareTxFrame) refers to dmul.o(.text) for __aeabi_dmul
    main.o(i.PrepareTxFrame) refers to dfixi.o(.text) for __aeabi_d2iz
    main.o(i.PrepareTxFrame) refers to lis3dh.o(i.LIS3DH_GetTempRaw) for LIS3DH_GetTempRaw
    main.o(i.PrepareTxFrame) refers to board.o(i.BoardBatteryMeasureVolage) for BoardBatteryMeasureVolage
    main.o(i.PrepareTxFrame) refers to lis3dh.o(i.LIS3DH_ReadReg) for LIS3DH_ReadReg
    main.o(i.PrepareTxFrame) refers to delay.o(i.DelayMs) for DelayMs
    main.o(i.PrepareTxFrame) refers to bsp_dht11.o(i.Read_TempAndHumidity) for Read_TempAndHumidity
    main.o(i.PrepareTxFrame) refers to main.o(.bss) for AppData
    main.o(i.PrepareTxFrame) refers to main.o(.data) for AppDataSize
    main.o(i.SendFrame) refers to loramac.o(i.LoRaMacQueryTxPossible) for LoRaMacQueryTxPossible
    main.o(i.SendFrame) refers to loramac.o(i.LoRaMacMcpsRequest) for LoRaMacMcpsRequest
    main.o(i.SendFrame) refers to main.o(.data) for AppDataSize
    main.o(i.SendFrame) refers to main.o(.bss) for AppData
    main.o(i.dump_hex2str) refers to printfa.o(i.__0printf) for __2printf
    main.o(i.main) refers to board.o(i.BoardInitMcu) for BoardInitMcu
    main.o(i.main) refers to board.o(i.BoardInitPeriph) for BoardInitPeriph
    main.o(i.main) refers to printfa.o(i.__0printf) for __2printf
    main.o(i.main) refers to delay.o(i.DelayMs) for DelayMs
    main.o(i.main) refers to loramac.o(i.LoRaMacInitialization) for LoRaMacInitialization
    main.o(i.main) refers to timer.o(i.TimerInit) for TimerInit
    main.o(i.main) refers to timer.o(i.TimerSetValue) for TimerSetValue
    main.o(i.main) refers to loramac.o(i.LoRaMacMibSetRequestConfirm) for LoRaMacMibSetRequestConfirm
    main.o(i.main) refers to main.o(i.dump_hex2str) for dump_hex2str
    main.o(i.main) refers to loramac.o(i.LoRaMacMlmeRequest) for LoRaMacMlmeRequest
    main.o(i.main) refers to main.o(i.PrepareTxFrame) for PrepareTxFrame
    main.o(i.main) refers to main.o(i.SendFrame) for SendFrame
    main.o(i.main) refers to utilities.o(i.randr) for randr
    main.o(i.main) refers to timer.o(i.TimerStart) for TimerStart
    main.o(i.main) refers to timer.o(i.TimerLowPowerHandler) for TimerLowPowerHandler
[...]
    LIS3DH_SetInt1Duration                   0x08006139   Thumb Code    30  lis3dh.o(i.LIS3DH_SetInt1Duration)
    LIS3DH_SetInt1Pin                        0x08006157   Thumb Code    50  lis3dh.o(i.LIS3DH_SetInt1Pin)
    LIS3DH_SetInt1Threshold                  0x08006189   Thumb Code    30  lis3dh.o(i.LIS3DH_SetInt1Threshold)
    LIS3DH_SetInt2Pin                        0x080061a7   Thumb Code    50  lis3dh.o(i.LIS3DH_SetInt2Pin)
    LIS3DH_SetInt6D4DConfiguration           0x080061d9   Thumb Code   186  lis3dh.o(i.LIS3DH_SetInt6D4DConfiguration)
    LIS3DH_SetIntConfiguration               0x08006293   Thumb Code    56  lis3dh.o(i.LIS3DH_SetIntConfiguration)
    LIS3DH_SetIntMode                        0x080062cb   Thumb Code    60  lis3dh.o(i.LIS3DH_SetIntMode)
    LIS3DH_SetMode                           0x08006309   Thumb Code   208  lis3dh.o(i.LIS3DH_SetMode)
    LIS3DH_SetODR                            0x080063dd   Thumb Code    60  lis3dh.o(i.LIS3DH_SetODR)
    LIS3DH_SetTemperature                    0x08006419   Thumb Code    72  lis3dh.o(i.LIS3DH_SetTemperature)
    LIS3DH_WriteReg                          0x08006461   Thumb Code    38  lis3dh.o(i.LIS3DH_WriteReg)
    Lis3dhGetIntState                        0x080064b1   Thumb Code    26  lis3dh.o(i.Lis3dhGetIntState)
    Lis3dh_Event                             0x080064d1   Thumb Code     8  lis3dh.o(i.Lis3dh_Event)
    Lis3dh_IntEventClear                     0x080064dd   Thumb Code    20  lis3dh.o(i.Lis3dh_IntEventClear)
    LoRaMacComputeMic                        0x08006511   Thumb Code   136  loramaccrypto.o(i.LoRaMacComputeMic)
    LoRaMacInitialization                    0x080065a5   Thumb Code   704  loramac.o(i.LoRaMacInitialization)
    LoRaMacJoinComputeMic                    0x08006915   Thumb Code    78  loramaccrypto.o(i.LoRaMacJoinComputeMic)
    LoRaMacJoinComputeSKeys                  0x0800696d   Thumb Code   144  loramaccrypto.o(i.LoRaMacJoinComputeSKeys)
    LoRaMacJoinDecrypt                       0x08006a01   Thumb Code    64  loramaccrypto.o(i.LoRaMacJoinDecrypt)
    LoRaMacMcpsRequest                       0x08006a45   Thumb Code   348  loramac.o(i.LoRaMacMcpsRequest)
    LoRaMacMibGetRequestConfirm              0x08006bc5   Thumb Code   358  loramac.o(i.LoRaMacMibGetRequestConfirm)
    LoRaMacMibSetRequestConfirm              0x08006d69   Thumb Code   766  loramac.o(i.LoRaMacMibSetRequestConfirm)
    LoRaMacMlmeRequest                       0x080070bd   Thumb Code   374  loramac.o(i.LoRaMacMlmeRequest)
    LoRaMacPayloadDecrypt                    0x08007261   Thumb Code    40  loramaccrypto.o(i.LoRaMacPayloadDecrypt)
    LoRaMacPayloadEncrypt                    0x08007289   Thumb Code   210  loramaccrypto.o(i.LoRaMacPayloadEncrypt)
    LoRaMacQueryTxPossible                   0x08007369   Thumb Code   210  loramac.o(i.LoRaMacQueryTxPossible)
    LoRaMacTestSetDutyCycleOn                0x0800745d   Thumb Code    28  loramac.o(i.LoRaMacTestSetDutyCycleOn)
    MemManage_Handler                        0x08007771   Thumb Code     4  sysirqhandlers.o(i.MemManage_Handler)
    NMI_Handler                              0x080077fd   Thumb Code     2  sysirqhandlers.o(i.NMI_Handler)
    Nibble2HexChar                           0x08007839   Thumb Code    30  utilities.o(i.Nibble2HexChar)
    PrepareFrame                             0x080088c1   Thumb Code   968  loramac.o(i.PrepareFrame)
    RTC_Alarm_IRQHandler                     0x08009595   Thumb Code    38  rtc-board.o(i.RTC_Alarm_IRQHandler)
    RTC_Bcd2ToByte                           0x080095c1   Thumb Code    22  stm32l1xx_hal_rtc.o(i.RTC_Bcd2ToByte)
    RTC_ByteToBcd2                           0x080095d7   Thumb Code    26  stm32l1xx_hal_rtc.o(i.RTC_ByteToBcd2)
    RTC_EnterInitMode                        0x080095f1   Thumb Code    62  stm32l1xx_hal_rtc.o(i.RTC_EnterInitMode)
    Read_TempAndHumidity                     0x08009631   Thumb Code   148  bsp_dht11.o(i.Read_TempAndHumidity)
    RegionAdrNext                            0x080096c9   Thumb Code    40  region.o(i.RegionAdrNext)
    RegionAlternateDr                        0x080096f1   Thumb Code    22  region.o(i.RegionAlternateDr)
    RegionApplyCFList                        0x08009707   Thumb Code    24  region.o(i.RegionApplyCFList)
    RegionApplyDrOffset                      0x0800971f   Thumb Code    34  region.o(i.RegionApplyDrOffset)
    RegionCalcBackOff                        0x08009741   Thumb Code    24  region.o(i.RegionCalcBackOff)
    RegionChanMaskSet                        0x08009759   Thumb Code    22  region.o(i.RegionChanMaskSet)
    RegionCommonCalcBackOff                  0x0800976f   Thumb Code   136  regioncommon.o(i.RegionCommonCalcBackOff)
    RegionCommonChanDisable                  0x080097f7   Thumb Code    70  regioncommon.o(i.RegionCommonChanDisable)
    RegionCommonChanMaskCopy                 0x0800983d   Thumb Code    30  regioncommon.o(i.RegionCommonChanMaskCopy)
    RegionCommonChanVerifyDr                 0x0800985b   Thumb Code   130  regioncommon.o(i.RegionCommonChanVerifyDr)
    RegionCommonComputeRxWindowParameters    0x080098dd   Thumb Code   282  regioncommon.o(i.RegionCommonComputeRxWindowParameters)
    RegionCommonComputeSymbolTimeFsk         0x080099fd   Thumb Code    26  regioncommon.o(i.RegionCommonComputeSymbolTimeFsk)
    RegionCommonComputeSymbolTimeLoRa        0x08009a1d   Thumb Code    52  regioncommon.o(i.RegionCommonComputeSymbolTimeLoRa)
    RegionCommonComputeTxPower               0x08009a55   Thumb Code    64  regioncommon.o(i.RegionCommonComputeTxPower)
    RegionCommonCountChannels                0x08009a95   Thumb Code    54  regioncommon.o(i.RegionCommonCountChannels)
    RegionCommonGetJoinDc                    0x08009acd   Thumb Code    32  regioncommon.o(i.RegionCommonGetJoinDc)
    RegionCommonLinkAdrReqVerifyParams       0x08009af5   Thumb Code   156  regioncommon.o(i.RegionCommonLinkAdrReqVerifyParams)
    RegionCommonParseLinkAdrReq              0x08009b91   Thumb Code    72  regioncommon.o(i.RegionCommonParseLinkAdrReq)
    RegionCommonSetBandTxDone                0x08009bd9   Thumb Code    14  regioncommon.o(i.RegionCommonSetBandTxDone)
    RegionCommonUpdateBandTimeOff            0x08009be7   Thumb Code   262  regioncommon.o(i.RegionCommonUpdateBandTimeOff)
    RegionCommonValueInRange                 0x08009ced   Thumb Code    18  regioncommon.o(i.RegionCommonValueInRange)
    RegionComputeRxWindowParameters          0x08009cff   Thumb Code    42  region.o(i.RegionComputeRxWindowParameters)
    RegionDlChannelReq                       0x08009d29   Thumb Code    22  region.o(i.RegionDlChannelReq)
    RegionEU868AdrNext                       0x08009d41   Thumb Code   142  regioneu868.o(i.RegionEU868AdrNext)
    RegionEU868AlternateDr                   0x08009dd5   Thumb Code   106  regioneu868.o(i.RegionEU868AlternateDr)
    RegionEU868ApplyCFList                   0x08009e3f   Thumb Code   134  regioneu868.o(i.RegionEU868ApplyCFList)
    RegionEU868ApplyDrOffset                 0x08009ec5   Thumb Code    18  regioneu868.o(i.RegionEU868ApplyDrOffset)
    RegionEU868CalcBackOff                   0x08009ed9   Thumb Code    56  regioneu868.o(i.RegionEU868CalcBackOff)
    RegionEU868ChanMaskSet                   0x08009f19   Thumb Code    48  regioneu868.o(i.RegionEU868ChanMaskSet)
    RegionEU868ChannelAdd                    0x08009f51   Thumb Code   236  regioneu868.o(i.RegionEU868ChannelAdd)
    RegionEU868ChannelsRemove                0x0800a045   Thumb Code    50  regioneu868.o(i.RegionEU868ChannelsRemove)
    RegionEU868ComputeRxWindowParameters     0x0800a081   Thumb Code   112  regioneu868.o(i.RegionEU868ComputeRxWindowParameters)
    RegionEU868DlChannelReq                  0x0800a0f9   Thumb Code    66  regioneu868.o(i.RegionEU868DlChannelReq)
    RegionEU868GetPhyParam                   0x0800a141   Thumb Code   268  regioneu868.o(i.RegionEU868GetPhyParam)
    RegionEU868InitDefaults                  0x0800a269   Thumb Code   122  regioneu868.o(i.RegionEU868InitDefaults)
    RegionEU868LinkAdrReq                    0x0800a2f5   Thumb Code   378  regioneu868.o(i.RegionEU868LinkAdrReq)
    RegionEU868NewChannelReq                 0x0800a479   Thumb Code    94  regioneu868.o(i.RegionEU868NewChannelReq)
    RegionEU868NextChannel                   0x0800a4d9   Thumb Code   206  regioneu868.o(i.RegionEU868NextChannel)
    RegionEU868RxConfig                      0x0800a5b5   Thumb Code   264  regioneu868.o(i.RegionEU868RxConfig)
    RegionEU868RxParamSetupReq               0x0800a6d5   Thumb Code    60  regioneu868.o(i.RegionEU868RxParamSetupReq)
    RegionEU868SetBandTxDone                 0x0800a715   Thumb Code    34  regioneu868.o(i.RegionEU868SetBandTxDone)
    RegionEU868SetContinuousWave             0x0800a741   Thumb Code    92  regioneu868.o(i.RegionEU868SetContinuousWave)
    RegionEU868TxConfig                      0x0800a7ad   Thumb Code   258  regioneu868.o(i.RegionEU868TxConfig)
    RegionEU868TxParamSetupReq               0x0800a8c5   Thumb Code     8  regioneu868.o(i.RegionEU868TxParamSetupReq)
    RegionEU868Verify                        0x0800a8cd   Thumb Code   156  regioneu868.o(i.RegionEU868Verify)
    RegionGetPhyParam                        0x0800a969   Thumb Code    28  region.o(i.RegionGetPhyParam)
    RegionInitDefaults                       0x0800a985   Thumb Code    24  region.o(i.RegionInitDefaults)
    RegionIsActive                           0x0800a99d   Thumb Code    14  region.o(i.RegionIsActive)
    RegionLinkAdrReq                         0x0800a9ab   Thumb Code    44  region.o(i.RegionLinkAdrReq)
    RegionNewChannelReq                      0x0800a9d7   Thumb Code    22  region.o(i.RegionNewChannelReq)
    RegionNextChannel                        0x0800a9ed   Thumb Code    40  region.o(i.RegionNextChannel)
    RegionRxConfig                           0x0800aa15   Thumb Code    26  region.o(i.RegionRxConfig)
    RegionRxParamSetupReq                    0x0800aa2f   Thumb Code    22  region.o(i.RegionRxParamSetupReq)
    RegionSetBandTxDone                      0x0800aa45   Thumb Code    26  region.o(i.RegionSetBandTxDone)
    RegionSetContinuousWave                  0x0800aa5f   Thumb Code    24  region.o(i.RegionSetContinuousWave)
    RegionTxConfig                           0x0800aa77   Thumb Code    34  region.o(i.RegionTxConfig)
    RegionTxParamSetupReq                    0x0800aa99   Thumb Code    22  region.o(i.RegionTxParamSetupReq)
    RegionVerify                             0x0800aaaf   Thumb Code    26  region.o(i.RegionVerify)
    RtcComputeElapsedTime                    0x0800ac0d   Thumb Code    36  rtc-board.o(i.RtcComputeElapsedTime)
    RtcEnterLowPowerStopMode                 0x0800b0b5   Thumb Code    54  rtc-board.o(i.RtcEnterLowPowerStopMode)
    RtcGetAdjustedTimeoutValue               0x0800b0f9   Thumb Code    62  rtc-board.o(i.RtcGetAdjustedTimeoutValue)
    RtcGetElapsedAlarmTime                   0x0800b189   Thumb Code    38  rtc-board.o(i.RtcGetElapsedAlarmTime)
    RtcGetTimerValue                         0x0800b1b5   Thumb Code    10  rtc-board.o(i.RtcGetTimerValue)
    RtcInit                                  0x0800b1c1   Thumb Code   158  rtc-board.o(i.RtcInit)
    RtcRecoverMcuStatus                      0x0800b271   Thumb Code    60  rtc-board.o(i.RtcRecoverMcuStatus)
    RtcSetTimeout                            0x0800b2b9   Thumb Code    12  rtc-board.o(i.RtcSetTimeout)
    SX1276AntSwDeInit                        0x0800b435   Thumb Code    58  sx1276-board.o(i.SX1276AntSwDeInit)
    SX1276AntSwInit                          0x0800b47d   Thumb Code    64  sx1276-board.o(i.SX1276AntSwInit)
    SX1276CheckRfFrequency                   0x0800b4c9   Thumb Code     6  sx1276-board.o(i.SX1276CheckRfFrequency)
    SX1276GetPaSelect                        0x0800b4cf   Thumb Code     6  sx1276-board.o(i.SX1276GetPaSelect)
    SX1276GetStatus                          0x0800b4d5   Thumb Code     8  sx1276.o(i.SX1276GetStatus)
    SX1276GetTimeOnAir                       0x0800b4e1   Thumb Code   628  sx1276.o(i.SX1276GetTimeOnAir)
    SX1276Init                               0x0800b77d   Thumb Code   114  sx1276.o(i.SX1276Init)
    SX1276IoDeInit                           0x0800b811   Thumb Code   124  sx1276-board.o(i.SX1276IoDeInit)
    SX1276IoInit                             0x0800b891   Thumb Code   132  sx1276-board.o(i.SX1276IoInit)
    SX1276IoIrqInit                          0x0800b919   Thumb Code    88  sx1276-board.o(i.SX1276IoIrqInit)
    SX1276IsChannelFree                      0x0800b975   Thumb Code    96  sx1276.o(i.SX1276IsChannelFree)
    SX1276OnDio0Irq                          0x0800b9d5   Thumb Code   890  sx1276.o(i.SX1276OnDio0Irq)
    SX1276OnDio1Irq                          0x0800bd71   Thumb Code   404  sx1276.o(i.SX1276OnDio1Irq)
    SX1276OnDio2Irq                          0x0800bf19   Thumb Code   322  sx1276.o(i.SX1276OnDio2Irq)
    SX1276OnDio3Irq                          0x0800c06d   Thumb Code   104  sx1276.o(i.SX1276OnDio3Irq)
    SX1276OnDio4Irq                          0x0800c0dd   Thumb Code    40  sx1276.o(i.SX1276OnDio4Irq)
    SX1276OnTimeoutIrq                       0x0800c109   Thumb Code   252  sx1276.o(i.SX1276OnTimeoutIrq)
    SX1276Random                             0x0800c215   Thumb Code    64  sx1276.o(i.SX1276Random)
    SX1276Read                               0x0800c255   Thumb Code    20  sx1276.o(i.SX1276Read)
    SX1276ReadBuffer                         0x0800c269   Thumb Code    66  sx1276.o(i.SX1276ReadBuffer)
    SX1276ReadFifo                           0x0800c2b1   Thumb Code    18  sx1276.o(i.SX1276ReadFifo)
    SX1276ReadRssi                           0x0800c2c5   Thumb Code    74  sx1276.o(i.SX1276ReadRssi)
    SX1276Reset                              0x0800c319   Thumb Code    54  sx1276.o(i.SX1276Reset)
    SX1276Send                               0x0800c355   Thumb Code   300  sx1276.o(i.SX1276Send)
    SX1276SetAntSw                           0x0800c489   Thumb Code    84  sx1276-board.o(i.SX1276SetAntSw)
    SX1276SetAntSwLowPower                   0x0800c4e9   Thumb Code    30  sx1276-board.o(i.SX1276SetAntSwLowPower)
    SX1276SetChannel                         0x0800c50d   Thumb Code    68  sx1276.o(i.SX1276SetChannel)
    SX1276SetMaxPayloadLength                0x0800c559   Thumb Code    52  sx1276.o(i.SX1276SetMaxPayloadLength)
    SX1276SetModem                           0x0800c591   Thumb Code   154  sx1276.o(i.SX1276SetModem)
    SX1276SetOpMode                          0x0800c631   Thumb Code    50  sx1276.o(i.SX1276SetOpMode)
    SX1276SetPublicNetwork                   0x0800c665   Thumb Code    40  sx1276.o(i.SX1276SetPublicNetwork)
    SX1276SetRfTxPower                       0x0800c691   Thumb Code   188  sx1276-board.o(i.SX1276SetRfTxPower)
    SX1276SetRx                              0x0800c751   Thumb Code   636  sx1276.o(i.SX1276SetRx)
    SX1276SetRxConfig                        0x0800c9dd   Thumb Code   784  sx1276.o(i.SX1276SetRxConfig)
    SX1276SetSleep                           0x0800cd05   Thumb Code    30  sx1276.o(i.SX1276SetSleep)
    SX1276SetStby                            0x0800cd31   Thumb Code    30  sx1276.o(i.SX1276SetStby)
    SX1276SetTx                              0x0800cd5d   Thumb Code   182  sx1276.o(i.SX1276SetTx)
    SX1276SetTxConfig                        0x0800ce1d   Thumb Code   608  sx1276.o(i.SX1276SetTxConfig)
    SX1276SetTxContinuousWave                0x0800d089   Thumb Code   132  sx1276.o(i.SX1276SetTxContinuousWave)
    SX1276StartCad                           0x0800d115   Thumb Code    66  sx1276.o(i.SX1276StartCad)
    SX1276Write                              0x0800d15d   Thumb Code    16  sx1276.o(i.SX1276Write)
    SX1276WriteBuffer                        0x0800d16d   Thumb Code    64  sx1276.o(i.SX1276WriteBuffer)
    SX1276WriteFifo                          0x0800d1b1   Thumb Code    18  sx1276.o(i.SX1276WriteFifo)
    Send                                     0x0800d351   Thumb Code   120  loramac.o(i.Send)
    SendFrameOnChannel                       0x0800d469   Thumb Code   162  loramac.o(i.SendFrameOnChannel)
    SetTxContinuousWave                      0x0800d53d   Thumb Code    88  loramac.o(i.SetTxContinuousWave)
    SetTxContinuousWave1                     0x0800d5a9   Thumb Code    52  loramac.o(i.SetTxContinuousWave1)
    SpiDeInit                                0x0800d5e9   Thumb Code   102  spi-board.o(i.SpiDeInit)
    SpiFormat                                0x0800d64f   Thumb Code    52  spi-board.o(i.SpiFormat)
    SpiFrequency                             0x0800d685   Thumb Code    74  spi-board.o(i.SpiFrequency)
    SpiInOut                                 0x0800d6d5   Thumb Code    80  spi-board.o(i.SpiInOut)
    SpiInit                                  0x0800d725   Thumb Code   434  spi-board.o(i.SpiInit)
    SysTick_Handler                          0x0800d8e9   Thumb Code    12  board.o(i.SysTick_Handler)
    SystemInit                               0x0800da49   Thumb Code    82  system_stm32l1xx.o(i.SystemInit)
    TimerGetCurrentTime                      0x0800dacd   Thumb Code     8  timer.o(i.TimerGetCurrentTime)
    TimerGetElapsedTime                      0x0800dad5   Thumb Code    12  timer.o(i.TimerGetElapsedTime)
    TimerGetValue                            0x0800dae1   Thumb Code     8  timer.o(i.TimerGetValue)
    TimerInit                                0x0800dae9   Thumb Code    14  timer.o(i.TimerInit)
    TimerIrqHandler                          0x0800db91   Thumb Code   136  timer.o(i.TimerIrqHandler)
    TimerLowPowerHandler                     0x0800dc1d   Thumb Code    58  timer.o(i.TimerLowPowerHandler)
    TimerSetValue                            0x0800dc81   Thumb Code    18  timer.o(i.TimerSetValue)
    TimerStart                               0x0800dc95   Thumb Code   132  timer.o(i.TimerStart)
    TimerStop                                0x0800dd1d   Thumb Code   230  timer.o(i.TimerStop)
    USART1_IRQHandler                        0x0800e3b9   Thumb Code    10  uart-board.o(i.USART1_IRQHandler)
    USART3_IRQHandler                        0x0800e3c9   Thumb Code    68  uart-board.o(i.USART3_IRQHandler)
    UartMcuConfig                            0x0800e411   Thumb Code   316  uart-board.o(i.UartMcuConfig)
    UartMcuGetChar                           0x0800e565   Thumb Code    46  uart-board.o(i.UartMcuGetChar)
    UartMcuInit                              0x0800e595   Thumb Code   228  uart-board.o(i.UartMcuInit)
    UsageFault_Handler                       0x0800e67d   Thumb Code     4  sysirqhandlers.o(i.UsageFault_Handler)
    __0printf                                0x0800e799   Thumb Code    22  printfa.o(i.__0printf)
    __1printf                                0x0800e799   Thumb Code     0  printfa.o(i.__0printf)
    __2printf                                0x0800e799   Thumb Code     0  printfa.o(i.__0printf)
    __c89printf                              0x0800e799   Thumb Code     0  printfa.o(i.__0printf)
    printf                                   0x0800e799   Thumb Code     0  printfa.o(i.__0printf)
    __aeabi_errno_addr                       0x0800e7b9   Thumb Code     4  errno.o(i.__aeabi_errno_addr)
    __rt_errno_addr                          0x0800e7b9   Thumb Code     0  errno.o(i.__aeabi_errno_addr)
    __scatterload_copy                       0x0800e7c1   Thumb Code    14  handlers.o(i.__scatterload_copy)
    __scatterload_null                       0x0800e7cf   Thumb Code     2  handlers.o(i.__scatterload_null)
    __scatterload_zeroinit                   0x0800e7d1   Thumb Code    14  handlers.o(i.__scatterload_zeroinit)
    aes_encrypt                              0x0800f0a3   Thumb Code    90  aes.o(i.aes_encrypt)
    aes_set_key                              0x0800f0fd   Thumb Code   312  aes.o(i.aes_set_key)
    ceil                                     0x0800f239   Thumb Code   204  ceil.o(i.ceil)
    delay_us                                 0x0800f3f3   Thumb Code   100  bsp_dht11.o(i.delay_us)
    dump_hex2str                             0x0800f459   Thumb Code    34  main.o(i.dump_hex2str)
    floor                                    0x0800f489   Thumb Code   204  floor.o(i.floor)
    fputc                                    0x0800f565   Thumb Code    22  uart-board.o(i.fputc)
    main                                     0x0800f581   Thumb Code   532  main.o(i.main)
    memcpy1                                  0x0800f87d   Thumb Code    24  utilities.o(i.memcpy1)
    memcpyr                                  0x0800f895   Thumb Code    28  utilities.o(i.memcpyr)
    memset1                                  0x0800f8b1   Thumb Code    20  utilities.o(i.memset1)
    rand1                                    0x0800fb49   Thumb Code    32  utilities.o(i.rand1)
    randr                                    0x0800fb71   Thumb Code    26  utilities.o(i.randr)
    round                                    0x0800fb8d   Thumb Code   136  round.o(i.round)
    rw_Region2Str                            0x0800fc21   Thumb Code    64  loramac.o(i.rw_Region2Str)
    srand1                                   0x0800fd25   Thumb Code     6  utilities.o(i.srand1)
    Radio                                    0x0800fdcc   Data          92  sx1276-board.o(.constdata)
    PLLMulTable                              0x0800fe28   Data           9  system_stm32l1xx.o(.constdata)
    AHBPrescTable                            0x0800fe31   Data          16  system_stm32l1xx.o(.constdata)
    APBPrescTable                            0x0800fe41   Data           8  system_stm32l1xx.o(.constdata)
    RadioRegsInit                            0x0800fec8   Data          48  sx1276.o(.constdata)
    FskBandwidths                            0x0800fef8   Data         176  sx1276.o(.constdata)
    NmeaDataTypeGPGGA                        0x0800ffa8   Data           6  gps.o(.constdata)
    NmeaDataTypeGPGSA                        0x0800ffae   Data           6  gps.o(.constdata)
    NmeaDataTypeGPGSV                        0x0800ffb4   Data           6  gps.o(.constdata)
    NmeaDataTypeGPRMC                        0x0800ffba   Data           6  gps.o(.constdata)
    MaxNorthPosition                         0x0800ffc0   Data           4  gps.o(.constdata)
    MaxSouthPosition                         0x0800ffc4   Data           4  gps.o(.constdata)
    MaxEastPosition                          0x0800ffc8   Data           4  gps.o(.constdata)
    MaxWestPosition                          0x0800ffcc   Data           4  gps.o(.constdata)
    __ctype_table                            0x080102d0   Data         129  ctype_o.o(.constdata)
    Region$$Table$$Base                      0x08010358   Number         0  anon$$obj.o(Region$$Table)
    Region$$Table$$Limit                     0x08010378   Number         0  anon$$obj.o(Region$$Table)
    DHT11_DATA                               0x20000022   Data           5  main.o(.data)
    GPS_GETFAIL                              0x2000002f   Data           1  main.o(.data)
    NmeaStringSize                           0x20000030   Data           1  gps-board.o(.data)
    PpsTrigger                               0x20000031   Data           1  gps-board.o(.data)
    I2cInternalAddrSize                      0x20000032   Data           1  i2c-board.o(.data)
    NonScheduledWakeUp                       0x20000037   Data           1  rtc-board.o(.data)
    McuWakeUpTime                            0x2000003c   Data           4  rtc-board.o(.data)
    SystemCoreClock                          0x2000004c   Data           4  system_stm32l1xx.o(.data)
    uwTick                                   0x20000050   Data           4  stm32l1xx_hal.o(.data)
    LoRaMacState                             0x200000ac   Data           4  loramac.o(.data)
    TxTimeOnAir                              0x200000c4   Data           4  loramac.o(.data)
    LoRaMacFlags                             0x200000cb   Data           1  loramac.o(.data)
    IntDetected                              0x20000140   Data           1  lis3dh.o(.data)
    DioIrq                                   0x20000148   Data          24  sx1276.o(.data)
    PpsDetected                              0x20000190   Data           1  gps.o(.data)
    HasLoopedThroughMain                     0x20000194   Data           1  timer.o(.data)
    __stdout                                 0x2000019c   Data           4  stdout.o(.data)
    ComplianceTest                           0x200002d4   Data          20  main.o(.bss)
    AdcHandle                                0x200002e8   Data          84  adc-board.o(.bss)
    NmeaString                               0x2000037c   Data         128  gps-board.o(.bss)
    GpsPowerEn                               0x200003fc   Data          12  gps-board.o(.bss)
    GpsPps                                   0x20000408   Data          12  gps-board.o(.bss)
    RtcCalendarContext                       0x20000414   Data          20  rtc-board.o(.bss)
    RtcHandle                                0x20000428   Data          32  rtc-board.o(.bss)
    Led1                                     0x20000448   Data          12  board.o(.bss)
    Led2                                     0x20000454   Data          12  board.o(.bss)
    pinA8                                    0x20000460   Data          12  board.o(.bss)
    Adc                                      0x2000046c   Data          12  board.o(.bss)
    I2c                                      0x20000478   Data         108  board.o(.bss)
    Uart1                                    0x200004e4   Data          56  board.o(.bss)
    GpsUart                                  0x2000051c   Data          56  board.o(.bss)
    AntCtxPa                                 0x20000568   Data          12  sx1276-board.o(.bss)
    AntCbtHf                                 0x20000574   Data          12  sx1276-board.o(.bss)
    AntCrxRx                                 0x20000580   Data          12  sx1276-board.o(.bss)
    UART_RxBuffer                            0x2000058c   Data         512  uart-board.o(.bss)
    GPS_RxBuffer                             0x2000078c   Data         512  uart-board.o(.bss)
    UartContext                              0x2000098c   Data         136  uart-board.o(.bss)
    LoRaMacParams                            0x20000d34   Data          56  loramac.o(.bss)
    LoRaMacParamsDefaults                    0x20000d6c   Data          56  loramac.o(.bss)
    Lis3dh_i2c                               0x20001170   Data         108  lis3dh.o(.bss)
    Lis3dh_int1                              0x200011dc   Data          12  lis3dh.o(.bss)
    Lis3dh_int2                              0x200011e8   Data          12  lis3dh.o(.bss)
    SX1276                                   0x200012f4   Data         332  sx1276.o(.bss)
    TxTimeoutTimer                           0x20001440   Data          20  sx1276.o(.bss)
    RxTimeoutTimer                           0x20001454   Data          20  sx1276.o(.bss)
    RxTimeoutSyncWord                        0x20001468   Data          20  sx1276.o(.bss)
    NmeaGpsData                              0x2000147c   Data          99  gps.o(.bss)
    __initial_sp                             0x200018e0   Data           0  startup_stm32l151xb.o(STACK)



==============================================================================

Memory Map of the image

  Image Entry point : 0x080000f5

  Load Region LR_IROM1 (Base: 0x08000000, Size: 0x0001051c, Max: 0x00020000, ABSOLUTE, COMPRESSED[0x000103dc])

    Execution Region ER_IROM1 (Exec base: 0x08000000, Load base: 0x08000000, Size: 0x00010378, Max: 0x00020000, ABSOLUTE)

    Exec Addr    Load Addr    Size         Type   Attr      Idx    E Section Name        Object

    0x08000000   0x08000000   0x000000f4   Data   RO         1244    RESET               startup_stm32l151xb.o
    0x080000f4   0x080000f4   0x00000000   Code   RO         6890  * .ARM.Collect$$$$00000000  mc_w.l(entry.o)
    0x080000f4   0x080000f4   0x00000004   Code   RO         7198    .ARM.Collect$$$$00000001  mc_w.l(entry2.o)
    0x080000f8   0x080000f8   0x00000004   Code   RO         7201    .ARM.Collect$$$$00000004  mc_w.l(entry5.o)
    0x080000fc   0x080000fc   0x00000000   Code   RO         7203    .ARM.Collect$$$$00000008  mc_w.l(entry7b.o)
    0x080000fc   0x080000fc   0x00000000   Code   RO         7205    .ARM.Collect$$$$0000000A  mc_w.l(entry8b.o)
    0x080000fc   0x080000fc   0x00000008   Code   RO         7206    .ARM.Collect$$$$0000000B  mc_w.l(entry9a.o)
    0x08000104   0x08000104   0x00000000   Code   RO         7208    .ARM.Collect$$$$0000000D  mc_w.l(entry10a.o)
    0x08000104   0x08000104   0x00000000   Code   RO         7210    .ARM.Collect$$$$0000000F  mc_w.l(entry11a.o)
    0x08000104   0x08000104   0x00000004   Code   RO         7199    .ARM.Collect$$$$00002712  mc_w.l(entry2.o)
    0x08000108   0x08000108   0x00000024   Code   RO         1245    .text               startup_stm32l151xb.o
    0x0800012c   0x0800012c   0x00000024   Code   RO         6893    .text               mc_w.l(memcpya.o)
    0x08000150   0x08000150   0x00000024   Code   RO         6895    .text               mc_w.l(memseta.o)
    0x08000174   0x08000174   0x0000001e   Code   RO         6897    .text               mc_w.l(strncmp.o)
    0x08000192   0x08000192   0x0000001a   Code   RO         7162    .text               mc_w.l(atoi.o)
    0x080001ac   0x080001ac   0x000000b0   Code   RO         7164    .text               mf_w.l(fadd.o)
    0x0800025c   0x0800025c   0x00000064   Code   RO         7166    .text               mf_w.l(fmul.o)
    0x080002c0   0x080002c0   0x0000007c   Code   RO         7168    .text               mf_w.l(fdiv.o)
    0x0800033c   0x0800033c   0x0000014e   Code   RO         7170    .text               mf_w.l(dadd.o)
    0x0800048a   0x0800048a   0x000000e4   Code   RO         7172    .text               mf_w.l(dmul.o)
    0x0800056e   0x0800056e   0x000000de   Code   RO         7174    .text               mf_w.l(ddiv.o)
    0x0800064c   0x0800064c   0x0000000a   Code   RO         7178    .text               mf_w.l(ffltui.o)
    0x08000656   0x08000656   0x00000022   Code   RO         7180    .text               mf_w.l(dflti.o)
    0x08000678   0x08000678   0x0000001a   Code   RO         7182    .text               mf_w.l(dfltui.o)
    0x08000692   0x08000692   0x00000028   Code   RO         7184    .text               mf_w.l(ffixui.o)
    0x080006ba   0x080006ba   0x0000003e   Code   RO         7186    .text               mf_w.l(dfixi.o)
    0x080006f8   0x080006f8   0x00000032   Code   RO         7188    .text               mf_w.l(dfixui.o)
    0x0800072a   0x0800072a   0x00000026   Code   RO         7190    .text               mf_w.l(f2d.o)
    0x08000750   0x08000750   0x00000030   Code   RO         7192    .text               mf_w.l(cdcmple.o)
    0x08000780   0x08000780   0x00000030   Code   RO         7194    .text               mf_w.l(cdrcmple.o)
    0x080007b0   0x080007b0   0x0000002c   Code   RO         7213    .text               mc_w.l(uidiv.o)
    0x080007dc   0x080007dc   0x00000062   Code   RO         7215    .text               mc_w.l(uldiv.o)
    0x0800083e   0x0800083e   0x0000001e   Code   RO         7217    .text               mc_w.l(llshl.o)
    0x0800085c   0x0800085c   0x00000020   Code   RO         7219    .text               mc_w.l(llushr.o)
    0x0800087c   0x0800087c   0x00000024   Code   RO         7221    .text               mc_w.l(llsshr.o)
    0x080008a0   0x080008a0   0x00000070   Code   RO         7230    .text               mc_w.l(strtol.o)
    0x08000910   0x08000910   0x00000000   Code   RO         7232    .text               mc_w.l(iusefp.o)
    0x08000910   0x08000910   0x0000006e   Code   RO         7233    .text               mf_w.l(fepilogue.o)
    0x0800097e   0x0800097e   0x000000ba   Code   RO         7235    .text               mf_w.l(depilogue.o)
    0x08000a38   0x08000a38   0x00000088   Code   RO         7237    .text               mf_w.l(drnd.o)
    0x08000ac0   0x08000ac0   0x00000030   Code   RO         7239    .text               mf_w.l(dfixul.o)
    0x08000af0   0x08000af0   0x00000024   Code   RO         7241    .text               mc_w.l(init.o)
    0x08000b14   0x08000b14   0x00000008   Code   RO         7243    .text               mc_w.l(ctype_o.o)
    0x08000b1c   0x08000b1c   0x0000009e   Code   RO         7271    .text               mc_w.l(_strtoul.o)
    0x08000bba   0x08000bba   0x0000001c   Code   RO         7273    .text               mc_w.l(_chval.o)
    0x08000bd6   0x08000bd6   0x00000056   Code   RO         7283    .text               mc_w.l(__dczerorl2.o)
    0x08000c2c   0x08000c2c   0x00000052   Code   RO         1387    i.ADC_ConversionStop_Disable  stm32l1xx_hal_adc.o
    0x08000c7e   0x08000c7e   0x00000002   PAD
    0x08000c80   0x08000c80   0x00000088   Code   RO         1391    i.ADC_Enable        stm32l1xx_hal_adc.o
    0x08000d08   0x08000d08   0x000001ba   Code   RO         6850    i.AES_CMAC_Final    cmac.o
    0x08000ec2   0x08000ec2   0x00000022   Code   RO         6851    i.AES_CMAC_Init     cmac.o
    0x08000ee4   0x08000ee4   0x00000012   Code   RO         6852    i.AES_CMAC_SetKey   cmac.o
    0x08000ef6   0x08000ef6   0x000000e8   Code   RO         6853    i.AES_CMAC_Update   cmac.o
    0x08000fde   0x08000fde   0x00000002   PAD
    0x08000fe0   0x08000fe0   0x0000000c   Code   RO         6267    i.AdcDeInit         adc.o
    0x08000fec   0x08000fec   0x00000024   Code   RO         6268    i.AdcInit           adc.o
    0x08001010   0x08001010   0x00000034   Code   RO          306    i.AdcMcuConfig      adc-board.o
    0x08001044   0x08001044   0x00000054   Code   RO          307    i.AdcMcuInit        adc-board.o
    0x08001098   0x08001098   0x00000110   Code   RO          308    i.AdcMcuReadChannel  adc-board.o
    0x080011a8   0x080011a8   0x00000020   Code   RO         6269    i.AdcReadChannel    adc.o
    0x080011c8   0x080011c8   0x000001a4   Code   RO         3849    i.AddMacCommand     loramac.o
    0x0800136c   0x0800136c   0x00000018   Code   RO          595    i.BlockLowPowerDuringTask  rtc-board.o
    0x08001384   0x08001384   0x0000008c   Code   RO          720    i.BoardBatteryMeasureVolage  board.o
    0x08001410   0x08001410   0x00000028   Code   RO          721    i.BoardDeInitMcu    board.o
    0x08001438   0x08001438   0x00000014   Code   RO          722    i.BoardDisableIrq   board.o
    0x0800144c   0x0800144c   0x00000018   Code   RO          723    i.BoardEnableIrq    board.o
    0x08001464   0x08001464   0x0000007c   Code   RO          724    i.BoardGetBatteryLevel  board.o
    0x080014e0   0x080014e0   0x000000a0   Code   RO          728    i.BoardInitMcu      board.o
    0x08001580   0x08001580   0x0000007c   Code   RO          729    i.BoardInitPeriph   board.o
    0x080015fc   0x080015fc   0x00000010   Code   RO          730    i.BoardUnusedIoInit  board.o
    0x0800160c   0x0800160c   0x00000004   Code   RO         3739    i.BusFault_Handler  sysirqhandlers.o
    0x08001610   0x08001610   0x00000078   Code   RO         3850    i.CalculateBackOff  loramac.o
    0x08001688   0x08001688   0x0000003c   Code   RO          731    i.CalibrateSystemWakeupTime  board.o
    0x080016c4   0x080016c4   0x00000028   Code   RO         4652    i.CountChannels     regioncommon.o
    0x080016ec   0x080016ec   0x000000ce   Code   RO         4758    i.CountNbOfEnabledChannels  regioneu868.o
    0x080017ba   0x080017ba   0x00000002   PAD
    0x080017bc   0x080017bc   0x0000001c   Code   RO         1089    i.DHT11_Init        bsp_dht11.o
    0x080017d8   0x080017d8   0x00000002   Code   RO         3740    i.DebugMon_Handler  sysirqhandlers.o
    0x080017da   0x080017da   0x0000000c   Code   RO         6306    i.DelayMs           delay.o
    0x080017e6   0x080017e6   0x0000000e   Code   RO          358    i.EXTI0_IRQHandler  gpio-board.o
    0x080017f4   0x080017f4   0x00000038   Code   RO          359    i.EXTI15_10_IRQHandler  gpio-board.o
    0x0800182c   0x0800182c   0x0000000e   Code   RO          360    i.EXTI1_IRQHandler  gpio-board.o
    0x0800183a   0x0800183a   0x0000000e   Code   RO          361    i.EXTI2_IRQHandler  gpio-board.o
    0x08001848   0x08001848   0x0000000e   Code   RO          362    i.EXTI3_IRQHandler  gpio-board.o
    0x08001856   0x08001856   0x0000000e   Code   RO          363    i.EXTI4_IRQHandler  gpio-board.o
    0x08001864   0x08001864   0x0000002a   Code   RO          364    i.EXTI9_5_IRQHandler  gpio-board.o
    0x0800188e   0x0800188e   0x0000000c   Code   RO         6333    i.FifoInit          fifo.o
    0x0800189a   0x0800189a   0x00000014   Code   RO         6334    i.FifoNext          fifo.o
    0x080018ae   0x080018ae   0x0000001e   Code   RO         6335    i.FifoPop           fifo.o
    0x080018cc   0x080018cc   0x00000018   Code   RO         6336    i.FifoPush          fifo.o
    0x080018e4   0x080018e4   0x0000001c   Code   RO         1090    i.GPIO_DHT11_IN     bsp_dht11.o
    0x08001900   0x08001900   0x0000001c   Code   RO         1091    i.GPIO_DHT11_OUT    bsp_dht11.o
    0x0800191c   0x0800191c   0x00000034   Code   RO         4759    i.GetBandwidth      regioneu868.o
    0x08001950   0x08001950   0x00000004   Code   RO          732    i.GetBoardPowerSource  board.o
    0x08001954   0x08001954   0x00000038   Code   RO         6027    i.GetFskBandwidthRegValue  sx1276.o
    0x0800198c   0x0800198c   0x00000014   Code   RO         4760    i.GetNextLowerTxDr  regioneu868.o
    0x080019a0   0x080019a0   0x0000002c   Code   RO         6382    i.GpioInit          gpio.o
    0x080019cc   0x080019cc   0x00000168   Code   RO          365    i.GpioMcuInit       gpio-board.o
    0x08001b34   0x08001b34   0x0000001e   Code   RO          366    i.GpioMcuRead       gpio-board.o
    0x08001b52   0x08001b52   0x00000002   PAD
    0x08001b54   0x08001b54   0x00000148   Code   RO          368    i.GpioMcuSetInterrupt  gpio-board.o
    0x08001c9c   0x08001c9c   0x00000022   Code   RO          369    i.GpioMcuToggle     gpio-board.o
    0x08001cbe   0x08001cbe   0x00000026   Code   RO          370    i.GpioMcuWrite      gpio-board.o
    0x08001ce4   0x08001ce4   0x00000028   Code   RO         6385    i.GpioSetInterrupt  gpio.o
    0x08001d0c   0x08001d0c   0x00000018   Code   RO         6386    i.GpioToggle        gpio.o
    0x08001d24   0x08001d24   0x0000001c   Code   RO         6387    i.GpioWrite         gpio.o
    0x08001d40   0x08001d40   0x0000032c   Code   RO         6436    i.GpsConvertPositionFromStringToNumerical  gps.o
    0x0800206c   0x0800206c   0x000000e4   Code   RO         6437    i.GpsConvertPositionIntoBinary  gps.o
    0x08002150   0x08002150   0x00000068   Code   RO         6438    i.GpsFormatGpsData  gps.o
    0x080021b8   0x080021b8   0x00000048   Code   RO         6439    i.GpsGetLatestGpsAltitude  gps.o
    0x08002200   0x08002200   0x00000044   Code   RO         6441    i.GpsGetLatestGpsPositionDouble  gps.o
    0x08002244   0x08002244   0x00000020   Code   RO         6442    i.GpsGetPpsDetectedState  gps.o
    0x08002264   0x08002264   0x00000014   Code   RO         6444    i.GpsInit           gps.o
    0x08002278   0x08002278   0x00000088   Code   RO          465    i.GpsMcuInit        gps-board.o
    0x08002300   0x08002300   0x0000003c   Code   RO          466    i.GpsMcuInvertPpsTrigger  gps-board.o
    0x0800233c   0x0800233c   0x00000074   Code   RO          467    i.GpsMcuIrqNotify   gps-board.o
    0x080023b0   0x080023b0   0x00000002   Code   RO          468    i.GpsMcuOnPpsSignal  gps-board.o
    0x080023b2   0x080023b2   0x00000002   PAD
    0x080023b4   0x080023b4   0x00000010   Code   RO          470    i.GpsMcuStart       gps-board.o
    0x080023c4   0x080023c4   0x00000010   Code   RO          471    i.GpsMcuStop        gps-board.o
    0x080023d4   0x080023d4   0x0000006c   Code   RO         6445    i.GpsNmeaChecksum   gps.o
    0x08002440   0x08002440   0x00000042   Code   RO         6446    i.GpsNmeaValidateChecksum  gps.o
    0x08002482   0x08002482   0x00000002   PAD
    0x08002484   0x08002484   0x000004bc   Code   RO         6447    i.GpsParseGpsData   gps.o
    0x08002940   0x08002940   0x00000038   Code   RO         6450    i.GpsResetPosition  gps.o
    0x08002978   0x08002978   0x00000008   Code   RO         6451    i.GpsStart          gps.o
    0x08002980   0x08002980   0x00000008   Code   RO         6452    i.GpsStop           gps.o
    0x08002988   0x08002988   0x000001d8   Code   RO         1393    i.HAL_ADC_ConfigChannel  stm32l1xx_hal_adc.o
    0x08002b60   0x08002b60   0x0000012c   Code   RO         1396    i.HAL_ADC_DeInit    stm32l1xx_hal_adc.o
    0x08002c8c   0x08002c8c   0x00000008   Code   RO         1400    i.HAL_ADC_GetValue  stm32l1xx_hal_adc.o
    0x08002c94   0x08002c94   0x000001cc   Code   RO         1402    i.HAL_ADC_Init      stm32l1xx_hal_adc.o
    0x08002e60   0x08002e60   0x00000002   Code   RO         1404    i.HAL_ADC_MspDeInit  stm32l1xx_hal_adc.o
    0x08002e62   0x08002e62   0x00000002   Code   RO         1405    i.HAL_ADC_MspInit   stm32l1xx_hal_adc.o
    0x08002e64   0x08002e64   0x000000be   Code   RO         1406    i.HAL_ADC_PollForConversion  stm32l1xx_hal_adc.o
    0x08002f22   0x08002f22   0x0000008c   Code   RO         1408    i.HAL_ADC_Start     stm32l1xx_hal_adc.o
    0x08002fae   0x08002fae   0x00000002   PAD
    0x08002fb0   0x08002fb0   0x00000014   Code   RO         1255    i.HAL_DBGMCU_EnableDBGSleepMode  stm32l1xx_hal.o
    0x08002fc4   0x08002fc4   0x00000014   Code   RO         1256    i.HAL_DBGMCU_EnableDBGStandbyMode  stm32l1xx_hal.o
    0x08002fd8   0x08002fd8   0x00000014   Code   RO         1257    i.HAL_DBGMCU_EnableDBGStopMode  stm32l1xx_hal.o
    0x08002fec   0x08002fec   0x0000001a   Code   RO         1259    i.HAL_Delay         stm32l1xx_hal.o
    0x08003006   0x08003006   0x00000002   PAD
    0x08003008   0x08003008   0x0000002c   Code   RO          371    i.HAL_GPIO_EXTI_Callback  gpio-board.o
    0x08003034   0x08003034   0x0000001c   Code   RO         1727    i.HAL_GPIO_EXTI_IRQHandler  stm32l1xx_hal_gpio.o
    0x08003050   0x08003050   0x000001d0   Code   RO         1728    i.HAL_GPIO_Init     stm32l1xx_hal_gpio.o
    0x08003220   0x08003220   0x00000010   Code   RO         1730    i.HAL_GPIO_ReadPin  stm32l1xx_hal_gpio.o
    0x08003230   0x08003230   0x00000008   Code   RO         1731    i.HAL_GPIO_TogglePin  stm32l1xx_hal_gpio.o
    0x08003238   0x08003238   0x0000000c   Code   RO         1732    i.HAL_GPIO_WritePin  stm32l1xx_hal_gpio.o
    0x08003244   0x08003244   0x0000000c   Code   RO         1263    i.HAL_GetTick       stm32l1xx_hal.o
    0x08003250   0x08003250   0x00000174   Code   RO         1802    i.HAL_I2C_Init      stm32l1xx_hal_i2c.o
    0x080033c4   0x080033c4   0x00000304   Code   RO         1818    i.HAL_I2C_Mem_Read  stm32l1xx_hal_i2c.o
    0x080036c8   0x080036c8   0x0000018c   Code   RO         1821    i.HAL_I2C_Mem_Write  stm32l1xx_hal_i2c.o
    0x08003854   0x08003854   0x00000002   Code   RO         1825    i.HAL_I2C_MspInit   stm32l1xx_hal_i2c.o
    0x08003856   0x08003856   0x00000002   PAD
    0x08003858   0x08003858   0x00000010   Code   RO         1264    i.HAL_IncTick       stm32l1xx_hal.o
    0x08003868   0x08003868   0x00000016   Code   RO         1265    i.HAL_Init          stm32l1xx_hal.o
    0x0800387e   0x0800387e   0x00000002   PAD
    0x08003880   0x08003880   0x00000028   Code   RO         1266    i.HAL_InitTick      stm32l1xx_hal.o
    0x080038a8   0x080038a8   0x00000002   Code   RO         1268    i.HAL_MspInit       stm32l1xx_hal.o
    0x080038aa   0x080038aa   0x00000002   PAD
    0x080038ac   0x080038ac   0x0000001c   Code   RO         3613    i.HAL_NVIC_DisableIRQ  stm32l1xx_hal_cortex.o
    0x080038c8   0x080038c8   0x0000001a   Code   RO         3614    i.HAL_NVIC_EnableIRQ  stm32l1xx_hal_cortex.o
    0x080038e2   0x080038e2   0x0000007c   Code   RO         3620    i.HAL_NVIC_SetPriority  stm32l1xx_hal_cortex.o
    0x0800395e   0x0800395e   0x00000002   PAD
    0x08003960   0x08003960   0x00000028   Code   RO         3621    i.HAL_NVIC_SetPriorityGrouping  stm32l1xx_hal_cortex.o
    0x08003988   0x08003988   0x00000018   Code   RO         2347    i.HAL_PWREx_EnableFastWakeUp  stm32l1xx_hal_pwr_ex.o
    0x080039a0   0x080039a0   0x00000018   Code   RO         2349    i.HAL_PWREx_EnableUltraLowPower  stm32l1xx_hal_pwr_ex.o
    0x080039b8   0x080039b8   0x00000010   Code   RO         2350    i.HAL_PWREx_GetVoltageRange  stm32l1xx_hal_pwr_ex.o
    0x080039c8   0x080039c8   0x00000018   Code   RO         2227    i.HAL_PWR_DisablePVD  stm32l1xx_hal_pwr.o
    0x080039e0   0x080039e0   0x00000040   Code   RO         2238    i.HAL_PWR_EnterSTOPMode  stm32l1xx_hal_pwr.o
    0x08003a20   0x08003a20   0x000001d4   Code   RO         2513    i.HAL_RCCEx_PeriphCLKConfig  stm32l1xx_hal_rcc_ex.o
    0x08003bf4   0x08003bf4   0x000002e8   Code   RO         2405    i.HAL_RCC_ClockConfig  stm32l1xx_hal_rcc.o
    0x08003edc   0x08003edc   0x0000000c   Code   RO         2410    i.HAL_RCC_GetHCLKFreq  stm32l1xx_hal_rcc.o
    0x08003ee8   0x08003ee8   0x0000002c   Code   RO         2412    i.HAL_RCC_GetPCLK1Freq  stm32l1xx_hal_rcc.o
    0x08003f14   0x08003f14   0x0000002c   Code   RO         2413    i.HAL_RCC_GetPCLK2Freq  stm32l1xx_hal_rcc.o
    0x08003f40   0x08003f40   0x000000b4   Code   RO         2414    i.HAL_RCC_GetSysClockFreq  stm32l1xx_hal_rcc.o
    0x08003ff4   0x08003ff4   0x000009bc   Code   RO         2417    i.HAL_RCC_OscConfig  stm32l1xx_hal_rcc.o
    0x080049b0   0x080049b0   0x00000002   Code   RO         2655    i.HAL_RTCEx_AlarmBEventCallback  stm32l1xx_hal_rtc_ex.o
    0x080049b2   0x080049b2   0x00000098   Code   RO         2663    i.HAL_RTCEx_DeactivateWakeUpTimer  stm32l1xx_hal_rtc_ex.o
    0x08004a4a   0x08004a4a   0x00000002   Code   RO         2547    i.HAL_RTC_AlarmAEventCallback  stm32l1xx_hal_rtc.o
    0x08004a4c   0x08004a4c   0x0000006c   Code   RO         2548    i.HAL_RTC_AlarmIRQHandler  stm32l1xx_hal_rtc.o
    0x08004ab8   0x08004ab8   0x000000f4   Code   RO         2550    i.HAL_RTC_DeactivateAlarm  stm32l1xx_hal_rtc.o
    0x08004bac   0x08004bac   0x00000082   Code   RO         2685    i.HAL_RTC_GetAlarm  stm32l1xx_hal_rtc_ex.o
    0x08004c2e   0x08004c2e   0x00000002   PAD
    0x08004c30   0x08004c30   0x0000004c   Code   RO         2551    i.HAL_RTC_GetDate   stm32l1xx_hal_rtc.o
    0x08004c7c   0x08004c7c   0x00000054   Code   RO         2686    i.HAL_RTC_GetTime   stm32l1xx_hal_rtc_ex.o
    0x08004cd0   0x08004cd0   0x000000b4   Code   RO         2553    i.HAL_RTC_Init      stm32l1xx_hal_rtc.o
    0x08004d84   0x08004d84   0x00000002   Code   RO         2555    i.HAL_RTC_MspInit   stm32l1xx_hal_rtc.o
    0x08004d86   0x08004d86   0x00000002   PAD
    0x08004d88   0x08004d88   0x00000210   Code   RO         2688    i.HAL_RTC_SetAlarm_IT  stm32l1xx_hal_rtc_ex.o
    0x08004f98   0x08004f98   0x00000108   Code   RO         2557    i.HAL_RTC_SetDate   stm32l1xx_hal_rtc.o
    0x080050a0   0x080050a0   0x0000012c   Code   RO         2558    i.HAL_RTC_SetTime   stm32l1xx_hal_rtc.o
    0x080051cc   0x080051cc   0x0000003a   Code   RO         2689    i.HAL_RTC_WaitForSynchro  stm32l1xx_hal_rtc_ex.o
    0x08005206   0x08005206   0x00000030   Code   RO         2886    i.HAL_SPI_DeInit    stm32l1xx_hal_spi.o
    0x08005236   0x08005236   0x0000007c   Code   RO         3122    i.HAL_SPI_Init      stm32l1xx_hal_spi_ex.o
    0x080052b2   0x080052b2   0x00000002   Code   RO         2892    i.HAL_SPI_MspDeInit  stm32l1xx_hal_spi.o
    0x080052b4   0x080052b4   0x00000002   Code   RO         2893    i.HAL_SPI_MspInit   stm32l1xx_hal_spi.o
    0x080052b6   0x080052b6   0x00000028   Code   RO         3623    i.HAL_SYSTICK_CLKSourceConfig  stm32l1xx_hal_cortex.o
    0x080052de   0x080052de   0x00000002   Code   RO         3624    i.HAL_SYSTICK_Callback  stm32l1xx_hal_cortex.o
    0x080052e0   0x080052e0   0x00000034   Code   RO         3625    i.HAL_SYSTICK_Config  stm32l1xx_hal_cortex.o
    0x08005314   0x08005314   0x00000008   Code   RO         3626    i.HAL_SYSTICK_IRQHandler  stm32l1xx_hal_cortex.o
    0x0800531c   0x0800531c   0x00000040   Code   RO          983    i.HAL_UART_ErrorCallback  uart-board.o
    0x0800535c   0x0800535c   0x000000da   Code   RO         3161    i.HAL_UART_IRQHandler  stm32l1xx_hal_uart.o
    0x08005436   0x08005436   0x0000006e   Code   RO         3162    i.HAL_UART_Init     stm32l1xx_hal_uart.o
    0x080054a4   0x080054a4   0x00000002   Code   RO         3164    i.HAL_UART_MspInit  stm32l1xx_hal_uart.o
    0x080054a6   0x080054a6   0x00000086   Code   RO         3167    i.HAL_UART_Receive_IT  stm32l1xx_hal_uart.o
    0x0800552c   0x0800552c   0x00000078   Code   RO          984    i.HAL_UART_RxCpltCallback  uart-board.o
    0x080055a4   0x080055a4   0x000000f0   Code   RO         3170    i.HAL_UART_Transmit  stm32l1xx_hal_uart.o
    0x08005694   0x08005694   0x0000006e   Code   RO         3172    i.HAL_UART_Transmit_IT  stm32l1xx_hal_uart.o
    0x08005702   0x08005702   0x00000002   PAD
    0x08005704   0x08005704   0x00000040   Code   RO          985    i.HAL_UART_TxCpltCallback  uart-board.o
    0x08005744   0x08005744   0x00000034   Code   RO         1840    i.I2C_IsAcknowledgeFailed  stm32l1xx_hal_i2c.o
    0x08005778   0x08005778   0x00000158   Code   RO         1850    i.I2C_RequestMemoryRead  stm32l1xx_hal_i2c.o
    0x080058d0   0x080058d0   0x000000e0   Code   RO         1851    i.I2C_RequestMemoryWrite  stm32l1xx_hal_i2c.o
    0x080059b0   0x080059b0   0x00000056   Code   RO         1859    i.I2C_WaitOnBTFFlagUntilTimeout  stm32l1xx_hal_i2c.o
    0x08005a06   0x08005a06   0x0000007c   Code   RO         1860    i.I2C_WaitOnFlagUntilTimeout  stm32l1xx_hal_i2c.o
    0x08005a82   0x08005a82   0x000000ac   Code   RO         1861    i.I2C_WaitOnMasterAddressFlagUntilTimeout  stm32l1xx_hal_i2c.o
    0x08005b2e   0x08005b2e   0x0000006e   Code   RO         1862    i.I2C_WaitOnRXNEFlagUntilTimeout  stm32l1xx_hal_i2c.o
    0x08005b9c   0x08005b9c   0x00000056   Code   RO         1864    i.I2C_WaitOnTXEFlagUntilTimeout  stm32l1xx_hal_i2c.o
    0x08005bf2   0x08005bf2   0x00000002   PAD
    0x08005bf4   0x08005bf4   0x0000003c   Code   RO         6564    i.I2cInit           i2c.o
    0x08005c30   0x08005c30   0x00000060   Code   RO          530    i.I2cMcuFormat      i2c-board.o
    0x08005c90   0x08005c90   0x00000084   Code   RO          531    i.I2cMcuInit        i2c-board.o
    0x08005d14   0x08005d14   0x00000054   Code   RO          532    i.I2cMcuReadBuffer  i2c-board.o
    0x08005d68   0x08005d68   0x00000054   Code   RO          534    i.I2cMcuWriteBuffer  i2c-board.o
    0x08005dbc   0x08005dbc   0x00000034   Code   RO         6566    i.I2cReadBuffer     i2c.o
    0x08005df0   0x08005df0   0x0000004c   Code   RO         6569    i.I2cWriteBuffer    i2c.o
    0x08005e3c   0x08005e3c   0x00000012   Code   RO         6337    i.IsFifoEmpty       fifo.o
    0x08005e4e   0x08005e4e   0x0000001a   Code   RO         6338    i.IsFifoFull        fifo.o
    0x08005e68   0x08005e68   0x00000016   Code   RO         5683    i.LIS3DH_GetInt1Src  lis3dh.o
    0x08005e7e   0x08005e7e   0x0000002c   Code   RO         5689    i.LIS3DH_GetTempRaw  lis3dh.o
    0x08005eaa   0x08005eaa   0x00000038   Code   RO         5690    i.LIS3DH_HPFAOI1Enable  lis3dh.o
    0x08005ee2   0x08005ee2   0x00000002   PAD
    0x08005ee4   0x08005ee4   0x000000e8   Code   RO         5693    i.LIS3DH_Init       lis3dh.o
    0x08005fcc   0x08005fcc   0x0000003c   Code   RO         5694    i.LIS3DH_Int1LatchEnable  lis3dh.o
    0x08006008   0x08006008   0x00000040   Code   RO         5696    i.LIS3DH_ReadReg    lis3dh.o
    0x08006048   0x08006048   0x0000003c   Code   RO         5699    i.LIS3DH_SetAxis    lis3dh.o
    0x08006084   0x08006084   0x0000003c   Code   RO         5700    i.LIS3DH_SetBDU     lis3dh.o
    0x080060c0   0x080060c0   0x0000003c   Code   RO         5707    i.LIS3DH_SetFilterDataSel  lis3dh.o
    0x080060fc   0x080060fc   0x0000003c   Code   RO         5708    i.LIS3DH_SetFullScale  lis3dh.o
    0x08006138   0x08006138   0x0000001e   Code   RO         5711    i.LIS3DH_SetInt1Duration  lis3dh.o
    0x08006156   0x08006156   0x00000032   Code   RO         5712    i.LIS3DH_SetInt1Pin  lis3dh.o
    0x08006188   0x08006188   0x0000001e   Code   RO         5713    i.LIS3DH_SetInt1Threshold  lis3dh.o
    0x080061a6   0x080061a6   0x00000032   Code   RO         5714    i.LIS3DH_SetInt2Pin  lis3dh.o
    0x080061d8   0x080061d8   0x000000ba   Code   RO         5715    i.LIS3DH_SetInt6D4DConfiguration  lis3dh.o
    0x08006292   0x08006292   0x00000038   Code   RO         5716    i.LIS3DH_SetIntConfiguration  lis3dh.o
    0x080062ca   0x080062ca   0x0000003c   Code   RO         5717    i.LIS3DH_SetIntMode  lis3dh.o
    0x08006306   0x08006306   0x00000002   PAD
    0x08006308   0x08006308   0x000000d4   Code   RO         5718    i.LIS3DH_SetMode    lis3dh.o
    0x080063dc   0x080063dc   0x0000003c   Code   RO         5719    i.LIS3DH_SetODR     lis3dh.o
    0x08006418   0x08006418   0x00000048   Code   RO         5722    i.LIS3DH_SetTemperature  lis3dh.o
    0x08006460   0x08006460   0x0000003c   Code   RO         5725    i.LIS3DH_WriteReg   lis3dh.o
    0x0800649c   0x0800649c   0x00000014   Code   RO         4761    i.LimitTxPower      regioneu868.o
    0x080064b0   0x080064b0   0x00000020   Code   RO         5727    i.Lis3dhGetIntState  lis3dh.o
    0x080064d0   0x080064d0   0x0000000c   Code   RO         5728    i.Lis3dh_Event      lis3dh.o
    0x080064dc   0x080064dc   0x00000034   Code   RO         5729    i.Lis3dh_IntEventClear  lis3dh.o
    0x08006510   0x08006510   0x00000094   Code   RO         4090    i.LoRaMacComputeMic  loramaccrypto.o
    0x080065a4   0x080065a4   0x00000370   Code   RO         3853    i.LoRaMacInitialization  loramac.o
    0x08006914   0x08006914   0x00000058   Code   RO         4091    i.LoRaMacJoinComputeMic  loramaccrypto.o
    0x0800696c   0x0800696c   0x00000094   Code   RO         4092    i.LoRaMacJoinComputeSKeys  loramaccrypto.o
    0x08006a00   0x08006a00   0x00000044   Code   RO         4093    i.LoRaMacJoinDecrypt  loramaccrypto.o
    0x08006a44   0x08006a44   0x00000180   Code   RO         3854    i.LoRaMacMcpsRequest  loramac.o
    0x08006bc4   0x08006bc4   0x000001a4   Code   RO         3855    i.LoRaMacMibGetRequestConfirm  loramac.o
    0x08006d68   0x08006d68   0x00000354   Code   RO         3856    i.LoRaMacMibSetRequestConfirm  loramac.o
    0x080070bc   0x080070bc   0x000001a4   Code   RO         3857    i.LoRaMacMlmeRequest  loramac.o
    0x08007260   0x08007260   0x00000028   Code   RO         4094    i.LoRaMacPayloadDecrypt  loramaccrypto.o
    0x08007288   0x08007288   0x000000e0   Code   RO         4095    i.LoRaMacPayloadEncrypt  loramaccrypto.o
    0x08007368   0x08007368   0x000000f4   Code   RO         3860    i.LoRaMacQueryTxPossible  loramac.o
    0x0800745c   0x0800745c   0x00000024   Code   RO         3863    i.LoRaMacTestSetDutyCycleOn  loramac.o
    0x08007480   0x08007480   0x00000028   Code   RO            4    i.McpsConfirm       main.o
    0x080074a8   0x080074a8   0x000002c8   Code   RO            5    i.McpsIndication    main.o
    0x08007770   0x08007770   0x00000004   Code   RO         3741    i.MemManage_Handler  sysirqhandlers.o
    0x08007774   0x08007774   0x00000088   Code   RO            6    i.MlmeConfirm       main.o
    0x080077fc   0x080077fc   0x00000002   Code   RO         3742    i.NMI_Handler       sysirqhandlers.o
    0x080077fe   0x080077fe   0x00000002   PAD
    0x08007800   0x08007800   0x00000010   Code   RO         3627    i.NVIC_GetPriorityGrouping  stm32l1xx_hal_cortex.o
    0x08007810   0x08007810   0x00000028   Code   RO         3628    i.NVIC_SetPriority  stm32l1xx_hal_cortex.o
    0x08007838   0x08007838   0x0000001e   Code   RO         3787    i.Nibble2HexChar    utilities.o
    0x08007856   0x08007856   0x00000002   PAD
    0x08007858   0x08007858   0x00000050   Code   RO         3865    i.OnAckTimeoutTimerEvent  loramac.o
    0x080078a8   0x080078a8   0x0000000c   Code   RO          733    i.OnCalibrateSystemWakeupTimeTimerEvent  board.o
    0x080078b4   0x080078b4   0x00000020   Code   RO            7    i.OnLed1TimerEvent  main.o
    0x080078d4   0x080078d4   0x0000001c   Code   RO            8    i.OnLed2TimerEvent  main.o
    0x080078f0   0x080078f0   0x000003cc   Code   RO         3866    i.OnMacStateCheckTimerEvent  loramac.o
    0x08007cbc   0x08007cbc   0x000006c0   Code   RO         3867    i.OnRadioRxDone     loramac.o
    0x0800837c   0x0800837c   0x00000098   Code   RO         3868    i.OnRadioRxError    loramac.o
    0x08008414   0x08008414   0x000000a0   Code   RO         3869    i.OnRadioRxTimeout  loramac.o
    0x080084b4   0x080084b4   0x0000015c   Code   RO         3870    i.OnRadioTxDone     loramac.o
    0x08008610   0x08008610   0x00000044   Code   RO         3871    i.OnRadioTxTimeout  loramac.o
    0x08008654   0x08008654   0x00000094   Code   RO         3872    i.OnRxWindow1TimerEvent  loramac.o
    0x080086e8   0x080086e8   0x00000084   Code   RO         3873    i.OnRxWindow2TimerEvent  loramac.o
    0x0800876c   0x0800876c   0x00000094   Code   RO         3874    i.OnTxDelayedTimerEvent  loramac.o
    0x08008800   0x08008800   0x00000044   Code   RO            9    i.OnTxNextPacketTimerEvent  main.o
    0x08008844   0x08008844   0x0000007a   Code   RO         3875    i.ParseMacCommandsToRepeat  loramac.o
    0x080088be   0x080088be   0x00000002   PAD
    0x080088c0   0x080088c0   0x00000424   Code   RO         3876    i.PrepareFrame      loramac.o
    0x08008ce4   0x08008ce4   0x00000054   Code   RO         3877    i.PrepareRxDoneAbort  loramac.o
    0x08008d38   0x08008d38   0x000003d8   Code   RO           10    i.PrepareTxFrame    main.o
    0x08009110   0x08009110   0x00000384   Code   RO         3878    i.ProcessMacCommands  loramac.o
    0x08009494   0x08009494   0x000000a8   Code   RO         2418    i.RCC_SetFlashLatencyFromMSIRange  stm32l1xx_hal_rcc.o
    0x0800953c   0x0800953c   0x00000058   Code   RO         1092    i.READ_DATA_8BIT    bsp_dht11.o
    0x08009594   0x08009594   0x0000002c   Code   RO          596    i.RTC_Alarm_IRQHandler  rtc-board.o
    0x080095c0   0x080095c0   0x00000016   Code   RO         2559    i.RTC_Bcd2ToByte    stm32l1xx_hal_rtc.o
    0x080095d6   0x080095d6   0x0000001a   Code   RO         2560    i.RTC_ByteToBcd2    stm32l1xx_hal_rtc.o
    0x080095f0   0x080095f0   0x0000003e   Code   RO         2561    i.RTC_EnterInitMode  stm32l1xx_hal_rtc.o
    0x0800962e   0x0800962e   0x00000002   PAD
    0x08009630   0x08009630   0x00000098   Code   RO         1093    i.Read_TempAndHumidity  bsp_dht11.o
    0x080096c8   0x080096c8   0x00000028   Code   RO         4141    i.RegionAdrNext     region.o
    0x080096f0   0x080096f0   0x00000016   Code   RO         4142    i.RegionAlternateDr  region.o
    0x08009706   0x08009706   0x00000018   Code   RO         4143    i.RegionApplyCFList  region.o
    0x0800971e   0x0800971e   0x00000022   Code   RO         4144    i.RegionApplyDrOffset  region.o
    0x08009740   0x08009740   0x00000018   Code   RO         4145    i.RegionCalcBackOff  region.o
    0x08009758   0x08009758   0x00000016   Code   RO         4146    i.RegionChanMaskSet  region.o
    0x0800976e   0x0800976e   0x00000088   Code   RO         4653    i.RegionCommonCalcBackOff  regioncommon.o
    0x080097f6   0x080097f6   0x00000046   Code   RO         4654    i.RegionCommonChanDisable  regioncommon.o
    0x0800983c   0x0800983c   0x0000001e   Code   RO         4655    i.RegionCommonChanMaskCopy  regioncommon.o
    0x0800985a   0x0800985a   0x00000082   Code   RO         4656    i.RegionCommonChanVerifyDr  regioncommon.o
    0x080098dc   0x080098dc   0x00000120   Code   RO         4657    i.RegionCommonComputeRxWindowParameters  regioncommon.o
    0x080099fc   0x080099fc   0x00000020   Code   RO         4658    i.RegionCommonComputeSymbolTimeFsk  regioncommon.o
    0x08009a1c   0x08009a1c   0x00000038   Code   RO         4659    i.RegionCommonComputeSymbolTimeLoRa  regioncommon.o
    0x08009a54   0x08009a54   0x00000040   Code   RO         4660    i.RegionCommonComputeTxPower  regioncommon.o
    0x08009a94   0x08009a94   0x00000036   Code   RO         4661    i.RegionCommonCountChannels  regioncommon.o
    0x08009aca   0x08009aca   0x00000002   PAD
    0x08009acc   0x08009acc   0x00000028   Code   RO         4662    i.RegionCommonGetJoinDc  regioncommon.o
    0x08009af4   0x08009af4   0x0000009c   Code   RO         4663    i.RegionCommonLinkAdrReqVerifyParams  regioncommon.o
    0x08009b90   0x08009b90   0x00000048   Code   RO         4664    i.RegionCommonParseLinkAdrReq  regioncommon.o
    0x08009bd8   0x08009bd8   0x0000000e   Code   RO         4665    i.RegionCommonSetBandTxDone  regioncommon.o
    0x08009be6   0x08009be6   0x00000106   Code   RO         4666    i.RegionCommonUpdateBandTimeOff  regioncommon.o
    0x08009cec   0x08009cec   0x00000012   Code   RO         4667    i.RegionCommonValueInRange  regioncommon.o
    0x08009cfe   0x08009cfe   0x0000002a   Code   RO         4149    i.RegionComputeRxWindowParameters  region.o
    0x08009d28   0x08009d28   0x00000016   Code   RO         4150    i.RegionDlChannelReq  region.o
    0x08009d3e   0x08009d3e   0x00000002   PAD
    0x08009d40   0x08009d40   0x00000094   Code   RO         4762    i.RegionEU868AdrNext  regioneu868.o
    0x08009dd4   0x08009dd4   0x0000006a   Code   RO         4763    i.RegionEU868AlternateDr  regioneu868.o
    0x08009e3e   0x08009e3e   0x00000086   Code   RO         4764    i.RegionEU868ApplyCFList  regioneu868.o
    0x08009ec4   0x08009ec4   0x00000012   Code   RO         4765    i.RegionEU868ApplyDrOffset  regioneu868.o
    0x08009ed6   0x08009ed6   0x00000002   PAD
    0x08009ed8   0x08009ed8   0x00000040   Code   RO         4766    i.RegionEU868CalcBackOff  regioneu868.o
    0x08009f18   0x08009f18   0x00000038   Code   RO         4767    i.RegionEU868ChanMaskSet  regioneu868.o
    0x08009f50   0x08009f50   0x000000f4   Code   RO         4768    i.RegionEU868ChannelAdd  regioneu868.o
    0x0800a044   0x0800a044   0x0000003c   Code   RO         4769    i.RegionEU868ChannelsRemove  regioneu868.o
    0x0800a080   0x0800a080   0x00000078   Code   RO         4770    i.RegionEU868ComputeRxWindowParameters  regioneu868.o
    0x0800a0f8   0x0800a0f8   0x00000048   Code   RO         4771    i.RegionEU868DlChannelReq  regioneu868.o
    0x0800a140   0x0800a140   0x00000128   Code   RO         4772    i.RegionEU868GetPhyParam  regioneu868.o
    0x0800a268   0x0800a268   0x0000008c   Code   RO         4773    i.RegionEU868InitDefaults  regioneu868.o
    0x0800a2f4   0x0800a2f4   0x00000184   Code   RO         4774    i.RegionEU868LinkAdrReq  regioneu868.o
    0x0800a478   0x0800a478   0x0000005e   Code   RO         4775    i.RegionEU868NewChannelReq  regioneu868.o
    0x0800a4d6   0x0800a4d6   0x00000002   PAD
    0x0800a4d8   0x0800a4d8   0x000000dc   Code   RO         4776    i.RegionEU868NextChannel  regioneu868.o
    0x0800a5b4   0x0800a5b4   0x00000120   Code   RO         4777    i.RegionEU868RxConfig  regioneu868.o
    0x0800a6d4   0x0800a6d4   0x00000040   Code   RO         4778    i.RegionEU868RxParamSetupReq  regioneu868.o
    0x0800a714   0x0800a714   0x0000002c   Code   RO         4779    i.RegionEU868SetBandTxDone  regioneu868.o
    0x0800a740   0x0800a740   0x0000006c   Code   RO         4780    i.RegionEU868SetContinuousWave  regioneu868.o
    0x0800a7ac   0x0800a7ac   0x00000118   Code   RO         4781    i.RegionEU868TxConfig  regioneu868.o
    0x0800a8c4   0x0800a8c4   0x00000008   Code   RO         4782    i.RegionEU868TxParamSetupReq  regioneu868.o
    0x0800a8cc   0x0800a8cc   0x0000009c   Code   RO         4783    i.RegionEU868Verify  regioneu868.o
    0x0800a968   0x0800a968   0x0000001c   Code   RO         4151    i.RegionGetPhyParam  region.o
    0x0800a984   0x0800a984   0x00000018   Code   RO         4152    i.RegionInitDefaults  region.o
    0x0800a99c   0x0800a99c   0x0000000e   Code   RO         4153    i.RegionIsActive    region.o
    0x0800a9aa   0x0800a9aa   0x0000002c   Code   RO         4154    i.RegionLinkAdrReq  region.o
    0x0800a9d6   0x0800a9d6   0x00000016   Code   RO         4155    i.RegionNewChannelReq  region.o
    0x0800a9ec   0x0800a9ec   0x00000028   Code   RO         4156    i.RegionNextChannel  region.o
    0x0800aa14   0x0800aa14   0x0000001a   Code   RO         4157    i.RegionRxConfig    region.o
    0x0800aa2e   0x0800aa2e   0x00000016   Code   RO         4158    i.RegionRxParamSetupReq  region.o
    0x0800aa44   0x0800aa44   0x0000001a   Code   RO         4159    i.RegionSetBandTxDone  region.o
    0x0800aa5e   0x0800aa5e   0x00000018   Code   RO         4160    i.RegionSetContinuousWave  region.o
    0x0800aa76   0x0800aa76   0x00000022   Code   RO         4161    i.RegionTxConfig    region.o
    0x0800aa98   0x0800aa98   0x00000016   Code   RO         4162    i.RegionTxParamSetupReq  region.o
    0x0800aaae   0x0800aaae   0x0000001a   Code   RO         4163    i.RegionVerify      region.o
    0x0800aac8   0x0800aac8   0x00000108   Code   RO         3879    i.ResetMacParameters  loramac.o
    0x0800abd0   0x0800abd0   0x0000003c   Code   RO          597    i.RtcCheckCalendarRollOver  rtc-board.o
    0x0800ac0c   0x0800ac0c   0x00000024   Code   RO          598    i.RtcComputeElapsedTime  rtc-board.o
    0x0800ac30   0x0800ac30   0x0000025c   Code   RO          600    i.RtcComputeTimerTimeToAlarmTick  rtc-board.o
    0x0800ae8c   0x0800ae8c   0x000000a4   Code   RO          601    i.RtcComputeWakeUpTime  rtc-board.o
    0x0800af30   0x0800af30   0x00000184   Code   RO          602    i.RtcConvertCalendarTickToTimerTime  rtc-board.o
    0x0800b0b4   0x0800b0b4   0x00000044   Code   RO          604    i.RtcEnterLowPowerStopMode  rtc-board.o
    0x0800b0f8   0x0800b0f8   0x0000004c   Code   RO          605    i.RtcGetAdjustedTimeoutValue  rtc-board.o
    0x0800b144   0x0800b144   0x00000044   Code   RO          606    i.RtcGetCalendar    rtc-board.o
    0x0800b188   0x0800b188   0x0000002c   Code   RO          607    i.RtcGetElapsedAlarmTime  rtc-board.o
    0x0800b1b4   0x0800b1b4   0x0000000a   Code   RO          608    i.RtcGetTimerValue  rtc-board.o
    0x0800b1be   0x0800b1be   0x00000002   PAD
    0x0800b1c0   0x0800b1c0   0x000000b0   Code   RO          609    i.RtcInit           rtc-board.o
    0x0800b270   0x0800b270   0x00000048   Code   RO          610    i.RtcRecoverMcuStatus  rtc-board.o
    0x0800b2b8   0x0800b2b8   0x0000000c   Code   RO          611    i.RtcSetTimeout     rtc-board.o
    0x0800b2c4   0x0800b2c4   0x00000098   Code   RO          612    i.RtcStartWakeUpAlarm  rtc-board.o
    0x0800b35c   0x0800b35c   0x000000b8   Code   RO         6028    i.RxChainCalibration  sx1276.o
    0x0800b414   0x0800b414   0x00000020   Code   RO         3880    i.RxWindowSetup     loramac.o
    0x0800b434   0x0800b434   0x00000048   Code   RO          890    i.SX1276AntSwDeInit  sx1276-board.o
    0x0800b47c   0x0800b47c   0x0000004c   Code   RO          891    i.SX1276AntSwInit   sx1276-board.o
    0x0800b4c8   0x0800b4c8   0x00000006   Code   RO          892    i.SX1276CheckRfFrequency  sx1276-board.o
    0x0800b4ce   0x0800b4ce   0x00000006   Code   RO          893    i.SX1276GetPaSelect  sx1276-board.o
    0x0800b4d4   0x0800b4d4   0x0000000c   Code   RO         6029    i.SX1276GetStatus   sx1276.o
    0x0800b4e0   0x0800b4e0   0x0000029c   Code   RO         6030    i.SX1276GetTimeOnAir  sx1276.o
    0x0800b77c   0x0800b77c   0x00000094   Code   RO         6031    i.SX1276Init        sx1276.o
    0x0800b810   0x0800b810   0x00000080   Code   RO          894    i.SX1276IoDeInit    sx1276-board.o
    0x0800b890   0x0800b890   0x00000088   Code   RO          895    i.SX1276IoInit      sx1276-board.o
    0x0800b918   0x0800b918   0x0000005c   Code   RO          896    i.SX1276IoIrqInit   sx1276-board.o
    0x0800b974   0x0800b974   0x00000060   Code   RO         6032    i.SX1276IsChannelFree  sx1276.o
    0x0800b9d4   0x0800b9d4   0x0000039c   Code   RO         6033    i.SX1276OnDio0Irq   sx1276.o
    0x0800bd70   0x0800bd70   0x000001a8   Code   RO         6034    i.SX1276OnDio1Irq   sx1276.o
    0x0800bf18   0x0800bf18   0x00000154   Code   RO         6035    i.SX1276OnDio2Irq   sx1276.o
    0x0800c06c   0x0800c06c   0x00000070   Code   RO         6036    i.SX1276OnDio3Irq   sx1276.o
    0x0800c0dc   0x0800c0dc   0x0000002c   Code   RO         6037    i.SX1276OnDio4Irq   sx1276.o
    0x0800c108   0x0800c108   0x0000010c   Code   RO         6039    i.SX1276OnTimeoutIrq  sx1276.o
    0x0800c214   0x0800c214   0x00000040   Code   RO         6040    i.SX1276Random      sx1276.o
    0x0800c254   0x0800c254   0x00000014   Code   RO         6041    i.SX1276Read        sx1276.o
    0x0800c268   0x0800c268   0x00000048   Code   RO         6042    i.SX1276ReadBuffer  sx1276.o
    0x0800c2b0   0x0800c2b0   0x00000012   Code   RO         6043    i.SX1276ReadFifo    sx1276.o
    0x0800c2c2   0x0800c2c2   0x00000002   PAD
    0x0800c2c4   0x0800c2c4   0x00000054   Code   RO         6044    i.SX1276ReadRssi    sx1276.o
    0x0800c318   0x0800c318   0x0000003c   Code   RO         6045    i.SX1276Reset       sx1276.o
    0x0800c354   0x0800c354   0x00000134   Code   RO         6046    i.SX1276Send        sx1276.o
    0x0800c488   0x0800c488   0x00000060   Code   RO          897    i.SX1276SetAntSw    sx1276-board.o
    0x0800c4e8   0x0800c4e8   0x00000024   Code   RO          898    i.SX1276SetAntSwLowPower  sx1276-board.o
    0x0800c50c   0x0800c50c   0x0000004c   Code   RO         6047    i.SX1276SetChannel  sx1276.o
    0x0800c558   0x0800c558   0x00000038   Code   RO         6048    i.SX1276SetMaxPayloadLength  sx1276.o
    0x0800c590   0x0800c590   0x000000a0   Code   RO         6049    i.SX1276SetModem    sx1276.o
    0x0800c630   0x0800c630   0x00000032   Code   RO         6050    i.SX1276SetOpMode   sx1276.o
    0x0800c662   0x0800c662   0x00000002   PAD
    0x0800c664   0x0800c664   0x0000002c   Code   RO         6051    i.SX1276SetPublicNetwork  sx1276.o
    0x0800c690   0x0800c690   0x000000c0   Code   RO          899    i.SX1276SetRfTxPower  sx1276-board.o
    0x0800c750   0x0800c750   0x0000028c   Code   RO         6052    i.SX1276SetRx       sx1276.o
    0x0800c9dc   0x0800c9dc   0x00000328   Code   RO         6053    i.SX1276SetRxConfig  sx1276.o
    0x0800cd04   0x0800cd04   0x0000002c   Code   RO         6054    i.SX1276SetSleep    sx1276.o
    0x0800cd30   0x0800cd30   0x0000002c   Code   RO         6055    i.SX1276SetStby     sx1276.o
    0x0800cd5c   0x0800cd5c   0x000000c0   Code   RO         6056    i.SX1276SetTx       sx1276.o
    0x0800ce1c   0x0800ce1c   0x0000026c   Code   RO         6057    i.SX1276SetTxConfig  sx1276.o
    0x0800d088   0x0800d088   0x0000008c   Code   RO         6058    i.SX1276SetTxContinuousWave  sx1276.o
    0x0800d114   0x0800d114   0x00000048   Code   RO         6059    i.SX1276StartCad    sx1276.o
    0x0800d15c   0x0800d15c   0x00000010   Code   RO         6060    i.SX1276Write       sx1276.o
    0x0800d16c   0x0800d16c   0x00000044   Code   RO         6061    i.SX1276WriteBuffer  sx1276.o
    0x0800d1b0   0x0800d1b0   0x00000012   Code   RO         6062    i.SX1276WriteFifo   sx1276.o
    0x0800d1c2   0x0800d1c2   0x00000002   PAD
    0x0800d1c4   0x0800d1c4   0x0000018c   Code   RO         3881    i.ScheduleTx        loramac.o
    0x0800d350   0x0800d350   0x00000084   Code   RO         3882    i.Send              loramac.o
    0x0800d3d4   0x0800d3d4   0x00000094   Code   RO           11    i.SendFrame         main.o
    0x0800d468   0x0800d468   0x000000d4   Code   RO         3883    i.SendFrameOnChannel  loramac.o
    0x0800d53c   0x0800d53c   0x0000006c   Code   RO         3884    i.SetTxContinuousWave  loramac.o
    0x0800d5a8   0x0800d5a8   0x00000040   Code   RO         3885    i.SetTxContinuousWave1  loramac.o
    0x0800d5e8   0x0800d5e8   0x00000066   Code   RO          842    i.SpiDeInit         spi-board.o
    0x0800d64e   0x0800d64e   0x00000034   Code   RO          843    i.SpiFormat         spi-board.o
    0x0800d682   0x0800d682   0x00000002   PAD
    0x0800d684   0x0800d684   0x00000050   Code   RO          844    i.SpiFrequency      spi-board.o
    0x0800d6d4   0x0800d6d4   0x00000050   Code   RO          845    i.SpiInOut          spi-board.o
    0x0800d724   0x0800d724   0x000001c4   Code   RO          846    i.SpiInit           spi-board.o
    0x0800d8e8   0x0800d8e8   0x0000000c   Code   RO          734    i.SysTick_Handler   board.o
    0x0800d8f4   0x0800d8f4   0x000000a4   Code   RO          735    i.SystemClockConfig  board.o
    0x0800d998   0x0800d998   0x000000b0   Code   RO          736    i.SystemClockReConfig  board.o
    0x0800da48   0x0800da48   0x00000064   Code   RO         1144    i.SystemInit        system_stm32l1xx.o
    0x0800daac   0x0800daac   0x00000020   Code   RO         6625    i.TimerExists       timer.o
    0x0800dacc   0x0800dacc   0x00000008   Code   RO         6626    i.TimerGetCurrentTime  timer.o
    0x0800dad4   0x0800dad4   0x0000000c   Code   RO         6627    i.TimerGetElapsedTime  timer.o
    0x0800dae0   0x0800dae0   0x00000008   Code   RO         6629    i.TimerGetValue     timer.o
    0x0800dae8   0x0800dae8   0x0000000e   Code   RO         6630    i.TimerInit         timer.o
    0x0800daf6   0x0800daf6   0x00000002   PAD
    0x0800daf8   0x0800daf8   0x0000002c   Code   RO         6631    i.TimerInsertNewHeadTimer  timer.o
    0x0800db24   0x0800db24   0x0000006c   Code   RO         6632    i.TimerInsertTimer  timer.o
    0x0800db90   0x0800db90   0x0000008c   Code   RO         6633    i.TimerIrqHandler   timer.o
    0x0800dc1c   0x0800dc1c   0x00000044   Code   RO         6634    i.TimerLowPowerHandler  timer.o
    0x0800dc60   0x0800dc60   0x00000020   Code   RO         6636    i.TimerSetTimeout   timer.o
    0x0800dc80   0x0800dc80   0x00000012   Code   RO         6637    i.TimerSetValue     timer.o
    0x0800dc92   0x0800dc92   0x00000002   PAD
    0x0800dc94   0x0800dc94   0x00000088   Code   RO         6638    i.TimerStart        timer.o
    0x0800dd1c   0x0800dd1c   0x000000ec   Code   RO         6639    i.TimerStop         timer.o
    0x0800de08   0x0800de08   0x00000030   Code   RO         3180    i.UART_EndTransmit_IT  stm32l1xx_hal_uart.o
    0x0800de38   0x0800de38   0x000000bc   Code   RO         3181    i.UART_Receive_IT   stm32l1xx_hal_uart.o
    0x0800def4   0x0800def4   0x00000358   Code   RO         3182    i.UART_SetConfig    stm32l1xx_hal_uart.o
    0x0800e24c   0x0800e24c   0x00000070   Code   RO         3183    i.UART_Transmit_IT  stm32l1xx_hal_uart.o
    0x0800e2bc   0x0800e2bc   0x000000fa   Code   RO         3184    i.UART_WaitOnFlagUntilTimeout  stm32l1xx_hal_uart.o
    0x0800e3b6   0x0800e3b6   0x00000002   PAD
    0x0800e3b8   0x0800e3b8   0x00000010   Code   RO          986    i.USART1_IRQHandler  uart-board.o
    0x0800e3c8   0x0800e3c8   0x00000048   Code   RO          987    i.USART3_IRQHandler  uart-board.o
    0x0800e410   0x0800e410   0x00000154   Code   RO          988    i.UartMcuConfig     uart-board.o
    0x0800e564   0x0800e564   0x0000002e   Code   RO          990    i.UartMcuGetChar    uart-board.o
    0x0800e592   0x0800e592   0x00000002   PAD
    0x0800e594   0x0800e594   0x000000e8   Code   RO          991    i.UartMcuInit       uart-board.o
    0x0800e67c   0x0800e67c   0x00000004   Code   RO         3743    i.UsageFault_Handler  sysirqhandlers.o
    0x0800e680   0x0800e680   0x00000064   Code   RO         3886    i.ValidatePayloadLength  loramac.o
    0x0800e6e4   0x0800e6e4   0x000000b4   Code   RO         4784    i.VerifyTxFreq      regioneu868.o
    0x0800e798   0x0800e798   0x00000020   Code   RO         7134    i.__0printf         mc_w.l(printfa.o)
    0x0800e7b8   0x0800e7b8   0x00000008   Code   RO         7223    i.__aeabi_errno_addr  mc_w.l(errno.o)
    0x0800e7c0   0x0800e7c0   0x0000000e   Code   RO         7277    i.__scatterload_copy  mc_w.l(handlers.o)
    0x0800e7ce   0x0800e7ce   0x00000002   Code   RO         7278    i.__scatterload_null  mc_w.l(handlers.o)
    0x0800e7d0   0x0800e7d0   0x0000000e   Code   RO         7279    i.__scatterload_zeroinit  mc_w.l(handlers.o)
    0x0800e7de   0x0800e7de   0x00000002   PAD
    0x0800e7e0   0x0800e7e0   0x00000184   Code   RO         7141    i._fp_digits        mc_w.l(printfa.o)
    0x0800e964   0x0800e964   0x000006dc   Code   RO         7142    i._printf_core      mc_w.l(printfa.o)
    0x0800f040   0x0800f040   0x00000024   Code   RO         7143    i._printf_post_padding  mc_w.l(printfa.o)
    0x0800f064   0x0800f064   0x0000002e   Code   RO         7144    i._printf_pre_padding  mc_w.l(printfa.o)
    0x0800f092   0x0800f092   0x00000010   Code   RO         6789    i.add_round_key     aes.o
    0x0800f0a2   0x0800f0a2   0x0000005a   Code   RO         6791    i.aes_encrypt       aes.o
    0x0800f0fc   0x0800f0fc   0x0000013c   Code   RO         6792    i.aes_set_key       aes.o
    0x0800f238   0x0800f238   0x000000dc   Code   RO         6881    i.ceil              m_ws.l(ceil.o)
    0x0800f314   0x0800f314   0x00000084   Code   RO         6793    i.copy_and_key      aes.o
    0x0800f398   0x0800f398   0x00000042   Code   RO         6794    i.copy_block        aes.o
    0x0800f3da   0x0800f3da   0x00000018   Code   RO         6795    i.copy_block_nn     aes.o
    0x0800f3f2   0x0800f3f2   0x00000064   Code   RO         1094    i.delay_us          bsp_dht11.o
    0x0800f456   0x0800f456   0x00000002   PAD
    0x0800f458   0x0800f458   0x00000030   Code   RO           12    i.dump_hex2str      main.o
    0x0800f488   0x0800f488   0x000000dc   Code   RO         6885    i.floor             m_ws.l(floor.o)
    0x0800f564   0x0800f564   0x0000001c   Code   RO          995    i.fputc             uart-board.o
    0x0800f580   0x0800f580   0x000002fc   Code   RO           13    i.main              main.o
    0x0800f87c   0x0800f87c   0x00000018   Code   RO         3788    i.memcpy1           utilities.o
    0x0800f894   0x0800f894   0x0000001c   Code   RO         3789    i.memcpyr           utilities.o
    0x0800f8b0   0x0800f8b0   0x00000014   Code   RO         3790    i.memset1           utilities.o
    0x0800f8c4   0x0800f8c4   0x00000284   Code   RO         6796    i.mix_sub_columns   aes.o
    0x0800fb48   0x0800fb48   0x00000028   Code   RO         3791    i.rand1             utilities.o
    0x0800fb70   0x0800fb70   0x0000001a   Code   RO         3792    i.randr             utilities.o
    0x0800fb8a   0x0800fb8a   0x00000002   PAD
    0x0800fb8c   0x0800fb8c   0x00000094   Code   RO         6888    i.round             m_ws.l(round.o)
    0x0800fc20   0x0800fc20   0x00000094   Code   RO         3887    i.rw_Region2Str     loramac.o
    0x0800fcb4   0x0800fcb4   0x00000070   Code   RO         6797    i.shift_sub_rows    aes.o
    0x0800fd24   0x0800fd24   0x0000000c   Code   RO         3793    i.srand1            utilities.o
    0x0800fd30   0x0800fd30   0x00000082   Code   RO         6798    i.xor_block         aes.o
    0x0800fdb2   0x0800fdb2   0x00000018   Data   RO          614    .constdata          rtc-board.o
    0x0800fdca   0x0800fdca   0x00000002   PAD
    0x0800fdcc   0x0800fdcc   0x0000005c   Data   RO          901    .constdata          sx1276-board.o
    0x0800fe28   0x0800fe28   0x00000021   Data   RO         1145    .constdata          system_stm32l1xx.o
    0x0800fe49   0x0800fe49   0x00000010   Data   RO         3889    .constdata          loramac.o
    0x0800fe59   0x0800fe59   0x00000003   PAD
    0x0800fe5c   0x0800fe5c   0x0000006c   Data   RO         4786    .constdata          regioneu868.o
    0x0800fec8   0x0800fec8   0x000000e0   Data   RO         6064    .constdata          sx1276.o
    0x0800ffa8   0x0800ffa8   0x00000028   Data   RO         6454    .constdata          gps.o
    0x0800ffd0   0x0800ffd0   0x00000300   Data   RO         6799    .constdata          aes.o
    0x080102d0   0x080102d0   0x00000081   Data   RO         7244    .constdata          mc_w.l(ctype_o.o)
    0x08010351   0x08010351   0x00000003   PAD
    0x08010354   0x08010354   0x00000004   Data   RO         7245    .constdata          mc_w.l(ctype_o.o)
    0x08010358   0x08010358   0x00000020   Data   RO         7275    Region$$Table       anon$$obj.o


    Execution Region RW_IRAM1 (Exec base: 0x20000000, Load base: 0x08010378, Size: 0x000018e0, Max: 0x00004000, ABSOLUTE, COMPRESSED[0x00000064])

    Exec Addr    Load Addr    Size         Type   Attr      Idx    E Section Name        Object

    0x20000000   COMPRESSED   0x00000030   Data   RW           18    .data               main.o
    0x20000030   COMPRESSED   0x00000002   Data   RW          473    .data               gps-board.o
    0x20000032   COMPRESSED   0x00000001   Data   RW          536    .data               i2c-board.o
    0x20000033   COMPRESSED   0x00000001   PAD
    0x20000034   COMPRESSED   0x00000010   Data   RW          615    .data               rtc-board.o
    0x20000044   COMPRESSED   0x00000006   Data   RW          738    .data               board.o
    0x2000004a   COMPRESSED   0x00000001   Data   RW          902    .data               sx1276-board.o
    0x2000004b   COMPRESSED   0x00000001   PAD
    0x2000004c   COMPRESSED   0x00000004   Data   RW         1146    .data               system_stm32l1xx.o
    0x20000050   COMPRESSED   0x00000004   Data   RW         1271    .data               stm32l1xx_hal.o
    0x20000054   COMPRESSED   0x00000004   Data   RW         3794    .data               utilities.o
    0x20000058   COMPRESSED   0x00000074   Data   RW         3890    .data               loramac.o
    0x200000cc   COMPRESSED   0x00000020   Data   RW         4097    .data               loramaccrypto.o
    0x200000ec   COMPRESSED   0x00000054   Data   RW         4787    .data               regioneu868.o
    0x20000140   COMPRESSED   0x00000002   Data   RW         5731    .data               lis3dh.o
    0x20000142   COMPRESSED   0x00000002   PAD
    0x20000144   COMPRESSED   0x0000001c   Data   RW         6065    .data               sx1276.o
    0x20000160   COMPRESSED   0x00000001   Data   RW         6270    .data               adc.o
    0x20000161   COMPRESSED   0x00000007   PAD
    0x20000168   COMPRESSED   0x00000029   Data   RW         6455    .data               gps.o
    0x20000191   COMPRESSED   0x00000001   Data   RW         6570    .data               i2c.o
    0x20000192   COMPRESSED   0x00000002   PAD
    0x20000194   COMPRESSED   0x00000008   Data   RW         6640    .data               timer.o
    0x2000019c   COMPRESSED   0x00000004   Data   RW         7212    .data               mc_w.l(stdout.o)
    0x200001a0   COMPRESSED   0x00000004   Data   RW         7226    .data               mc_w.l(errno.o)
    0x200001a4        -       0x00000144   Zero   RW           16    .bss                main.o
    0x200002e8        -       0x00000054   Zero   RW          309    .bss                adc-board.o
    0x2000033c        -       0x00000040   Zero   RW          372    .bss                gpio-board.o
    0x2000037c        -       0x00000098   Zero   RW          472    .bss                gps-board.o
    0x20000414        -       0x00000034   Zero   RW          613    .bss                rtc-board.o
    0x20000448        -       0x00000120   Zero   RW          737    .bss                board.o
    0x20000568        -       0x00000024   Zero   RW          900    .bss                sx1276-board.o
    0x2000058c        -       0x00000488   Zero   RW          996    .bss                uart-board.o
    0x20000a14        -       0x00000470   Zero   RW         3888    .bss                loramac.o
    0x20000e84        -       0x0000022c   Zero   RW         4096    .bss                loramaccrypto.o
    0x200010b0        -       0x000000c0   Zero   RW         4785    .bss                regioneu868.o
    0x20001170        -       0x00000084   Zero   RW         5730    .bss                lis3dh.o
    0x200011f4        -       0x00000288   Zero   RW         6063    .bss                sx1276.o
    0x2000147c        -       0x00000063   Zero   RW         6453    .bss                gps.o
    0x200014df   COMPRESSED   0x00000001   PAD
    0x200014e0        -       0x00000400   Zero   RW         1242    STACK               startup_stm32l151xb.o


==============================================================================

Image component sizes


      Code (inc. data)   RO Data    RW Data    ZI Data      Debug   Object Name

       408         30          0          0         84       2756   adc-board.o
        80         12          0          1          0       2319   adc.o
      1530         22        768          0          0      14396   aes.o
      1076        110          0          6        288       9164   board.o
       424         20          0          0          0       3875   bsp_dht11.o
       726          0          0          0          0       3893   cmac.o
        12          0          0          0          0        522   delay.o
       130          0          0          0          0       3739   fifo.o
      1002         52          0          0         64       9373   gpio-board.o
       136          0          0          0          0       2931   gpio.o
       346         62          0          2        152       4148   gps-board.o
      2794        174         40         41         99      11869   gps.o
       396         26          0          1          0       4849   i2c-board.o
       188         18          0          1          0       2815   i2c.o
      1680        130          0          2        132      16455   lis3dh.o
     11334       1614         16        116       1136      34379   loramac.o
       716         44          0         32        556       7023   loramaccrypto.o
      2960        662          0         48        324     428770   main.o
       582          0          0          0          0      25053   region.o
         0          0          0          0          0       1112   regionas923.o
      1462         24          0          0          0      13228   regioncommon.o
      3586        284        108         84        192      22612   regioneu868.o
      1998        194         24         16         52      12593   rtc-board.o
       766         24          0          0          0       4260   spi-board.o
        36          8        244          0       1024        908   startup_stm32l151xb.o
       178         32          0          4          0       6398   stm32l1xx_hal.o
      1792         58          0          0          0       8719   stm32l1xx_hal_adc.o
       376         28          0          0          0      30879   stm32l1xx_hal_cortex.o
       528         38          0          0          0       4523   stm32l1xx_hal_gpio.o
      2740         36          0          0          0      12652   stm32l1xx_hal_i2c.o
        88         14          0          0          0       1245   stm32l1xx_hal_pwr.o
        64         14          0          0          0       1789   stm32l1xx_hal_pwr_ex.o
      3684        100          0          0          0       7492   stm32l1xx_hal_rcc.o
       468         14          0          0          0       1580   stm32l1xx_hal_rcc_ex.o
      1286         24          0          0          0       8943   stm32l1xx_hal_rtc.o
       954         10          0          0          0       5630   stm32l1xx_hal_rtc_ex.o
        52          0          0          0          0       2395   stm32l1xx_hal_spi.o
       124          0          0          0          0       1203   stm32l1xx_hal_spi_ex.o
      2268          6          0          0          0       9566   stm32l1xx_hal_uart.o
       840         60         92          1         36      10363   sx1276-board.o
      6962        364        224         28        648      25994   sx1276.o
        16          0          0          0          0       2513   sysirqhandlers.o
       100         18         33          4          0     124975   system_stm32l1xx.o
       856         44          0          8          0       8777   timer.o
       982         66          0          0       1160       9405   uart-board.o
       180         14          0          4          0       4852   utilities.o

    ----------------------------------------------------------------------
     58980       4450       1586        412       5948     932935   Object Totals
         0          0         32          0          0          0   (incl. Generated)
        74          0          5         13          1          0   (incl. Padding)

    ----------------------------------------------------------------------

      Code (inc. data)   RO Data    RW Data    ZI Data      Debug   Library Member Name

       220         16          0          0          0         84   ceil.o
       220         16          0          0          0         84   floor.o
       148         12          0          0          0         88   round.o
        86          0          0          0          0          0   __dczerorl2.o
        28          0          0          0          0         68   _chval.o
       158          0          0          0          0         92   _strtoul.o
        26          0          0          0          0         80   atoi.o
         8          4        133          0          0         68   ctype_o.o
         0          0          0          0          0          0   entry.o
         0          0          0          0          0          0   entry10a.o
         0          0          0          0          0          0   entry11a.o
         8          4          0          0          0          0   entry2.o
         4          0          0          0          0          0   entry5.o
         0          0          0          0          0          0   entry7b.o
         0          0          0          0          0          0   entry8b.o
         8          4          0          0          0          0   entry9a.o
         8          4          0          4          0         68   errno.o
        30          0          0          0          0          0   handlers.o
        36          8          0          0          0         68   init.o
         0          0          0          0          0          0   iusefp.o
        30          0          0          0          0         68   llshl.o
        36          0          0          0          0         68   llsshr.o
        32          0          0          0          0         68   llushr.o
        36          0          0          0          0         68   memcpya.o
        36          0          0          0          0        108   memseta.o
      2258         90          0          0          0        452   printfa.o
         0          0          0          4          0          0   stdout.o
        30          0          0          0          0         80   strncmp.o
       112          0          0          0          0         88   strtol.o
        44          0          0          0          0         80   uidiv.o
        98          0          0          0          0         92   uldiv.o
        48          0          0          0          0         68   cdcmple.o
        48          0          0          0          0         68   cdrcmple.o
       334          0          0          0          0        148   dadd.o
       222          0          0          0          0        100   ddiv.o
       186          0          0          0          0        176   depilogue.o
        62          0          0          0          0         80   dfixi.o
        50          0          0          0          0         76   dfixui.o
        48          0          0          0          0         68   dfixul.o
        34          0          0          0          0         76   dflti.o
        26          0          0          0          0         76   dfltui.o
       228          0          0          0          0         96   dmul.o
       136          4          0          0          0         92   drnd.o
        38          0          0          0          0         68   f2d.o
       176          0          0          0          0        140   fadd.o
       124          0          0          0          0         88   fdiv.o
       110          0          0          0          0        168   fepilogue.o
        40          0          0          0          0         68   ffixui.o
        10          0          0          0          0         68   ffltui.o
       100          0          0          0          0         76   fmul.o

    ----------------------------------------------------------------------
      5722        162        136          8          0       3672   Library Totals
         2          0          3          0          0          0   (incl. Padding)

    ----------------------------------------------------------------------

      Code (inc. data)   RO Data    RW Data    ZI Data      Debug   Library Name

       588         44          0          0          0        256   m_ws.l
      3112        114        133          8          0       1616   mc_w.l
      2020          4          0          0          0       1800   mf_w.l

    ----------------------------------------------------------------------
      5722        162        136          8          0       3672   Library Totals

    ----------------------------------------------------------------------

==============================================================================


      Code (inc. data)   RO Data    RW Data    ZI Data      Debug   

     64702       4612       1722        420       5948     913387   Grand Totals
     64702       4612       1722        100       5948     913387   ELF Image Totals (compressed)
     64702       4612       1722        100          0          0   ROM Totals

==============================================================================

    Total RO  Size (Code + RO Data)                66424 (  64.87kB)
    Total RW  Size (RW Data + ZI Data)              6368 (   6.22kB)
    Total ROM Size (Code + RO Data + RW Data)      66524 (  64.96kB)

==============================================================================

