<html>
<body>
<pre>
<h1>µVision Build Log</h1>
<h2>Tool Versions:</h2>
IDE-Version: µVision V5.24.2.0
Copyright (C) 2017 ARM Ltd and ARM Germany GmbH. All rights reserved.
License Information: Vuong Van Cuong Microsoft, Microsoft, LIC=6XJII-TXYY3-SENH0-BEHRG-B0KQR-D3NXF
 
Tool Versions:
Toolchain:       MDK-ARM Professional  Version: 5.24.1
Toolchain Path:  C:\Keil_v5\ARM\ARMCC\Bin
C Compiler:      Armcc.exe V5.06 update 5 (build 528)
Assembler:       Armasm.exe V5.06 update 5 (build 528)
Linker/Locator:  ArmLink.exe V5.06 update 5 (build 528)
Library Manager: ArmAr.exe V5.06 update 5 (build 528)
Hex Converter:   FromElf.exe V5.06 update 5 (build 528)
CPU DLL:         SARMCM3.DLL V5.24.1
Dialog DLL:      DCM.DLL V1.16.0.0
Target DLL:      Segger\JL2CM3.dll V2.99.26.0
Dialog DLL:      TCM.DLL V1.32.0.0
 
<h2>Project:</h2>
D:\T2TECHHUB\RAk811\Lora_811\sourse code\RAK811_BreakBoard\RAK811_BreakBoard-master\Keil\classA\classA.uvprojx
Project File Date:  07/16/2018

<h2>Output:</h2>
*** Using Compiler 'V5.06 update 5 (build 528)', folder: 'C:\Keil_v5\ARM\ARMCC\Bin'
Rebuild target 'RAK811_breakboard'
compiling board.c...
compiling main.c...
..\..\src\apps\classA\main.c(213): warning:  #550-D: variable "altitudeGps"  was set but never used
  	int16_t altitudeGps = 0xFFFF;
..\..\src\apps\classA\main.c(214): warning:  #550-D: variable "ret"  was set but never used
  	uint8_t ret;
..\..\src\apps\classA\main.c: 2 warnings, 0 errors
compiling adc-board.c...
compiling gpio-board.c...
compiling gps-board.c...
compiling i2c-board.c...
compiling rtc-board.c...
compiling spi-board.c...
compiling sx1276-board.c...
assembling startup_stm32l151xb.s...
compiling uart-board.c...
..\..\src\boards\RAK811BreakBoard\uart-board.c(355): warning:  #940-D: missing return statement at end of non-void function "e_printchar" 
  }
..\..\src\boards\RAK811BreakBoard\uart-board.c: 1 warning, 0 errors
compiling system_stm32l1xx.c...
compiling stm32l1xx_hal.c...
compiling stm32l1xx_hal_adc.c...
compiling stm32l1xx_hal_adc_ex.c...
compiling stm32l1xx_hal_dma.c...
compiling stm32l1xx_hal_gpio.c...
compiling stm32l1xx_hal_i2c.c...
compiling stm32l1xx_hal_pwr.c...
compiling stm32l1xx_hal_pwr_ex.c...
compiling stm32l1xx_hal_rcc.c...
compiling stm32l1xx_hal_rtc.c...
compiling stm32l1xx_hal_rcc_ex.c...
compiling stm32l1xx_hal_rtc_ex.c...
compiling stm32l1xx_hal_spi_ex.c...
compiling stm32l1xx_hal_spi.c...
compiling stm32l1xx_hal_uart.c...
compiling stm32l1xx_hal_usart.c...
compiling stm32l1xx_hal_cortex.c...
compiling sysIrqHandlers.c...
compiling LoRaMacCrypto.c...
compiling utilities.c...
compiling Region.c...
compiling LoRaMac.c...
compiling RegionCommon.c...
compiling RegionAU915.c...
compiling RegionAS923.c...
compiling RegionEU868.c...
compiling RegionIN865.c...
compiling RegionUS915.c...
compiling RegionKR920.c...
compiling RegionUS915-Hybrid.c...
compiling lis3dh.c...
compiling sx1276.c...
compiling adc.c...
compiling fifo.c...
compiling delay.c...
compiling gps.c...
compiling gpio.c...
compiling i2c.c...
compiling aes.c...
compiling cmac.c...
compiling timer.c...
compiling uart.c...
linking...
Program Size: Code=64022 RO-data=1722 RW-data=420 ZI-data=5940  
FromELF: creating hex file...
After Build - User command #1: C:\Keil_v5\ARM\ARMCC\bin\fromelf.exe --bin Objects\classA.axf --output classA.bin
".\Objects\classA.axf" - 0 Error(s), 3 Warning(s).

<h2>Software Packages used:</h2>

Package Vendor: Keil
                http://www.keil.com/pack/Keil.STM32L1xx_DFP.1.2.0.pack
                Keil.STM32L1xx_DFP.1.2.0
                STMicroelectronics STM32L1 Series Device Support and Examples

<h2>Collection of Component include folders:</h2>
  .\RTE\_RAK811_breakboard
  C:\Keil_v5\ARM\PACK\Keil\STM32L1xx_DFP\1.2.0\Device\Include

<h2>Collection of Component Files used:</h2>
Build Time Elapsed:  00:02:01
</pre>
</body>
</html>
