Component: ARM Compiler 5.06 update 5 (build 528) Tool: armlink [4d35e2]

==============================================================================

Section Cross References

    main.o(i.McpsConfirm) refers to main.o(.data) for NextTx
    main.o(i.McpsIndication) refers to gpio.o(i.GpioWrite) for GpioWrite
    main.o(i.McpsIndication) refers to loramac.o(i.LoRaMacMibSetRequestConfirm) for LoRaMacMibSetRequestConfirm
    main.o(i.McpsIndication) refers to loramac.o(i.LoRaMacTestSetDutyCycleOn) for LoRaMacTestSetDutyCycleOn
    main.o(i.McpsIndication) refers to gps.o(i.GpsStop) for GpsStop
    main.o(i.McpsIndication) refers to gps.o(i.GpsStart) for GpsStart
    main.o(i.McpsIndication) refers to loramac.o(i.LoRaMacMlmeRequest) for LoRaMacMlmeRequest
    main.o(i.McpsIndication) refers to timer.o(i.TimerStart) for TimerStart
    main.o(i.McpsIndication) refers to main.o(.bss) for ComplianceTest
    main.o(i.McpsIndication) refers to main.o(.data) for AppLedStateOn
    main.o(i.McpsIndication) refers to board.o(.bss) for Led2
    main.o(i.MlmeConfirm) refers to printfa.o(i.__0printf) for __2printf
    main.o(i.MlmeConfirm) refers to gpio.o(i.GpioWrite) for GpioWrite
    main.o(i.MlmeConfirm) refers to timer.o(i.TimerStart) for TimerStart
    main.o(i.MlmeConfirm) refers to main.o(.data) for DeviceState
    main.o(i.MlmeConfirm) refers to board.o(.bss) for Led1
    main.o(i.MlmeConfirm) refers to main.o(.bss) for Led1Timer
    main.o(i.OnLed1TimerEvent) refers to timer.o(i.TimerStop) for TimerStop
    main.o(i.OnLed1TimerEvent) refers to gpio.o(i.GpioToggle) for GpioToggle
    main.o(i.OnLed1TimerEvent) refers to timer.o(i.TimerStart) for TimerStart
    main.o(i.OnLed1TimerEvent) refers to main.o(.bss) for Led1Timer
    main.o(i.OnLed1TimerEvent) refers to board.o(.bss) for Led1
    main.o(i.OnLed2TimerEvent) refers to timer.o(i.TimerStop) for TimerStop
    main.o(i.OnLed2TimerEvent) refers to gpio.o(i.GpioWrite) for GpioWrite
    main.o(i.OnLed2TimerEvent) refers to main.o(.bss) for Led2Timer
    main.o(i.OnLed2TimerEvent) refers to board.o(.bss) for Led2
    main.o(i.OnTxNextPacketTimerEvent) refers to timer.o(i.TimerStop) for TimerStop
    main.o(i.OnTxNextPacketTimerEvent) refers to loramac.o(i.LoRaMacMibGetRequestConfirm) for LoRaMacMibGetRequestConfirm
    main.o(i.OnTxNextPacketTimerEvent) refers to main.o(.bss) for TxNextPacketTimer
    main.o(i.OnTxNextPacketTimerEvent) refers to main.o(.data) for DeviceState
    main.o(i.PrepareTxFrame) refers to gps.o(i.GpsGetLatestGpsPositionDouble) for GpsGetLatestGpsPositionDouble
    main.o(i.PrepareTxFrame) refers to gps.o(i.GpsGetLatestGpsAltitude) for GpsGetLatestGpsAltitude
    main.o(i.PrepareTxFrame) refers to printfa.o(i.__0printf) for __2printf
    main.o(i.PrepareTxFrame) refers to dmul.o(.text) for __aeabi_dmul
    main.o(i.PrepareTxFrame) refers to dfixi.o(.text) for __aeabi_d2iz
    main.o(i.PrepareTxFrame) refers to lis3dh.o(i.LIS3DH_GetTempRaw) for LIS3DH_GetTempRaw
    main.o(i.PrepareTxFrame) refers to board.o(i.BoardBatteryMeasureVolage) for BoardBatteryMeasureVolage
    main.o(i.PrepareTxFrame) refers to lis3dh.o(i.LIS3DH_ReadReg) for LIS3DH_ReadReg
    main.o(i.PrepareTxFrame) refers to delay.o(i.DelayMs) for DelayMs
    main.o(i.PrepareTxFrame) refers to main.o(.bss) for AppData
    main.o(i.PrepareTxFrame) refers to main.o(.data) for AppDataSize
    main.o(i.SendFrame) refers to loramac.o(i.LoRaMacQueryTxPossible) for LoRaMacQueryTxPossible
    main.o(i.SendFrame) refers to loramac.o(i.LoRaMacMcpsRequest) for LoRaMacMcpsRequest
    main.o(i.SendFrame) refers to main.o(.data) for AppDataSize
    main.o(i.SendFrame) refers to main.o(.bss) for AppData
    main.o(i.dump_hex2str) refers to printfa.o(i.__0printf) for __2printf
    main.o(i.main) refers to board.o(i.BoardInitMcu) for BoardInitMcu
    main.o(i.main) refers to board.o(i.BoardInitPeriph) for BoardInitPeriph
    main.o(i.main) refers to delay.o(i.DelayMs) for DelayMs
    main.o(i.main) refers to printfa.o(i.__0printf) for __2printf
    main.o(i.main) refers to loramac.o(i.LoRaMacInitialization) for LoRaMacInitialization
    main.o(i.main) refers to timer.o(i.TimerInit) for TimerInit
    main.o(i.main) refers to timer.o(i.TimerSetValue) for TimerSetValue
    main.o(i.main) refers to loramac.o(i.LoRaMacMibSetRequestConfirm) for LoRaMacMibSetRequestConfirm
    main.o(i.main) refers to main.o(i.dump_hex2str) for dump_hex2str
    main.o(i.main) refers to loramac.o(i.LoRaMacMlmeRequest) for LoRaMacMlmeRequest
    main.o(i.main) refers to main.o(i.PrepareTxFrame) for PrepareTxFrame
    main.o(i.main) refers to main.o(i.SendFrame) for SendFrame
    main.o(i.main) refers to utilities.o(i.randr) for randr
    main.o(i.main) refers to timer.o(i.TimerStart) for TimerStart
    main.o(i.main) refers to timer.o(i.TimerLowPowerHandler) for TimerLowPowerHandler
    main.o(i.main) refers to gps.o(i.GpsGetPpsDetectedState) for GpsGetPpsDetectedState
[...]
    I2cWriteBuffer                           0x08005d51   Thumb Code    72  i2c.o(i.I2cWriteBuffer)
    IsFifoEmpty                              0x08005d9d   Thumb Code    18  fifo.o(i.IsFifoEmpty)
    IsFifoFull                               0x08005daf   Thumb Code    26  fifo.o(i.IsFifoFull)
    LIS3DH_GetInt1Src                        0x08005dc9   Thumb Code    22  lis3dh.o(i.LIS3DH_GetInt1Src)
    LIS3DH_GetTempRaw                        0x08005ddf   Thumb Code    44  lis3dh.o(i.LIS3DH_GetTempRaw)
    LIS3DH_HPFAOI1Enable                     0x08005e0b   Thumb Code    56  lis3dh.o(i.LIS3DH_HPFAOI1Enable)
    LIS3DH_Init                              0x08005e45   Thumb Code   192  lis3dh.o(i.LIS3DH_Init)
    LIS3DH_Int1LatchEnable                   0x08005f2d   Thumb Code    60  lis3dh.o(i.LIS3DH_Int1LatchEnable)
    LIS3DH_ReadReg                           0x08005f69   Thumb Code    42  lis3dh.o(i.LIS3DH_ReadReg)
    LIS3DH_SetAxis                           0x08005fa9   Thumb Code    60  lis3dh.o(i.LIS3DH_SetAxis)
    LIS3DH_SetBDU                            0x08005fe5   Thumb Code    60  lis3dh.o(i.LIS3DH_SetBDU)
    LIS3DH_SetFilterDataSel                  0x08006021   Thumb Code    60  lis3dh.o(i.LIS3DH_SetFilterDataSel)
    LIS3DH_SetFullScale                      0x0800605d   Thumb Code    60  lis3dh.o(i.LIS3DH_SetFullScale)
    LIS3DH_SetInt1Duration                   0x08006099   Thumb Code    30  lis3dh.o(i.LIS3DH_SetInt1Duration)
    LIS3DH_SetInt1Pin                        0x080060b7   Thumb Code    50  lis3dh.o(i.LIS3DH_SetInt1Pin)
    LIS3DH_SetInt1Threshold                  0x080060e9   Thumb Code    30  lis3dh.o(i.LIS3DH_SetInt1Threshold)
    LIS3DH_SetInt2Pin                        0x08006107   Thumb Code    50  lis3dh.o(i.LIS3DH_SetInt2Pin)
    LIS3DH_SetInt6D4DConfiguration           0x08006139   Thumb Code   186  lis3dh.o(i.LIS3DH_SetInt6D4DConfiguration)
    LIS3DH_SetIntConfiguration               0x080061f3   Thumb Code    56  lis3dh.o(i.LIS3DH_SetIntConfiguration)
    LIS3DH_SetIntMode                        0x0800622b   Thumb Code    60  lis3dh.o(i.LIS3DH_SetIntMode)
    LIS3DH_SetMode                           0x08006269   Thumb Code   208  lis3dh.o(i.LIS3DH_SetMode)
    LIS3DH_SetODR                            0x0800633d   Thumb Code    60  lis3dh.o(i.LIS3DH_SetODR)
    LIS3DH_SetTemperature                    0x08006379   Thumb Code    72  lis3dh.o(i.LIS3DH_SetTemperature)
    LIS3DH_WriteReg                          0x080063c1   Thumb Code    38  lis3dh.o(i.LIS3DH_WriteReg)
    Lis3dhGetIntState                        0x08006411   Thumb Code    26  lis3dh.o(i.Lis3dhGetIntState)
    Lis3dh_Event                             0x08006431   Thumb Code     8  lis3dh.o(i.Lis3dh_Event)
    Lis3dh_IntEventClear                     0x0800643d   Thumb Code    20  lis3dh.o(i.Lis3dh_IntEventClear)
    LoRaMacComputeMic                        0x08006471   Thumb Code   136  loramaccrypto.o(i.LoRaMacComputeMic)
    LoRaMacInitialization                    0x08006505   Thumb Code   704  loramac.o(i.LoRaMacInitialization)
    LoRaMacJoinComputeMic                    0x08006875   Thumb Code    78  loramaccrypto.o(i.LoRaMacJoinComputeMic)
    LoRaMacJoinComputeSKeys                  0x080068cd   Thumb Code   144  loramaccrypto.o(i.LoRaMacJoinComputeSKeys)
    LoRaMacJoinDecrypt                       0x08006961   Thumb Code    64  loramaccrypto.o(i.LoRaMacJoinDecrypt)
    LoRaMacMcpsRequest                       0x080069a5   Thumb Code   348  loramac.o(i.LoRaMacMcpsRequest)
    LoRaMacMibGetRequestConfirm              0x08006b25   Thumb Code   358  loramac.o(i.LoRaMacMibGetRequestConfirm)
    LoRaMacMibSetRequestConfirm              0x08006cc9   Thumb Code   766  loramac.o(i.LoRaMacMibSetRequestConfirm)
    LoRaMacMlmeRequest                       0x0800701d   Thumb Code   374  loramac.o(i.LoRaMacMlmeRequest)
    LoRaMacPayloadDecrypt                    0x080071c1   Thumb Code    40  loramaccrypto.o(i.LoRaMacPayloadDecrypt)
    LoRaMacPayloadEncrypt                    0x080071e9   Thumb Code   210  loramaccrypto.o(i.LoRaMacPayloadEncrypt)
    LoRaMacQueryTxPossible                   0x080072c9   Thumb Code   210  loramac.o(i.LoRaMacQueryTxPossible)
    LoRaMacTestSetDutyCycleOn                0x080073bd   Thumb Code    28  loramac.o(i.LoRaMacTestSetDutyCycleOn)
    MemManage_Handler                        0x080076d1   Thumb Code     4  sysirqhandlers.o(i.MemManage_Handler)
    NMI_Handler                              0x0800775d   Thumb Code     2  sysirqhandlers.o(i.NMI_Handler)
    Nibble2HexChar                           0x08007799   Thumb Code    30  utilities.o(i.Nibble2HexChar)
    PrepareFrame                             0x08008821   Thumb Code   968  loramac.o(i.PrepareFrame)
    RTC_Alarm_IRQHandler                     0x080093e1   Thumb Code    38  rtc-board.o(i.RTC_Alarm_IRQHandler)
    RTC_Bcd2ToByte                           0x0800940d   Thumb Code    22  stm32l1xx_hal_rtc.o(i.RTC_Bcd2ToByte)
    RTC_ByteToBcd2                           0x08009423   Thumb Code    26  stm32l1xx_hal_rtc.o(i.RTC_ByteToBcd2)
    RTC_EnterInitMode                        0x0800943d   Thumb Code    62  stm32l1xx_hal_rtc.o(i.RTC_EnterInitMode)
    RegionAdrNext                            0x0800947b   Thumb Code    40  region.o(i.RegionAdrNext)
    RegionAlternateDr                        0x080094a3   Thumb Code    22  region.o(i.RegionAlternateDr)
    RegionApplyCFList                        0x080094b9   Thumb Code    24  region.o(i.RegionApplyCFList)
    RegionApplyDrOffset                      0x080094d1   Thumb Code    34  region.o(i.RegionApplyDrOffset)
    RegionCalcBackOff                        0x080094f3   Thumb Code    24  region.o(i.RegionCalcBackOff)
    RegionChanMaskSet                        0x0800950b   Thumb Code    22  region.o(i.RegionChanMaskSet)
    RegionCommonCalcBackOff                  0x08009521   Thumb Code   136  regioncommon.o(i.RegionCommonCalcBackOff)
    RegionCommonChanDisable                  0x080095a9   Thumb Code    70  regioncommon.o(i.RegionCommonChanDisable)
    RegionCommonChanMaskCopy                 0x080095ef   Thumb Code    30  regioncommon.o(i.RegionCommonChanMaskCopy)
    RegionCommonChanVerifyDr                 0x0800960d   Thumb Code   130  regioncommon.o(i.RegionCommonChanVerifyDr)
    RegionCommonComputeRxWindowParameters    0x08009691   Thumb Code   282  regioncommon.o(i.RegionCommonComputeRxWindowParameters)
    RegionCommonComputeSymbolTimeFsk         0x080097b1   Thumb Code    26  regioncommon.o(i.RegionCommonComputeSymbolTimeFsk)
    RegionCommonComputeSymbolTimeLoRa        0x080097d1   Thumb Code    52  regioncommon.o(i.RegionCommonComputeSymbolTimeLoRa)
    RegionCommonComputeTxPower               0x08009809   Thumb Code    64  regioncommon.o(i.RegionCommonComputeTxPower)
    RegionCommonCountChannels                0x08009849   Thumb Code    54  regioncommon.o(i.RegionCommonCountChannels)
    RegionCommonGetJoinDc                    0x08009881   Thumb Code    32  regioncommon.o(i.RegionCommonGetJoinDc)
    RegionCommonLinkAdrReqVerifyParams       0x080098a9   Thumb Code   156  regioncommon.o(i.RegionCommonLinkAdrReqVerifyParams)
    RegionCommonParseLinkAdrReq              0x08009945   Thumb Code    72  regioncommon.o(i.RegionCommonParseLinkAdrReq)
    RegionCommonSetBandTxDone                0x0800998d   Thumb Code    14  regioncommon.o(i.RegionCommonSetBandTxDone)
    RegionCommonUpdateBandTimeOff            0x0800999b   Thumb Code   262  regioncommon.o(i.RegionCommonUpdateBandTimeOff)
    RegionCommonValueInRange                 0x08009aa1   Thumb Code    18  regioncommon.o(i.RegionCommonValueInRange)
    RegionComputeRxWindowParameters          0x08009ab3   Thumb Code    42  region.o(i.RegionComputeRxWindowParameters)
    RegionDlChannelReq                       0x08009add   Thumb Code    22  region.o(i.RegionDlChannelReq)
    RegionEU868AdrNext                       0x08009af5   Thumb Code   142  regioneu868.o(i.RegionEU868AdrNext)
    RegionEU868AlternateDr                   0x08009b89   Thumb Code   106  regioneu868.o(i.RegionEU868AlternateDr)
    RegionEU868ApplyCFList                   0x08009bf3   Thumb Code   134  regioneu868.o(i.RegionEU868ApplyCFList)
    RegionEU868ApplyDrOffset                 0x08009c79   Thumb Code    18  regioneu868.o(i.RegionEU868ApplyDrOffset)
    RegionEU868CalcBackOff                   0x08009c8d   Thumb Code    56  regioneu868.o(i.RegionEU868CalcBackOff)
    RegionEU868ChanMaskSet                   0x08009ccd   Thumb Code    48  regioneu868.o(i.RegionEU868ChanMaskSet)
    RegionEU868ChannelAdd                    0x08009d05   Thumb Code   236  regioneu868.o(i.RegionEU868ChannelAdd)
    RegionEU868ChannelsRemove                0x08009df9   Thumb Code    50  regioneu868.o(i.RegionEU868ChannelsRemove)
    RegionEU868ComputeRxWindowParameters     0x08009e35   Thumb Code   112  regioneu868.o(i.RegionEU868ComputeRxWindowParameters)
    RegionEU868DlChannelReq                  0x08009ead   Thumb Code    66  regioneu868.o(i.RegionEU868DlChannelReq)
    RegionEU868GetPhyParam                   0x08009ef5   Thumb Code   268  regioneu868.o(i.RegionEU868GetPhyParam)
    RegionEU868InitDefaults                  0x0800a01d   Thumb Code   122  regioneu868.o(i.RegionEU868InitDefaults)
    RegionEU868LinkAdrReq                    0x0800a0a9   Thumb Code   378  regioneu868.o(i.RegionEU868LinkAdrReq)
    RegionEU868NewChannelReq                 0x0800a22d   Thumb Code    94  regioneu868.o(i.RegionEU868NewChannelReq)
    RegionEU868NextChannel                   0x0800a28d   Thumb Code   206  regioneu868.o(i.RegionEU868NextChannel)
    RegionEU868RxConfig                      0x0800a369   Thumb Code   264  regioneu868.o(i.RegionEU868RxConfig)
    RegionEU868RxParamSetupReq               0x0800a489   Thumb Code    60  regioneu868.o(i.RegionEU868RxParamSetupReq)
    RegionEU868SetBandTxDone                 0x0800a4c9   Thumb Code    34  regioneu868.o(i.RegionEU868SetBandTxDone)
    RegionEU868SetContinuousWave             0x0800a4f5   Thumb Code    92  regioneu868.o(i.RegionEU868SetContinuousWave)
    RegionEU868TxConfig                      0x0800a561   Thumb Code   258  regioneu868.o(i.RegionEU868TxConfig)
    RegionEU868TxParamSetupReq               0x0800a679   Thumb Code     8  regioneu868.o(i.RegionEU868TxParamSetupReq)
    RegionEU868Verify                        0x0800a681   Thumb Code   156  regioneu868.o(i.RegionEU868Verify)
    RegionGetPhyParam                        0x0800a71d   Thumb Code    28  region.o(i.RegionGetPhyParam)
    RegionInitDefaults                       0x0800a739   Thumb Code    24  region.o(i.RegionInitDefaults)
    RegionIsActive                           0x0800a751   Thumb Code    14  region.o(i.RegionIsActive)
    RegionLinkAdrReq                         0x0800a75f   Thumb Code    44  region.o(i.RegionLinkAdrReq)
    RegionNewChannelReq                      0x0800a78b   Thumb Code    22  region.o(i.RegionNewChannelReq)
    RegionNextChannel                        0x0800a7a1   Thumb Code    40  region.o(i.RegionNextChannel)
    RegionRxConfig                           0x0800a7c9   Thumb Code    26  region.o(i.RegionRxConfig)
    RegionRxParamSetupReq                    0x0800a7e3   Thumb Code    22  region.o(i.RegionRxParamSetupReq)
    RegionSetBandTxDone                      0x0800a7f9   Thumb Code    26  region.o(i.RegionSetBandTxDone)
    RegionSetContinuousWave                  0x0800a813   Thumb Code    24  region.o(i.RegionSetContinuousWave)
    RegionTxConfig                           0x0800a82b   Thumb Code    34  region.o(i.RegionTxConfig)
    RegionTxParamSetupReq                    0x0800a84d   Thumb Code    22  region.o(i.RegionTxParamSetupReq)
    RegionVerify                             0x0800a863   Thumb Code    26  region.o(i.RegionVerify)
    RtcComputeElapsedTime                    0x0800a9c1   Thumb Code    36  rtc-board.o(i.RtcComputeElapsedTime)
    RtcEnterLowPowerStopMode                 0x0800ae69   Thumb Code    54  rtc-board.o(i.RtcEnterLowPowerStopMode)
    RtcGetAdjustedTimeoutValue               0x0800aead   Thumb Code    62  rtc-board.o(i.RtcGetAdjustedTimeoutValue)
    RtcGetElapsedAlarmTime                   0x0800af3d   Thumb Code    38  rtc-board.o(i.RtcGetElapsedAlarmTime)
    RtcGetTimerValue                         0x0800af69   Thumb Code    10  rtc-board.o(i.RtcGetTimerValue)
    RtcInit                                  0x0800af75   Thumb Code   158  rtc-board.o(i.RtcInit)
    RtcRecoverMcuStatus                      0x0800b025   Thumb Code    60  rtc-board.o(i.RtcRecoverMcuStatus)
    RtcSetTimeout                            0x0800b06d   Thumb Code    12  rtc-board.o(i.RtcSetTimeout)
    SX1276AntSwDeInit                        0x0800b1e9   Thumb Code    58  sx1276-board.o(i.SX1276AntSwDeInit)
    SX1276AntSwInit                          0x0800b231   Thumb Code    64  sx1276-board.o(i.SX1276AntSwInit)
    SX1276CheckRfFrequency                   0x0800b27d   Thumb Code     6  sx1276-board.o(i.SX1276CheckRfFrequency)
    SX1276GetPaSelect                        0x0800b283   Thumb Code     6  sx1276-board.o(i.SX1276GetPaSelect)
    SX1276GetStatus                          0x0800b289   Thumb Code     8  sx1276.o(i.SX1276GetStatus)
    SX1276GetTimeOnAir                       0x0800b295   Thumb Code   628  sx1276.o(i.SX1276GetTimeOnAir)
    SX1276Init                               0x0800b531   Thumb Code   114  sx1276.o(i.SX1276Init)
    SX1276IoDeInit                           0x0800b5c5   Thumb Code   124  sx1276-board.o(i.SX1276IoDeInit)
    SX1276IoInit                             0x0800b645   Thumb Code   132  sx1276-board.o(i.SX1276IoInit)
    SX1276IoIrqInit                          0x0800b6cd   Thumb Code    88  sx1276-board.o(i.SX1276IoIrqInit)
    SX1276IsChannelFree                      0x0800b729   Thumb Code    96  sx1276.o(i.SX1276IsChannelFree)
    SX1276OnDio0Irq                          0x0800b789   Thumb Code   890  sx1276.o(i.SX1276OnDio0Irq)
    SX1276OnDio1Irq                          0x0800bb25   Thumb Code   404  sx1276.o(i.SX1276OnDio1Irq)
    SX1276OnDio2Irq                          0x0800bccd   Thumb Code   322  sx1276.o(i.SX1276OnDio2Irq)
    SX1276OnDio3Irq                          0x0800be21   Thumb Code   104  sx1276.o(i.SX1276OnDio3Irq)
    SX1276OnDio4Irq                          0x0800be91   Thumb Code    40  sx1276.o(i.SX1276OnDio4Irq)
    SX1276OnTimeoutIrq                       0x0800bebd   Thumb Code   252  sx1276.o(i.SX1276OnTimeoutIrq)
    SX1276Random                             0x0800bfc9   Thumb Code    64  sx1276.o(i.SX1276Random)
    SX1276Read                               0x0800c009   Thumb Code    20  sx1276.o(i.SX1276Read)
    SX1276ReadBuffer                         0x0800c01d   Thumb Code    66  sx1276.o(i.SX1276ReadBuffer)
    SX1276ReadFifo                           0x0800c065   Thumb Code    18  sx1276.o(i.SX1276ReadFifo)
    SX1276ReadRssi                           0x0800c079   Thumb Code    74  sx1276.o(i.SX1276ReadRssi)
    SX1276Reset                              0x0800c0cd   Thumb Code    54  sx1276.o(i.SX1276Reset)
    SX1276Send                               0x0800c109   Thumb Code   300  sx1276.o(i.SX1276Send)
    SX1276SetAntSw                           0x0800c23d   Thumb Code    84  sx1276-board.o(i.SX1276SetAntSw)
    SX1276SetAntSwLowPower                   0x0800c29d   Thumb Code    30  sx1276-board.o(i.SX1276SetAntSwLowPower)
    SX1276SetChannel                         0x0800c2c1   Thumb Code    68  sx1276.o(i.SX1276SetChannel)
    SX1276SetMaxPayloadLength                0x0800c30d   Thumb Code    52  sx1276.o(i.SX1276SetMaxPayloadLength)
    SX1276SetModem                           0x0800c345   Thumb Code   154  sx1276.o(i.SX1276SetModem)
    SX1276SetOpMode                          0x0800c3e5   Thumb Code    50  sx1276.o(i.SX1276SetOpMode)
    SX1276SetPublicNetwork                   0x0800c419   Thumb Code    40  sx1276.o(i.SX1276SetPublicNetwork)
    SX1276SetRfTxPower                       0x0800c445   Thumb Code   188  sx1276-board.o(i.SX1276SetRfTxPower)
    SX1276SetRx                              0x0800c505   Thumb Code   636  sx1276.o(i.SX1276SetRx)
    SX1276SetRxConfig                        0x0800c791   Thumb Code   784  sx1276.o(i.SX1276SetRxConfig)
    SX1276SetSleep                           0x0800cab9   Thumb Code    30  sx1276.o(i.SX1276SetSleep)
    SX1276SetStby                            0x0800cae5   Thumb Code    30  sx1276.o(i.SX1276SetStby)
    SX1276SetTx                              0x0800cb11   Thumb Code   182  sx1276.o(i.SX1276SetTx)
    SX1276SetTxConfig                        0x0800cbd1   Thumb Code   608  sx1276.o(i.SX1276SetTxConfig)
    SX1276SetTxContinuousWave                0x0800ce3d   Thumb Code   132  sx1276.o(i.SX1276SetTxContinuousWave)
    SX1276StartCad                           0x0800cec9   Thumb Code    66  sx1276.o(i.SX1276StartCad)
    SX1276Write                              0x0800cf11   Thumb Code    16  sx1276.o(i.SX1276Write)
    SX1276WriteBuffer                        0x0800cf21   Thumb Code    64  sx1276.o(i.SX1276WriteBuffer)
    SX1276WriteFifo                          0x0800cf65   Thumb Code    18  sx1276.o(i.SX1276WriteFifo)
    Send                                     0x0800d105   Thumb Code   120  loramac.o(i.Send)
    SendFrameOnChannel                       0x0800d21d   Thumb Code   162  loramac.o(i.SendFrameOnChannel)
    SetTxContinuousWave                      0x0800d2f1   Thumb Code    88  loramac.o(i.SetTxContinuousWave)
    SetTxContinuousWave1                     0x0800d35d   Thumb Code    52  loramac.o(i.SetTxContinuousWave1)
    SpiDeInit                                0x0800d39d   Thumb Code   102  spi-board.o(i.SpiDeInit)
    SpiFormat                                0x0800d403   Thumb Code    52  spi-board.o(i.SpiFormat)
    SpiFrequency                             0x0800d439   Thumb Code    74  spi-board.o(i.SpiFrequency)
    SpiInOut                                 0x0800d489   Thumb Code    80  spi-board.o(i.SpiInOut)
    SpiInit                                  0x0800d4d9   Thumb Code   434  spi-board.o(i.SpiInit)
    SysTick_Handler                          0x0800d69d   Thumb Code    12  board.o(i.SysTick_Handler)
    SystemInit                               0x0800d7fd   Thumb Code    82  system_stm32l1xx.o(i.SystemInit)
    TimerGetCurrentTime                      0x0800d881   Thumb Code     8  timer.o(i.TimerGetCurrentTime)
    TimerGetElapsedTime                      0x0800d889   Thumb Code    12  timer.o(i.TimerGetElapsedTime)
    TimerGetValue                            0x0800d895   Thumb Code     8  timer.o(i.TimerGetValue)
    TimerInit                                0x0800d89d   Thumb Code    14  timer.o(i.TimerInit)
    TimerIrqHandler                          0x0800d945   Thumb Code   136  timer.o(i.TimerIrqHandler)
    TimerLowPowerHandler                     0x0800d9d1   Thumb Code    58  timer.o(i.TimerLowPowerHandler)
    TimerSetValue                            0x0800da35   Thumb Code    18  timer.o(i.TimerSetValue)
    TimerStart                               0x0800da49   Thumb Code   132  timer.o(i.TimerStart)
    TimerStop                                0x0800dad1   Thumb Code   230  timer.o(i.TimerStop)
    USART1_IRQHandler                        0x0800e16d   Thumb Code    10  uart-board.o(i.USART1_IRQHandler)
    USART3_IRQHandler                        0x0800e17d   Thumb Code    68  uart-board.o(i.USART3_IRQHandler)
    UartMcuConfig                            0x0800e1c5   Thumb Code   316  uart-board.o(i.UartMcuConfig)
    UartMcuGetChar                           0x0800e319   Thumb Code    46  uart-board.o(i.UartMcuGetChar)
    UartMcuInit                              0x0800e349   Thumb Code   228  uart-board.o(i.UartMcuInit)
    UsageFault_Handler                       0x0800e431   Thumb Code     4  sysirqhandlers.o(i.UsageFault_Handler)
    __0printf                                0x0800e54d   Thumb Code    22  printfa.o(i.__0printf)
    __1printf                                0x0800e54d   Thumb Code     0  printfa.o(i.__0printf)
    __2printf                                0x0800e54d   Thumb Code     0  printfa.o(i.__0printf)
    __c89printf                              0x0800e54d   Thumb Code     0  printfa.o(i.__0printf)
    printf                                   0x0800e54d   Thumb Code     0  printfa.o(i.__0printf)
    __aeabi_errno_addr                       0x0800e56d   Thumb Code     4  errno.o(i.__aeabi_errno_addr)
    __rt_errno_addr                          0x0800e56d   Thumb Code     0  errno.o(i.__aeabi_errno_addr)
    __scatterload_copy                       0x0800e575   Thumb Code    14  handlers.o(i.__scatterload_copy)
    __scatterload_null                       0x0800e583   Thumb Code     2  handlers.o(i.__scatterload_null)
    __scatterload_zeroinit                   0x0800e585   Thumb Code    14  handlers.o(i.__scatterload_zeroinit)
    aes_encrypt                              0x0800ee57   Thumb Code    90  aes.o(i.aes_encrypt)
    aes_set_key                              0x0800eeb1   Thumb Code   312  aes.o(i.aes_set_key)
    ceil                                     0x0800efed   Thumb Code   204  ceil.o(i.ceil)
    dump_hex2str                             0x0800f1a9   Thumb Code    34  main.o(i.dump_hex2str)
    floor                                    0x0800f1d9   Thumb Code   204  floor.o(i.floor)
    fputc                                    0x0800f2b5   Thumb Code    22  uart-board.o(i.fputc)
    main                                     0x0800f2d1   Thumb Code   540  main.o(i.main)
    memcpy1                                  0x0800f5d5   Thumb Code    24  utilities.o(i.memcpy1)
    memcpyr                                  0x0800f5ed   Thumb Code    28  utilities.o(i.memcpyr)
    memset1                                  0x0800f609   Thumb Code    20  utilities.o(i.memset1)
    rand1                                    0x0800f8a1   Thumb Code    32  utilities.o(i.rand1)
    randr                                    0x0800f8c9   Thumb Code    26  utilities.o(i.randr)
    round                                    0x0800f8e5   Thumb Code   136  round.o(i.round)
    rw_Region2Str                            0x0800f979   Thumb Code    64  loramac.o(i.rw_Region2Str)
    srand1                                   0x0800fa7d   Thumb Code     6  utilities.o(i.srand1)
    Radio                                    0x0800fb24   Data          92  sx1276-board.o(.constdata)
    PLLMulTable                              0x0800fb80   Data           9  system_stm32l1xx.o(.constdata)
    AHBPrescTable                            0x0800fb89   Data          16  system_stm32l1xx.o(.constdata)
    APBPrescTable                            0x0800fb99   Data           8  system_stm32l1xx.o(.constdata)
    RadioRegsInit                            0x0800fc20   Data          48  sx1276.o(.constdata)
    FskBandwidths                            0x0800fc50   Data         176  sx1276.o(.constdata)
    NmeaDataTypeGPGGA                        0x0800fd00   Data           6  gps.o(.constdata)
    NmeaDataTypeGPGSA                        0x0800fd06   Data           6  gps.o(.constdata)
    NmeaDataTypeGPGSV                        0x0800fd0c   Data           6  gps.o(.constdata)
    NmeaDataTypeGPRMC                        0x0800fd12   Data           6  gps.o(.constdata)
    MaxNorthPosition                         0x0800fd18   Data           4  gps.o(.constdata)
    MaxSouthPosition                         0x0800fd1c   Data           4  gps.o(.constdata)
    MaxEastPosition                          0x0800fd20   Data           4  gps.o(.constdata)
    MaxWestPosition                          0x0800fd24   Data           4  gps.o(.constdata)
    __ctype_table                            0x08010028   Data         129  ctype_o.o(.constdata)
    Region$$Table$$Base                      0x080100b0   Number         0  anon$$obj.o(Region$$Table)
    Region$$Table$$Limit                     0x080100d0   Number         0  anon$$obj.o(Region$$Table)
    GPS_GETFAIL                              0x2000002b   Data           1  main.o(.data)
    NmeaStringSize                           0x20000032   Data           1  gps-board.o(.data)
    PpsTrigger                               0x20000033   Data           1  gps-board.o(.data)
    I2cInternalAddrSize                      0x20000034   Data           1  i2c-board.o(.data)
    NonScheduledWakeUp                       0x2000003b   Data           1  rtc-board.o(.data)
    McuWakeUpTime                            0x20000040   Data           4  rtc-board.o(.data)
    SystemCoreClock                          0x2000004c   Data           4  system_stm32l1xx.o(.data)
    uwTick                                   0x20000050   Data           4  stm32l1xx_hal.o(.data)
    LoRaMacState                             0x200000ac   Data           4  loramac.o(.data)
    TxTimeOnAir                              0x200000c4   Data           4  loramac.o(.data)
    LoRaMacFlags                             0x200000cb   Data           1  loramac.o(.data)
    IntDetected                              0x20000140   Data           1  lis3dh.o(.data)
    DioIrq                                   0x20000148   Data          24  sx1276.o(.data)
    PpsDetected                              0x20000190   Data           1  gps.o(.data)
    HasLoopedThroughMain                     0x20000194   Data           1  timer.o(.data)
    __stdout                                 0x2000019c   Data           4  stdout.o(.data)
    ComplianceTest                           0x200002d4   Data          20  main.o(.bss)
    AdcHandle                                0x200002e8   Data          84  adc-board.o(.bss)
    Led1                                     0x2000033c   Data          12  board.o(.bss)
    Led2                                     0x20000348   Data          12  board.o(.bss)
    Adc                                      0x20000354   Data          12  board.o(.bss)
    I2c                                      0x20000360   Data         108  board.o(.bss)
    Uart1                                    0x200003cc   Data          56  board.o(.bss)
    GpsUart                                  0x20000404   Data          56  board.o(.bss)
    NmeaString                               0x20000490   Data         128  gps-board.o(.bss)
    GpsPowerEn                               0x20000510   Data          12  gps-board.o(.bss)
    GpsPps                                   0x2000051c   Data          12  gps-board.o(.bss)
    RtcCalendarContext                       0x20000528   Data          20  rtc-board.o(.bss)
    RtcHandle                                0x2000053c   Data          32  rtc-board.o(.bss)
    AntCtxPa                                 0x2000055c   Data          12  sx1276-board.o(.bss)
    AntCbtHf                                 0x20000568   Data          12  sx1276-board.o(.bss)
    AntCrxRx                                 0x20000574   Data          12  sx1276-board.o(.bss)
    UART_RxBuffer                            0x20000580   Data         512  uart-board.o(.bss)
    GPS_RxBuffer                             0x20000780   Data         512  uart-board.o(.bss)
    UartContext                              0x20000980   Data         136  uart-board.o(.bss)
    LoRaMacParams                            0x20000d28   Data          56  loramac.o(.bss)
    LoRaMacParamsDefaults                    0x20000d60   Data          56  loramac.o(.bss)
    Lis3dh_i2c                               0x20001164   Data         108  lis3dh.o(.bss)
    Lis3dh_int1                              0x200011d0   Data          12  lis3dh.o(.bss)
    Lis3dh_int2                              0x200011dc   Data          12  lis3dh.o(.bss)
    SX1276                                   0x200012e8   Data         332  sx1276.o(.bss)
    TxTimeoutTimer                           0x20001434   Data          20  sx1276.o(.bss)
    RxTimeoutTimer                           0x20001448   Data          20  sx1276.o(.bss)
    RxTimeoutSyncWord                        0x2000145c   Data          20  sx1276.o(.bss)
    NmeaGpsData                              0x20001470   Data          99  gps.o(.bss)
    __initial_sp                             0x200018d8   Data           0  startup_stm32l151xb.o(STACK)



==============================================================================

Memory Map of the image

  Image Entry point : 0x080000f5

  Load Region LR_IROM1 (Base: 0x08000000, Size: 0x00010274, Max: 0x00020000, ABSOLUTE, COMPRESSED[0x00010134])

    Execution Region ER_IROM1 (Exec base: 0x08000000, Load base: 0x08000000, Size: 0x000100d0, Max: 0x00020000, ABSOLUTE)

    Exec Addr    Load Addr    Size         Type   Attr      Idx    E Section Name        Object

    0x08000000   0x08000000   0x000000f4   Data   RO         1187    RESET               startup_stm32l151xb.o
    0x080000f4   0x080000f4   0x00000000   Code   RO         6833  * .ARM.Collect$$$$00000000  mc_w.l(entry.o)
    0x080000f4   0x080000f4   0x00000004   Code   RO         7141    .ARM.Collect$$$$00000001  mc_w.l(entry2.o)
    0x080000f8   0x080000f8   0x00000004   Code   RO         7144    .ARM.Collect$$$$00000004  mc_w.l(entry5.o)
    0x080000fc   0x080000fc   0x00000000   Code   RO         7146    .ARM.Collect$$$$00000008  mc_w.l(entry7b.o)
    0x080000fc   0x080000fc   0x00000000   Code   RO         7148    .ARM.Collect$$$$0000000A  mc_w.l(entry8b.o)
    0x080000fc   0x080000fc   0x00000008   Code   RO         7149    .ARM.Collect$$$$0000000B  mc_w.l(entry9a.o)
    0x08000104   0x08000104   0x00000000   Code   RO         7151    .ARM.Collect$$$$0000000D  mc_w.l(entry10a.o)
    0x08000104   0x08000104   0x00000000   Code   RO         7153    .ARM.Collect$$$$0000000F  mc_w.l(entry11a.o)
    0x08000104   0x08000104   0x00000004   Code   RO         7142    .ARM.Collect$$$$00002712  mc_w.l(entry2.o)
    0x08000108   0x08000108   0x00000024   Code   RO         1188    .text               startup_stm32l151xb.o
    0x0800012c   0x0800012c   0x00000024   Code   RO         6836    .text               mc_w.l(memcpya.o)
    0x08000150   0x08000150   0x00000024   Code   RO         6838    .text               mc_w.l(memseta.o)
    0x08000174   0x08000174   0x0000001e   Code   RO         6840    .text               mc_w.l(strncmp.o)
    0x08000192   0x08000192   0x0000001a   Code   RO         7105    .text               mc_w.l(atoi.o)
    0x080001ac   0x080001ac   0x000000b0   Code   RO         7107    .text               mf_w.l(fadd.o)
    0x0800025c   0x0800025c   0x00000064   Code   RO         7109    .text               mf_w.l(fmul.o)
    0x080002c0   0x080002c0   0x0000007c   Code   RO         7111    .text               mf_w.l(fdiv.o)
    0x0800033c   0x0800033c   0x0000014e   Code   RO         7113    .text               mf_w.l(dadd.o)
    0x0800048a   0x0800048a   0x000000e4   Code   RO         7115    .text               mf_w.l(dmul.o)
    0x0800056e   0x0800056e   0x000000de   Code   RO         7117    .text               mf_w.l(ddiv.o)
    0x0800064c   0x0800064c   0x0000000a   Code   RO         7121    .text               mf_w.l(ffltui.o)
    0x08000656   0x08000656   0x00000022   Code   RO         7123    .text               mf_w.l(dflti.o)
    0x08000678   0x08000678   0x0000001a   Code   RO         7125    .text               mf_w.l(dfltui.o)
    0x08000692   0x08000692   0x00000028   Code   RO         7127    .text               mf_w.l(ffixui.o)
    0x080006ba   0x080006ba   0x0000003e   Code   RO         7129    .text               mf_w.l(dfixi.o)
    0x080006f8   0x080006f8   0x00000032   Code   RO         7131    .text               mf_w.l(dfixui.o)
    0x0800072a   0x0800072a   0x00000026   Code   RO         7133    .text               mf_w.l(f2d.o)
    0x08000750   0x08000750   0x00000030   Code   RO         7135    .text               mf_w.l(cdcmple.o)
    0x08000780   0x08000780   0x00000030   Code   RO         7137    .text               mf_w.l(cdrcmple.o)
    0x080007b0   0x080007b0   0x0000002c   Code   RO         7156    .text               mc_w.l(uidiv.o)
    0x080007dc   0x080007dc   0x00000062   Code   RO         7158    .text               mc_w.l(uldiv.o)
    0x0800083e   0x0800083e   0x0000001e   Code   RO         7160    .text               mc_w.l(llshl.o)
    0x0800085c   0x0800085c   0x00000020   Code   RO         7162    .text               mc_w.l(llushr.o)
    0x0800087c   0x0800087c   0x00000024   Code   RO         7164    .text               mc_w.l(llsshr.o)
    0x080008a0   0x080008a0   0x00000070   Code   RO         7173    .text               mc_w.l(strtol.o)
    0x08000910   0x08000910   0x00000000   Code   RO         7175    .text               mc_w.l(iusefp.o)
    0x08000910   0x08000910   0x0000006e   Code   RO         7176    .text               mf_w.l(fepilogue.o)
    0x0800097e   0x0800097e   0x000000ba   Code   RO         7178    .text               mf_w.l(depilogue.o)
    0x08000a38   0x08000a38   0x00000088   Code   RO         7180    .text               mf_w.l(drnd.o)
    0x08000ac0   0x08000ac0   0x00000030   Code   RO         7182    .text               mf_w.l(dfixul.o)
    0x08000af0   0x08000af0   0x00000024   Code   RO         7184    .text               mc_w.l(init.o)
    0x08000b14   0x08000b14   0x00000008   Code   RO         7186    .text               mc_w.l(ctype_o.o)
    0x08000b1c   0x08000b1c   0x0000009e   Code   RO         7214    .text               mc_w.l(_strtoul.o)
    0x08000bba   0x08000bba   0x0000001c   Code   RO         7216    .text               mc_w.l(_chval.o)
    0x08000bd6   0x08000bd6   0x00000056   Code   RO         7226    .text               mc_w.l(__dczerorl2.o)
    0x08000c2c   0x08000c2c   0x00000052   Code   RO         1330    i.ADC_ConversionStop_Disable  stm32l1xx_hal_adc.o
    0x08000c7e   0x08000c7e   0x00000002   PAD
    0x08000c80   0x08000c80   0x00000088   Code   RO         1334    i.ADC_Enable        stm32l1xx_hal_adc.o
    0x08000d08   0x08000d08   0x000001ba   Code   RO         6793    i.AES_CMAC_Final    cmac.o
    0x08000ec2   0x08000ec2   0x00000022   Code   RO         6794    i.AES_CMAC_Init     cmac.o
    0x08000ee4   0x08000ee4   0x00000012   Code   RO         6795    i.AES_CMAC_SetKey   cmac.o
    0x08000ef6   0x08000ef6   0x000000e8   Code   RO         6796    i.AES_CMAC_Update   cmac.o
    0x08000fde   0x08000fde   0x00000002   PAD
    0x08000fe0   0x08000fe0   0x0000000c   Code   RO         6210    i.AdcDeInit         adc.o
    0x08000fec   0x08000fec   0x00000024   Code   RO         6211    i.AdcInit           adc.o
    0x08001010   0x08001010   0x00000034   Code   RO          303    i.AdcMcuConfig      adc-board.o
    0x08001044   0x08001044   0x00000054   Code   RO          304    i.AdcMcuInit        adc-board.o
    0x08001098   0x08001098   0x00000110   Code   RO          305    i.AdcMcuReadChannel  adc-board.o
    0x080011a8   0x080011a8   0x00000020   Code   RO         6212    i.AdcReadChannel    adc.o
    0x080011c8   0x080011c8   0x000001a4   Code   RO         3792    i.AddMacCommand     loramac.o
    0x0800136c   0x0800136c   0x00000018   Code   RO          714    i.BlockLowPowerDuringTask  rtc-board.o
    0x08001384   0x08001384   0x0000008c   Code   RO          355    i.BoardBatteryMeasureVolage  board.o
    0x08001410   0x08001410   0x00000028   Code   RO          356    i.BoardDeInitMcu    board.o
    0x08001438   0x08001438   0x00000014   Code   RO          357    i.BoardDisableIrq   board.o
    0x0800144c   0x0800144c   0x00000018   Code   RO          358    i.BoardEnableIrq    board.o
    0x08001464   0x08001464   0x0000007c   Code   RO          359    i.BoardGetBatteryLevel  board.o
    0x080014e0   0x080014e0   0x000000a0   Code   RO          363    i.BoardInitMcu      board.o
    0x08001580   0x08001580   0x00000060   Code   RO          364    i.BoardInitPeriph   board.o
    0x080015e0   0x080015e0   0x00000010   Code   RO          365    i.BoardUnusedIoInit  board.o
    0x080015f0   0x080015f0   0x00000004   Code   RO         3682    i.BusFault_Handler  sysirqhandlers.o
    0x080015f4   0x080015f4   0x00000078   Code   RO         3793    i.CalculateBackOff  loramac.o
    0x0800166c   0x0800166c   0x0000003c   Code   RO          366    i.CalibrateSystemWakeupTime  board.o
    0x080016a8   0x080016a8   0x00000028   Code   RO         4595    i.CountChannels     regioncommon.o
    0x080016d0   0x080016d0   0x000000ce   Code   RO         4701    i.CountNbOfEnabledChannels  regioneu868.o
    0x0800179e   0x0800179e   0x00000002   Code   RO         3683    i.DebugMon_Handler  sysirqhandlers.o
    0x080017a0   0x080017a0   0x0000000c   Code   RO         6249    i.DelayMs           delay.o
    0x080017ac   0x080017ac   0x0000000e   Code   RO          477    i.EXTI0_IRQHandler  gpio-board.o
    0x080017ba   0x080017ba   0x00000038   Code   RO          478    i.EXTI15_10_IRQHandler  gpio-board.o
    0x080017f2   0x080017f2   0x0000000e   Code   RO          479    i.EXTI1_IRQHandler  gpio-board.o
    0x08001800   0x08001800   0x0000000e   Code   RO          480    i.EXTI2_IRQHandler  gpio-board.o
    0x0800180e   0x0800180e   0x0000000e   Code   RO          481    i.EXTI3_IRQHandler  gpio-board.o
    0x0800181c   0x0800181c   0x0000000e   Code   RO          482    i.EXTI4_IRQHandler  gpio-board.o
    0x0800182a   0x0800182a   0x0000002a   Code   RO          483    i.EXTI9_5_IRQHandler  gpio-board.o
    0x08001854   0x08001854   0x0000000c   Code   RO         6276    i.FifoInit          fifo.o
    0x08001860   0x08001860   0x00000014   Code   RO         6277    i.FifoNext          fifo.o
    0x08001874   0x08001874   0x0000001e   Code   RO         6278    i.FifoPop           fifo.o
    0x08001892   0x08001892   0x00000018   Code   RO         6279    i.FifoPush          fifo.o
    0x080018aa   0x080018aa   0x00000002   PAD
    0x080018ac   0x080018ac   0x00000034   Code   RO         4702    i.GetBandwidth      regioneu868.o
    0x080018e0   0x080018e0   0x00000004   Code   RO          367    i.GetBoardPowerSource  board.o
    0x080018e4   0x080018e4   0x00000038   Code   RO         5970    i.GetFskBandwidthRegValue  sx1276.o
    0x0800191c   0x0800191c   0x00000014   Code   RO         4703    i.GetNextLowerTxDr  regioneu868.o
    0x08001930   0x08001930   0x0000002c   Code   RO         6325    i.GpioInit          gpio.o
    0x0800195c   0x0800195c   0x00000168   Code   RO          484    i.GpioMcuInit       gpio-board.o
    0x08001ac4   0x08001ac4   0x00000148   Code   RO          487    i.GpioMcuSetInterrupt  gpio-board.o
    0x08001c0c   0x08001c0c   0x00000022   Code   RO          488    i.GpioMcuToggle     gpio-board.o
    0x08001c2e   0x08001c2e   0x00000026   Code   RO          489    i.GpioMcuWrite      gpio-board.o
    0x08001c54   0x08001c54   0x00000028   Code   RO         6328    i.GpioSetInterrupt  gpio.o
    0x08001c7c   0x08001c7c   0x00000018   Code   RO         6329    i.GpioToggle        gpio.o
    0x08001c94   0x08001c94   0x0000001c   Code   RO         6330    i.GpioWrite         gpio.o
    0x08001cb0   0x08001cb0   0x0000032c   Code   RO         6379    i.GpsConvertPositionFromStringToNumerical  gps.o
    0x08001fdc   0x08001fdc   0x000000e4   Code   RO         6380    i.GpsConvertPositionIntoBinary  gps.o
    0x080020c0   0x080020c0   0x00000068   Code   RO         6381    i.GpsFormatGpsData  gps.o
    0x08002128   0x08002128   0x00000048   Code   RO         6382    i.GpsGetLatestGpsAltitude  gps.o
    0x08002170   0x08002170   0x00000044   Code   RO         6384    i.GpsGetLatestGpsPositionDouble  gps.o
    0x080021b4   0x080021b4   0x00000020   Code   RO         6385    i.GpsGetPpsDetectedState  gps.o
    0x080021d4   0x080021d4   0x00000014   Code   RO         6387    i.GpsInit           gps.o
    0x080021e8   0x080021e8   0x00000088   Code   RO          584    i.GpsMcuInit        gps-board.o
    0x08002270   0x08002270   0x0000003c   Code   RO          585    i.GpsMcuInvertPpsTrigger  gps-board.o
    0x080022ac   0x080022ac   0x00000074   Code   RO          586    i.GpsMcuIrqNotify   gps-board.o
    0x08002320   0x08002320   0x00000002   Code   RO          587    i.GpsMcuOnPpsSignal  gps-board.o
    0x08002322   0x08002322   0x00000002   PAD
    0x08002324   0x08002324   0x00000010   Code   RO          589    i.GpsMcuStart       gps-board.o
    0x08002334   0x08002334   0x00000010   Code   RO          590    i.GpsMcuStop        gps-board.o
    0x08002344   0x08002344   0x0000006c   Code   RO         6388    i.GpsNmeaChecksum   gps.o
    0x080023b0   0x080023b0   0x00000042   Code   RO         6389    i.GpsNmeaValidateChecksum  gps.o
    0x080023f2   0x080023f2   0x00000002   PAD
    0x080023f4   0x080023f4   0x000004bc   Code   RO         6390    i.GpsParseGpsData   gps.o
    0x080028b0   0x080028b0   0x00000038   Code   RO         6393    i.GpsResetPosition  gps.o
    0x080028e8   0x080028e8   0x00000008   Code   RO         6394    i.GpsStart          gps.o
    0x080028f0   0x080028f0   0x00000008   Code   RO         6395    i.GpsStop           gps.o
    0x080028f8   0x080028f8   0x000001d8   Code   RO         1336    i.HAL_ADC_ConfigChannel  stm32l1xx_hal_adc.o
    0x08002ad0   0x08002ad0   0x0000012c   Code   RO         1339    i.HAL_ADC_DeInit    stm32l1xx_hal_adc.o
    0x08002bfc   0x08002bfc   0x00000008   Code   RO         1343    i.HAL_ADC_GetValue  stm32l1xx_hal_adc.o
    0x08002c04   0x08002c04   0x000001cc   Code   RO         1345    i.HAL_ADC_Init      stm32l1xx_hal_adc.o
    0x08002dd0   0x08002dd0   0x00000002   Code   RO         1347    i.HAL_ADC_MspDeInit  stm32l1xx_hal_adc.o
    0x08002dd2   0x08002dd2   0x00000002   Code   RO         1348    i.HAL_ADC_MspInit   stm32l1xx_hal_adc.o
    0x08002dd4   0x08002dd4   0x000000be   Code   RO         1349    i.HAL_ADC_PollForConversion  stm32l1xx_hal_adc.o
    0x08002e92   0x08002e92   0x0000008c   Code   RO         1351    i.HAL_ADC_Start     stm32l1xx_hal_adc.o
    0x08002f1e   0x08002f1e   0x00000002   PAD
    0x08002f20   0x08002f20   0x00000014   Code   RO         1198    i.HAL_DBGMCU_EnableDBGSleepMode  stm32l1xx_hal.o
    0x08002f34   0x08002f34   0x00000014   Code   RO         1199    i.HAL_DBGMCU_EnableDBGStandbyMode  stm32l1xx_hal.o
    0x08002f48   0x08002f48   0x00000014   Code   RO         1200    i.HAL_DBGMCU_EnableDBGStopMode  stm32l1xx_hal.o
    0x08002f5c   0x08002f5c   0x0000001a   Code   RO         1202    i.HAL_Delay         stm32l1xx_hal.o
    0x08002f76   0x08002f76   0x00000002   PAD
    0x08002f78   0x08002f78   0x0000002c   Code   RO          490    i.HAL_GPIO_EXTI_Callback  gpio-board.o
    0x08002fa4   0x08002fa4   0x0000001c   Code   RO         1670    i.HAL_GPIO_EXTI_IRQHandler  stm32l1xx_hal_gpio.o
    0x08002fc0   0x08002fc0   0x000001d0   Code   RO         1671    i.HAL_GPIO_Init     stm32l1xx_hal_gpio.o
    0x08003190   0x08003190   0x00000008   Code   RO         1674    i.HAL_GPIO_TogglePin  stm32l1xx_hal_gpio.o
    0x08003198   0x08003198   0x0000000c   Code   RO         1675    i.HAL_GPIO_WritePin  stm32l1xx_hal_gpio.o
    0x080031a4   0x080031a4   0x0000000c   Code   RO         1206    i.HAL_GetTick       stm32l1xx_hal.o
    0x080031b0   0x080031b0   0x00000174   Code   RO         1745    i.HAL_I2C_Init      stm32l1xx_hal_i2c.o
    0x08003324   0x08003324   0x00000304   Code   RO         1761    i.HAL_I2C_Mem_Read  stm32l1xx_hal_i2c.o
    0x08003628   0x08003628   0x0000018c   Code   RO         1764    i.HAL_I2C_Mem_Write  stm32l1xx_hal_i2c.o
    0x080037b4   0x080037b4   0x00000002   Code   RO         1768    i.HAL_I2C_MspInit   stm32l1xx_hal_i2c.o
    0x080037b6   0x080037b6   0x00000002   PAD
    0x080037b8   0x080037b8   0x00000010   Code   RO         1207    i.HAL_IncTick       stm32l1xx_hal.o
    0x080037c8   0x080037c8   0x00000016   Code   RO         1208    i.HAL_Init          stm32l1xx_hal.o
    0x080037de   0x080037de   0x00000002   PAD
    0x080037e0   0x080037e0   0x00000028   Code   RO         1209    i.HAL_InitTick      stm32l1xx_hal.o
    0x08003808   0x08003808   0x00000002   Code   RO         1211    i.HAL_MspInit       stm32l1xx_hal.o
    0x0800380a   0x0800380a   0x00000002   PAD
    0x0800380c   0x0800380c   0x0000001c   Code   RO         3556    i.HAL_NVIC_DisableIRQ  stm32l1xx_hal_cortex.o
    0x08003828   0x08003828   0x0000001a   Code   RO         3557    i.HAL_NVIC_EnableIRQ  stm32l1xx_hal_cortex.o
    0x08003842   0x08003842   0x0000007c   Code   RO         3563    i.HAL_NVIC_SetPriority  stm32l1xx_hal_cortex.o
    0x080038be   0x080038be   0x00000002   PAD
    0x080038c0   0x080038c0   0x00000028   Code   RO         3564    i.HAL_NVIC_SetPriorityGrouping  stm32l1xx_hal_cortex.o
    0x080038e8   0x080038e8   0x00000018   Code   RO         2290    i.HAL_PWREx_EnableFastWakeUp  stm32l1xx_hal_pwr_ex.o
    0x08003900   0x08003900   0x00000018   Code   RO         2292    i.HAL_PWREx_EnableUltraLowPower  stm32l1xx_hal_pwr_ex.o
    0x08003918   0x08003918   0x00000010   Code   RO         2293    i.HAL_PWREx_GetVoltageRange  stm32l1xx_hal_pwr_ex.o
    0x08003928   0x08003928   0x00000018   Code   RO         2170    i.HAL_PWR_DisablePVD  stm32l1xx_hal_pwr.o
    0x08003940   0x08003940   0x00000040   Code   RO         2181    i.HAL_PWR_EnterSTOPMode  stm32l1xx_hal_pwr.o
    0x08003980   0x08003980   0x000001d4   Code   RO         2456    i.HAL_RCCEx_PeriphCLKConfig  stm32l1xx_hal_rcc_ex.o
    0x08003b54   0x08003b54   0x000002e8   Code   RO         2348    i.HAL_RCC_ClockConfig  stm32l1xx_hal_rcc.o
    0x08003e3c   0x08003e3c   0x0000000c   Code   RO         2353    i.HAL_RCC_GetHCLKFreq  stm32l1xx_hal_rcc.o
    0x08003e48   0x08003e48   0x0000002c   Code   RO         2355    i.HAL_RCC_GetPCLK1Freq  stm32l1xx_hal_rcc.o
    0x08003e74   0x08003e74   0x0000002c   Code   RO         2356    i.HAL_RCC_GetPCLK2Freq  stm32l1xx_hal_rcc.o
    0x08003ea0   0x08003ea0   0x000000b4   Code   RO         2357    i.HAL_RCC_GetSysClockFreq  stm32l1xx_hal_rcc.o
    0x08003f54   0x08003f54   0x000009bc   Code   RO         2360    i.HAL_RCC_OscConfig  stm32l1xx_hal_rcc.o
    0x08004910   0x08004910   0x00000002   Code   RO         2598    i.HAL_RTCEx_AlarmBEventCallback  stm32l1xx_hal_rtc_ex.o
    0x08004912   0x08004912   0x00000098   Code   RO         2606    i.HAL_RTCEx_DeactivateWakeUpTimer  stm32l1xx_hal_rtc_ex.o
    0x080049aa   0x080049aa   0x00000002   Code   RO         2490    i.HAL_RTC_AlarmAEventCallback  stm32l1xx_hal_rtc.o
    0x080049ac   0x080049ac   0x0000006c   Code   RO         2491    i.HAL_RTC_AlarmIRQHandler  stm32l1xx_hal_rtc.o
    0x08004a18   0x08004a18   0x000000f4   Code   RO         2493    i.HAL_RTC_DeactivateAlarm  stm32l1xx_hal_rtc.o
    0x08004b0c   0x08004b0c   0x00000082   Code   RO         2628    i.HAL_RTC_GetAlarm  stm32l1xx_hal_rtc_ex.o
    0x08004b8e   0x08004b8e   0x00000002   PAD
    0x08004b90   0x08004b90   0x0000004c   Code   RO         2494    i.HAL_RTC_GetDate   stm32l1xx_hal_rtc.o
    0x08004bdc   0x08004bdc   0x00000054   Code   RO         2629    i.HAL_RTC_GetTime   stm32l1xx_hal_rtc_ex.o
    0x08004c30   0x08004c30   0x000000b4   Code   RO         2496    i.HAL_RTC_Init      stm32l1xx_hal_rtc.o
    0x08004ce4   0x08004ce4   0x00000002   Code   RO         2498    i.HAL_RTC_MspInit   stm32l1xx_hal_rtc.o
    0x08004ce6   0x08004ce6   0x00000002   PAD
    0x08004ce8   0x08004ce8   0x00000210   Code   RO         2631    i.HAL_RTC_SetAlarm_IT  stm32l1xx_hal_rtc_ex.o
    0x08004ef8   0x08004ef8   0x00000108   Code   RO         2500    i.HAL_RTC_SetDate   stm32l1xx_hal_rtc.o
    0x08005000   0x08005000   0x0000012c   Code   RO         2501    i.HAL_RTC_SetTime   stm32l1xx_hal_rtc.o
    0x0800512c   0x0800512c   0x0000003a   Code   RO         2632    i.HAL_RTC_WaitForSynchro  stm32l1xx_hal_rtc_ex.o
    0x08005166   0x08005166   0x00000030   Code   RO         2829    i.HAL_SPI_DeInit    stm32l1xx_hal_spi.o
    0x08005196   0x08005196   0x0000007c   Code   RO         3065    i.HAL_SPI_Init      stm32l1xx_hal_spi_ex.o
    0x08005212   0x08005212   0x00000002   Code   RO         2835    i.HAL_SPI_MspDeInit  stm32l1xx_hal_spi.o
    0x08005214   0x08005214   0x00000002   Code   RO         2836    i.HAL_SPI_MspInit   stm32l1xx_hal_spi.o
    0x08005216   0x08005216   0x00000028   Code   RO         3566    i.HAL_SYSTICK_CLKSourceConfig  stm32l1xx_hal_cortex.o
    0x0800523e   0x0800523e   0x00000002   Code   RO         3567    i.HAL_SYSTICK_Callback  stm32l1xx_hal_cortex.o
    0x08005240   0x08005240   0x00000034   Code   RO         3568    i.HAL_SYSTICK_Config  stm32l1xx_hal_cortex.o
    0x08005274   0x08005274   0x00000008   Code   RO         3569    i.HAL_SYSTICK_IRQHandler  stm32l1xx_hal_cortex.o
    0x0800527c   0x0800527c   0x00000040   Code   RO          980    i.HAL_UART_ErrorCallback  uart-board.o
    0x080052bc   0x080052bc   0x000000da   Code   RO         3104    i.HAL_UART_IRQHandler  stm32l1xx_hal_uart.o
    0x08005396   0x08005396   0x0000006e   Code   RO         3105    i.HAL_UART_Init     stm32l1xx_hal_uart.o
    0x08005404   0x08005404   0x00000002   Code   RO         3107    i.HAL_UART_MspInit  stm32l1xx_hal_uart.o
    0x08005406   0x08005406   0x00000086   Code   RO         3110    i.HAL_UART_Receive_IT  stm32l1xx_hal_uart.o
    0x0800548c   0x0800548c   0x00000078   Code   RO          981    i.HAL_UART_RxCpltCallback  uart-board.o
    0x08005504   0x08005504   0x000000f0   Code   RO         3113    i.HAL_UART_Transmit  stm32l1xx_hal_uart.o
    0x080055f4   0x080055f4   0x0000006e   Code   RO         3115    i.HAL_UART_Transmit_IT  stm32l1xx_hal_uart.o
    0x08005662   0x08005662   0x00000002   PAD
    0x08005664   0x08005664   0x00000040   Code   RO          982    i.HAL_UART_TxCpltCallback  uart-board.o
    0x080056a4   0x080056a4   0x00000034   Code   RO         1783    i.I2C_IsAcknowledgeFailed  stm32l1xx_hal_i2c.o
    0x080056d8   0x080056d8   0x00000158   Code   RO         1793    i.I2C_RequestMemoryRead  stm32l1xx_hal_i2c.o
    0x08005830   0x08005830   0x000000e0   Code   RO         1794    i.I2C_RequestMemoryWrite  stm32l1xx_hal_i2c.o
    0x08005910   0x08005910   0x00000056   Code   RO         1802    i.I2C_WaitOnBTFFlagUntilTimeout  stm32l1xx_hal_i2c.o
    0x08005966   0x08005966   0x0000007c   Code   RO         1803    i.I2C_WaitOnFlagUntilTimeout  stm32l1xx_hal_i2c.o
    0x080059e2   0x080059e2   0x000000ac   Code   RO         1804    i.I2C_WaitOnMasterAddressFlagUntilTimeout  stm32l1xx_hal_i2c.o
    0x08005a8e   0x08005a8e   0x0000006e   Code   RO         1805    i.I2C_WaitOnRXNEFlagUntilTimeout  stm32l1xx_hal_i2c.o
    0x08005afc   0x08005afc   0x00000056   Code   RO         1807    i.I2C_WaitOnTXEFlagUntilTimeout  stm32l1xx_hal_i2c.o
    0x08005b52   0x08005b52   0x00000002   PAD
    0x08005b54   0x08005b54   0x0000003c   Code   RO         6507    i.I2cInit           i2c.o
    0x08005b90   0x08005b90   0x00000060   Code   RO          649    i.I2cMcuFormat      i2c-board.o
    0x08005bf0   0x08005bf0   0x00000084   Code   RO          650    i.I2cMcuInit        i2c-board.o
    0x08005c74   0x08005c74   0x00000054   Code   RO          651    i.I2cMcuReadBuffer  i2c-board.o
    0x08005cc8   0x08005cc8   0x00000054   Code   RO          653    i.I2cMcuWriteBuffer  i2c-board.o
    0x08005d1c   0x08005d1c   0x00000034   Code   RO         6509    i.I2cReadBuffer     i2c.o
    0x08005d50   0x08005d50   0x0000004c   Code   RO         6512    i.I2cWriteBuffer    i2c.o
    0x08005d9c   0x08005d9c   0x00000012   Code   RO         6280    i.IsFifoEmpty       fifo.o
    0x08005dae   0x08005dae   0x0000001a   Code   RO         6281    i.IsFifoFull        fifo.o
    0x08005dc8   0x08005dc8   0x00000016   Code   RO         5626    i.LIS3DH_GetInt1Src  lis3dh.o
    0x08005dde   0x08005dde   0x0000002c   Code   RO         5632    i.LIS3DH_GetTempRaw  lis3dh.o
    0x08005e0a   0x08005e0a   0x00000038   Code   RO         5633    i.LIS3DH_HPFAOI1Enable  lis3dh.o
    0x08005e42   0x08005e42   0x00000002   PAD
    0x08005e44   0x08005e44   0x000000e8   Code   RO         5636    i.LIS3DH_Init       lis3dh.o
    0x08005f2c   0x08005f2c   0x0000003c   Code   RO         5637    i.LIS3DH_Int1LatchEnable  lis3dh.o
    0x08005f68   0x08005f68   0x00000040   Code   RO         5639    i.LIS3DH_ReadReg    lis3dh.o
    0x08005fa8   0x08005fa8   0x0000003c   Code   RO         5642    i.LIS3DH_SetAxis    lis3dh.o
    0x08005fe4   0x08005fe4   0x0000003c   Code   RO         5643    i.LIS3DH_SetBDU     lis3dh.o
    0x08006020   0x08006020   0x0000003c   Code   RO         5650    i.LIS3DH_SetFilterDataSel  lis3dh.o
    0x0800605c   0x0800605c   0x0000003c   Code   RO         5651    i.LIS3DH_SetFullScale  lis3dh.o
    0x08006098   0x08006098   0x0000001e   Code   RO         5654    i.LIS3DH_SetInt1Duration  lis3dh.o
    0x080060b6   0x080060b6   0x00000032   Code   RO         5655    i.LIS3DH_SetInt1Pin  lis3dh.o
    0x080060e8   0x080060e8   0x0000001e   Code   RO         5656    i.LIS3DH_SetInt1Threshold  lis3dh.o
    0x08006106   0x08006106   0x00000032   Code   RO         5657    i.LIS3DH_SetInt2Pin  lis3dh.o
    0x08006138   0x08006138   0x000000ba   Code   RO         5658    i.LIS3DH_SetInt6D4DConfiguration  lis3dh.o
    0x080061f2   0x080061f2   0x00000038   Code   RO         5659    i.LIS3DH_SetIntConfiguration  lis3dh.o
    0x0800622a   0x0800622a   0x0000003c   Code   RO         5660    i.LIS3DH_SetIntMode  lis3dh.o
    0x08006266   0x08006266   0x00000002   PAD
    0x08006268   0x08006268   0x000000d4   Code   RO         5661    i.LIS3DH_SetMode    lis3dh.o
    0x0800633c   0x0800633c   0x0000003c   Code   RO         5662    i.LIS3DH_SetODR     lis3dh.o
    0x08006378   0x08006378   0x00000048   Code   RO         5665    i.LIS3DH_SetTemperature  lis3dh.o
    0x080063c0   0x080063c0   0x0000003c   Code   RO         5668    i.LIS3DH_WriteReg   lis3dh.o
    0x080063fc   0x080063fc   0x00000014   Code   RO         4704    i.LimitTxPower      regioneu868.o
    0x08006410   0x08006410   0x00000020   Code   RO         5670    i.Lis3dhGetIntState  lis3dh.o
    0x08006430   0x08006430   0x0000000c   Code   RO         5671    i.Lis3dh_Event      lis3dh.o
    0x0800643c   0x0800643c   0x00000034   Code   RO         5672    i.Lis3dh_IntEventClear  lis3dh.o
    0x08006470   0x08006470   0x00000094   Code   RO         4033    i.LoRaMacComputeMic  loramaccrypto.o
    0x08006504   0x08006504   0x00000370   Code   RO         3796    i.LoRaMacInitialization  loramac.o
    0x08006874   0x08006874   0x00000058   Code   RO         4034    i.LoRaMacJoinComputeMic  loramaccrypto.o
    0x080068cc   0x080068cc   0x00000094   Code   RO         4035    i.LoRaMacJoinComputeSKeys  loramaccrypto.o
    0x08006960   0x08006960   0x00000044   Code   RO         4036    i.LoRaMacJoinDecrypt  loramaccrypto.o
    0x080069a4   0x080069a4   0x00000180   Code   RO         3797    i.LoRaMacMcpsRequest  loramac.o
    0x08006b24   0x08006b24   0x000001a4   Code   RO         3798    i.LoRaMacMibGetRequestConfirm  loramac.o
    0x08006cc8   0x08006cc8   0x00000354   Code   RO         3799    i.LoRaMacMibSetRequestConfirm  loramac.o
    0x0800701c   0x0800701c   0x000001a4   Code   RO         3800    i.LoRaMacMlmeRequest  loramac.o
    0x080071c0   0x080071c0   0x00000028   Code   RO         4037    i.LoRaMacPayloadDecrypt  loramaccrypto.o
    0x080071e8   0x080071e8   0x000000e0   Code   RO         4038    i.LoRaMacPayloadEncrypt  loramaccrypto.o
    0x080072c8   0x080072c8   0x000000f4   Code   RO         3803    i.LoRaMacQueryTxPossible  loramac.o
    0x080073bc   0x080073bc   0x00000024   Code   RO         3806    i.LoRaMacTestSetDutyCycleOn  loramac.o
    0x080073e0   0x080073e0   0x00000028   Code   RO            4    i.McpsConfirm       main.o
    0x08007408   0x08007408   0x000002c8   Code   RO            5    i.McpsIndication    main.o
    0x080076d0   0x080076d0   0x00000004   Code   RO         3684    i.MemManage_Handler  sysirqhandlers.o
    0x080076d4   0x080076d4   0x00000088   Code   RO            6    i.MlmeConfirm       main.o
    0x0800775c   0x0800775c   0x00000002   Code   RO         3685    i.NMI_Handler       sysirqhandlers.o
    0x0800775e   0x0800775e   0x00000002   PAD
    0x08007760   0x08007760   0x00000010   Code   RO         3570    i.NVIC_GetPriorityGrouping  stm32l1xx_hal_cortex.o
    0x08007770   0x08007770   0x00000028   Code   RO         3571    i.NVIC_SetPriority  stm32l1xx_hal_cortex.o
    0x08007798   0x08007798   0x0000001e   Code   RO         3730    i.Nibble2HexChar    utilities.o
    0x080077b6   0x080077b6   0x00000002   PAD
    0x080077b8   0x080077b8   0x00000050   Code   RO         3808    i.OnAckTimeoutTimerEvent  loramac.o
    0x08007808   0x08007808   0x0000000c   Code   RO          368    i.OnCalibrateSystemWakeupTimeTimerEvent  board.o
    0x08007814   0x08007814   0x00000020   Code   RO            7    i.OnLed1TimerEvent  main.o
    0x08007834   0x08007834   0x0000001c   Code   RO            8    i.OnLed2TimerEvent  main.o
    0x08007850   0x08007850   0x000003cc   Code   RO         3809    i.OnMacStateCheckTimerEvent  loramac.o
    0x08007c1c   0x08007c1c   0x000006c0   Code   RO         3810    i.OnRadioRxDone     loramac.o
    0x080082dc   0x080082dc   0x00000098   Code   RO         3811    i.OnRadioRxError    loramac.o
    0x08008374   0x08008374   0x000000a0   Code   RO         3812    i.OnRadioRxTimeout  loramac.o
    0x08008414   0x08008414   0x0000015c   Code   RO         3813    i.OnRadioTxDone     loramac.o
    0x08008570   0x08008570   0x00000044   Code   RO         3814    i.OnRadioTxTimeout  loramac.o
    0x080085b4   0x080085b4   0x00000094   Code   RO         3815    i.OnRxWindow1TimerEvent  loramac.o
    0x08008648   0x08008648   0x00000084   Code   RO         3816    i.OnRxWindow2TimerEvent  loramac.o
    0x080086cc   0x080086cc   0x00000094   Code   RO         3817    i.OnTxDelayedTimerEvent  loramac.o
    0x08008760   0x08008760   0x00000044   Code   RO            9    i.OnTxNextPacketTimerEvent  main.o
    0x080087a4   0x080087a4   0x0000007a   Code   RO         3818    i.ParseMacCommandsToRepeat  loramac.o
    0x0800881e   0x0800881e   0x00000002   PAD
    0x08008820   0x08008820   0x00000424   Code   RO         3819    i.PrepareFrame      loramac.o
    0x08008c44   0x08008c44   0x00000054   Code   RO         3820    i.PrepareRxDoneAbort  loramac.o
    0x08008c98   0x08008c98   0x0000031c   Code   RO           10    i.PrepareTxFrame    main.o
    0x08008fb4   0x08008fb4   0x00000384   Code   RO         3821    i.ProcessMacCommands  loramac.o
    0x08009338   0x08009338   0x000000a8   Code   RO         2361    i.RCC_SetFlashLatencyFromMSIRange  stm32l1xx_hal_rcc.o
    0x080093e0   0x080093e0   0x0000002c   Code   RO          715    i.RTC_Alarm_IRQHandler  rtc-board.o
    0x0800940c   0x0800940c   0x00000016   Code   RO         2502    i.RTC_Bcd2ToByte    stm32l1xx_hal_rtc.o
    0x08009422   0x08009422   0x0000001a   Code   RO         2503    i.RTC_ByteToBcd2    stm32l1xx_hal_rtc.o
    0x0800943c   0x0800943c   0x0000003e   Code   RO         2504    i.RTC_EnterInitMode  stm32l1xx_hal_rtc.o
    0x0800947a   0x0800947a   0x00000028   Code   RO         4084    i.RegionAdrNext     region.o
    0x080094a2   0x080094a2   0x00000016   Code   RO         4085    i.RegionAlternateDr  region.o
    0x080094b8   0x080094b8   0x00000018   Code   RO         4086    i.RegionApplyCFList  region.o
    0x080094d0   0x080094d0   0x00000022   Code   RO         4087    i.RegionApplyDrOffset  region.o
    0x080094f2   0x080094f2   0x00000018   Code   RO         4088    i.RegionCalcBackOff  region.o
    0x0800950a   0x0800950a   0x00000016   Code   RO         4089    i.RegionChanMaskSet  region.o
    0x08009520   0x08009520   0x00000088   Code   RO         4596    i.RegionCommonCalcBackOff  regioncommon.o
    0x080095a8   0x080095a8   0x00000046   Code   RO         4597    i.RegionCommonChanDisable  regioncommon.o
    0x080095ee   0x080095ee   0x0000001e   Code   RO         4598    i.RegionCommonChanMaskCopy  regioncommon.o
    0x0800960c   0x0800960c   0x00000082   Code   RO         4599    i.RegionCommonChanVerifyDr  regioncommon.o
    0x0800968e   0x0800968e   0x00000002   PAD
    0x08009690   0x08009690   0x00000120   Code   RO         4600    i.RegionCommonComputeRxWindowParameters  regioncommon.o
    0x080097b0   0x080097b0   0x00000020   Code   RO         4601    i.RegionCommonComputeSymbolTimeFsk  regioncommon.o
    0x080097d0   0x080097d0   0x00000038   Code   RO         4602    i.RegionCommonComputeSymbolTimeLoRa  regioncommon.o
    0x08009808   0x08009808   0x00000040   Code   RO         4603    i.RegionCommonComputeTxPower  regioncommon.o
    0x08009848   0x08009848   0x00000036   Code   RO         4604    i.RegionCommonCountChannels  regioncommon.o
    0x0800987e   0x0800987e   0x00000002   PAD
    0x08009880   0x08009880   0x00000028   Code   RO         4605    i.RegionCommonGetJoinDc  regioncommon.o
    0x080098a8   0x080098a8   0x0000009c   Code   RO         4606    i.RegionCommonLinkAdrReqVerifyParams  regioncommon.o
    0x08009944   0x08009944   0x00000048   Code   RO         4607    i.RegionCommonParseLinkAdrReq  regioncommon.o
    0x0800998c   0x0800998c   0x0000000e   Code   RO         4608    i.RegionCommonSetBandTxDone  regioncommon.o
    0x0800999a   0x0800999a   0x00000106   Code   RO         4609    i.RegionCommonUpdateBandTimeOff  regioncommon.o
    0x08009aa0   0x08009aa0   0x00000012   Code   RO         4610    i.RegionCommonValueInRange  regioncommon.o
    0x08009ab2   0x08009ab2   0x0000002a   Code   RO         4092    i.RegionComputeRxWindowParameters  region.o
    0x08009adc   0x08009adc   0x00000016   Code   RO         4093    i.RegionDlChannelReq  region.o
    0x08009af2   0x08009af2   0x00000002   PAD
    0x08009af4   0x08009af4   0x00000094   Code   RO         4705    i.RegionEU868AdrNext  regioneu868.o
    0x08009b88   0x08009b88   0x0000006a   Code   RO         4706    i.RegionEU868AlternateDr  regioneu868.o
    0x08009bf2   0x08009bf2   0x00000086   Code   RO         4707    i.RegionEU868ApplyCFList  regioneu868.o
    0x08009c78   0x08009c78   0x00000012   Code   RO         4708    i.RegionEU868ApplyDrOffset  regioneu868.o
    0x08009c8a   0x08009c8a   0x00000002   PAD
    0x08009c8c   0x08009c8c   0x00000040   Code   RO         4709    i.RegionEU868CalcBackOff  regioneu868.o
    0x08009ccc   0x08009ccc   0x00000038   Code   RO         4710    i.RegionEU868ChanMaskSet  regioneu868.o
    0x08009d04   0x08009d04   0x000000f4   Code   RO         4711    i.RegionEU868ChannelAdd  regioneu868.o
    0x08009df8   0x08009df8   0x0000003c   Code   RO         4712    i.RegionEU868ChannelsRemove  regioneu868.o
    0x08009e34   0x08009e34   0x00000078   Code   RO         4713    i.RegionEU868ComputeRxWindowParameters  regioneu868.o
    0x08009eac   0x08009eac   0x00000048   Code   RO         4714    i.RegionEU868DlChannelReq  regioneu868.o
    0x08009ef4   0x08009ef4   0x00000128   Code   RO         4715    i.RegionEU868GetPhyParam  regioneu868.o
    0x0800a01c   0x0800a01c   0x0000008c   Code   RO         4716    i.RegionEU868InitDefaults  regioneu868.o
    0x0800a0a8   0x0800a0a8   0x00000184   Code   RO         4717    i.RegionEU868LinkAdrReq  regioneu868.o
    0x0800a22c   0x0800a22c   0x0000005e   Code   RO         4718    i.RegionEU868NewChannelReq  regioneu868.o
    0x0800a28a   0x0800a28a   0x00000002   PAD
    0x0800a28c   0x0800a28c   0x000000dc   Code   RO         4719    i.RegionEU868NextChannel  regioneu868.o
    0x0800a368   0x0800a368   0x00000120   Code   RO         4720    i.RegionEU868RxConfig  regioneu868.o
    0x0800a488   0x0800a488   0x00000040   Code   RO         4721    i.RegionEU868RxParamSetupReq  regioneu868.o
    0x0800a4c8   0x0800a4c8   0x0000002c   Code   RO         4722    i.RegionEU868SetBandTxDone  regioneu868.o
    0x0800a4f4   0x0800a4f4   0x0000006c   Code   RO         4723    i.RegionEU868SetContinuousWave  regioneu868.o
    0x0800a560   0x0800a560   0x00000118   Code   RO         4724    i.RegionEU868TxConfig  regioneu868.o
    0x0800a678   0x0800a678   0x00000008   Code   RO         4725    i.RegionEU868TxParamSetupReq  regioneu868.o
    0x0800a680   0x0800a680   0x0000009c   Code   RO         4726    i.RegionEU868Verify  regioneu868.o
    0x0800a71c   0x0800a71c   0x0000001c   Code   RO         4094    i.RegionGetPhyParam  region.o
    0x0800a738   0x0800a738   0x00000018   Code   RO         4095    i.RegionInitDefaults  region.o
    0x0800a750   0x0800a750   0x0000000e   Code   RO         4096    i.RegionIsActive    region.o
    0x0800a75e   0x0800a75e   0x0000002c   Code   RO         4097    i.RegionLinkAdrReq  region.o
    0x0800a78a   0x0800a78a   0x00000016   Code   RO         4098    i.RegionNewChannelReq  region.o
    0x0800a7a0   0x0800a7a0   0x00000028   Code   RO         4099    i.RegionNextChannel  region.o
    0x0800a7c8   0x0800a7c8   0x0000001a   Code   RO         4100    i.RegionRxConfig    region.o
    0x0800a7e2   0x0800a7e2   0x00000016   Code   RO         4101    i.RegionRxParamSetupReq  region.o
    0x0800a7f8   0x0800a7f8   0x0000001a   Code   RO         4102    i.RegionSetBandTxDone  region.o
    0x0800a812   0x0800a812   0x00000018   Code   RO         4103    i.RegionSetContinuousWave  region.o
    0x0800a82a   0x0800a82a   0x00000022   Code   RO         4104    i.RegionTxConfig    region.o
    0x0800a84c   0x0800a84c   0x00000016   Code   RO         4105    i.RegionTxParamSetupReq  region.o
    0x0800a862   0x0800a862   0x0000001a   Code   RO         4106    i.RegionVerify      region.o
    0x0800a87c   0x0800a87c   0x00000108   Code   RO         3822    i.ResetMacParameters  loramac.o
    0x0800a984   0x0800a984   0x0000003c   Code   RO          716    i.RtcCheckCalendarRollOver  rtc-board.o
    0x0800a9c0   0x0800a9c0   0x00000024   Code   RO          717    i.RtcComputeElapsedTime  rtc-board.o
    0x0800a9e4   0x0800a9e4   0x0000025c   Code   RO          719    i.RtcComputeTimerTimeToAlarmTick  rtc-board.o
    0x0800ac40   0x0800ac40   0x000000a4   Code   RO          720    i.RtcComputeWakeUpTime  rtc-board.o
    0x0800ace4   0x0800ace4   0x00000184   Code   RO          721    i.RtcConvertCalendarTickToTimerTime  rtc-board.o
    0x0800ae68   0x0800ae68   0x00000044   Code   RO          723    i.RtcEnterLowPowerStopMode  rtc-board.o
    0x0800aeac   0x0800aeac   0x0000004c   Code   RO          724    i.RtcGetAdjustedTimeoutValue  rtc-board.o
    0x0800aef8   0x0800aef8   0x00000044   Code   RO          725    i.RtcGetCalendar    rtc-board.o
    0x0800af3c   0x0800af3c   0x0000002c   Code   RO          726    i.RtcGetElapsedAlarmTime  rtc-board.o
    0x0800af68   0x0800af68   0x0000000a   Code   RO          727    i.RtcGetTimerValue  rtc-board.o
    0x0800af72   0x0800af72   0x00000002   PAD
    0x0800af74   0x0800af74   0x000000b0   Code   RO          728    i.RtcInit           rtc-board.o
    0x0800b024   0x0800b024   0x00000048   Code   RO          729    i.RtcRecoverMcuStatus  rtc-board.o
    0x0800b06c   0x0800b06c   0x0000000c   Code   RO          730    i.RtcSetTimeout     rtc-board.o
    0x0800b078   0x0800b078   0x00000098   Code   RO          731    i.RtcStartWakeUpAlarm  rtc-board.o
    0x0800b110   0x0800b110   0x000000b8   Code   RO         5971    i.RxChainCalibration  sx1276.o
    0x0800b1c8   0x0800b1c8   0x00000020   Code   RO         3823    i.RxWindowSetup     loramac.o
    0x0800b1e8   0x0800b1e8   0x00000048   Code   RO          887    i.SX1276AntSwDeInit  sx1276-board.o
    0x0800b230   0x0800b230   0x0000004c   Code   RO          888    i.SX1276AntSwInit   sx1276-board.o
    0x0800b27c   0x0800b27c   0x00000006   Code   RO          889    i.SX1276CheckRfFrequency  sx1276-board.o
    0x0800b282   0x0800b282   0x00000006   Code   RO          890    i.SX1276GetPaSelect  sx1276-board.o
    0x0800b288   0x0800b288   0x0000000c   Code   RO         5972    i.SX1276GetStatus   sx1276.o
    0x0800b294   0x0800b294   0x0000029c   Code   RO         5973    i.SX1276GetTimeOnAir  sx1276.o
    0x0800b530   0x0800b530   0x00000094   Code   RO         5974    i.SX1276Init        sx1276.o
    0x0800b5c4   0x0800b5c4   0x00000080   Code   RO          891    i.SX1276IoDeInit    sx1276-board.o
    0x0800b644   0x0800b644   0x00000088   Code   RO          892    i.SX1276IoInit      sx1276-board.o
    0x0800b6cc   0x0800b6cc   0x0000005c   Code   RO          893    i.SX1276IoIrqInit   sx1276-board.o
    0x0800b728   0x0800b728   0x00000060   Code   RO         5975    i.SX1276IsChannelFree  sx1276.o
    0x0800b788   0x0800b788   0x0000039c   Code   RO         5976    i.SX1276OnDio0Irq   sx1276.o
    0x0800bb24   0x0800bb24   0x000001a8   Code   RO         5977    i.SX1276OnDio1Irq   sx1276.o
    0x0800bccc   0x0800bccc   0x00000154   Code   RO         5978    i.SX1276OnDio2Irq   sx1276.o
    0x0800be20   0x0800be20   0x00000070   Code   RO         5979    i.SX1276OnDio3Irq   sx1276.o
    0x0800be90   0x0800be90   0x0000002c   Code   RO         5980    i.SX1276OnDio4Irq   sx1276.o
    0x0800bebc   0x0800bebc   0x0000010c   Code   RO         5982    i.SX1276OnTimeoutIrq  sx1276.o
    0x0800bfc8   0x0800bfc8   0x00000040   Code   RO         5983    i.SX1276Random      sx1276.o
    0x0800c008   0x0800c008   0x00000014   Code   RO         5984    i.SX1276Read        sx1276.o
    0x0800c01c   0x0800c01c   0x00000048   Code   RO         5985    i.SX1276ReadBuffer  sx1276.o
    0x0800c064   0x0800c064   0x00000012   Code   RO         5986    i.SX1276ReadFifo    sx1276.o
    0x0800c076   0x0800c076   0x00000002   PAD
    0x0800c078   0x0800c078   0x00000054   Code   RO         5987    i.SX1276ReadRssi    sx1276.o
    0x0800c0cc   0x0800c0cc   0x0000003c   Code   RO         5988    i.SX1276Reset       sx1276.o
    0x0800c108   0x0800c108   0x00000134   Code   RO         5989    i.SX1276Send        sx1276.o
    0x0800c23c   0x0800c23c   0x00000060   Code   RO          894    i.SX1276SetAntSw    sx1276-board.o
    0x0800c29c   0x0800c29c   0x00000024   Code   RO          895    i.SX1276SetAntSwLowPower  sx1276-board.o
    0x0800c2c0   0x0800c2c0   0x0000004c   Code   RO         5990    i.SX1276SetChannel  sx1276.o
    0x0800c30c   0x0800c30c   0x00000038   Code   RO         5991    i.SX1276SetMaxPayloadLength  sx1276.o
    0x0800c344   0x0800c344   0x000000a0   Code   RO         5992    i.SX1276SetModem    sx1276.o
    0x0800c3e4   0x0800c3e4   0x00000032   Code   RO         5993    i.SX1276SetOpMode   sx1276.o
    0x0800c416   0x0800c416   0x00000002   PAD
    0x0800c418   0x0800c418   0x0000002c   Code   RO         5994    i.SX1276SetPublicNetwork  sx1276.o
    0x0800c444   0x0800c444   0x000000c0   Code   RO          896    i.SX1276SetRfTxPower  sx1276-board.o
    0x0800c504   0x0800c504   0x0000028c   Code   RO         5995    i.SX1276SetRx       sx1276.o
    0x0800c790   0x0800c790   0x00000328   Code   RO         5996    i.SX1276SetRxConfig  sx1276.o
    0x0800cab8   0x0800cab8   0x0000002c   Code   RO         5997    i.SX1276SetSleep    sx1276.o
    0x0800cae4   0x0800cae4   0x0000002c   Code   RO         5998    i.SX1276SetStby     sx1276.o
    0x0800cb10   0x0800cb10   0x000000c0   Code   RO         5999    i.SX1276SetTx       sx1276.o
    0x0800cbd0   0x0800cbd0   0x0000026c   Code   RO         6000    i.SX1276SetTxConfig  sx1276.o
    0x0800ce3c   0x0800ce3c   0x0000008c   Code   RO         6001    i.SX1276SetTxContinuousWave  sx1276.o
    0x0800cec8   0x0800cec8   0x00000048   Code   RO         6002    i.SX1276StartCad    sx1276.o
    0x0800cf10   0x0800cf10   0x00000010   Code   RO         6003    i.SX1276Write       sx1276.o
    0x0800cf20   0x0800cf20   0x00000044   Code   RO         6004    i.SX1276WriteBuffer  sx1276.o
    0x0800cf64   0x0800cf64   0x00000012   Code   RO         6005    i.SX1276WriteFifo   sx1276.o
    0x0800cf76   0x0800cf76   0x00000002   PAD
    0x0800cf78   0x0800cf78   0x0000018c   Code   RO         3824    i.ScheduleTx        loramac.o
    0x0800d104   0x0800d104   0x00000084   Code   RO         3825    i.Send              loramac.o
    0x0800d188   0x0800d188   0x00000094   Code   RO           11    i.SendFrame         main.o
    0x0800d21c   0x0800d21c   0x000000d4   Code   RO         3826    i.SendFrameOnChannel  loramac.o
    0x0800d2f0   0x0800d2f0   0x0000006c   Code   RO         3827    i.SetTxContinuousWave  loramac.o
    0x0800d35c   0x0800d35c   0x00000040   Code   RO         3828    i.SetTxContinuousWave1  loramac.o
    0x0800d39c   0x0800d39c   0x00000066   Code   RO          839    i.SpiDeInit         spi-board.o
    0x0800d402   0x0800d402   0x00000034   Code   RO          840    i.SpiFormat         spi-board.o
    0x0800d436   0x0800d436   0x00000002   PAD
    0x0800d438   0x0800d438   0x00000050   Code   RO          841    i.SpiFrequency      spi-board.o
    0x0800d488   0x0800d488   0x00000050   Code   RO          842    i.SpiInOut          spi-board.o
    0x0800d4d8   0x0800d4d8   0x000001c4   Code   RO          843    i.SpiInit           spi-board.o
    0x0800d69c   0x0800d69c   0x0000000c   Code   RO          369    i.SysTick_Handler   board.o
    0x0800d6a8   0x0800d6a8   0x000000a4   Code   RO          370    i.SystemClockConfig  board.o
    0x0800d74c   0x0800d74c   0x000000b0   Code   RO          371    i.SystemClockReConfig  board.o
    0x0800d7fc   0x0800d7fc   0x00000064   Code   RO         1087    i.SystemInit        system_stm32l1xx.o
    0x0800d860   0x0800d860   0x00000020   Code   RO         6568    i.TimerExists       timer.o
    0x0800d880   0x0800d880   0x00000008   Code   RO         6569    i.TimerGetCurrentTime  timer.o
    0x0800d888   0x0800d888   0x0000000c   Code   RO         6570    i.TimerGetElapsedTime  timer.o
    0x0800d894   0x0800d894   0x00000008   Code   RO         6572    i.TimerGetValue     timer.o
    0x0800d89c   0x0800d89c   0x0000000e   Code   RO         6573    i.TimerInit         timer.o
    0x0800d8aa   0x0800d8aa   0x00000002   PAD
    0x0800d8ac   0x0800d8ac   0x0000002c   Code   RO         6574    i.TimerInsertNewHeadTimer  timer.o
    0x0800d8d8   0x0800d8d8   0x0000006c   Code   RO         6575    i.TimerInsertTimer  timer.o
    0x0800d944   0x0800d944   0x0000008c   Code   RO         6576    i.TimerIrqHandler   timer.o
    0x0800d9d0   0x0800d9d0   0x00000044   Code   RO         6577    i.TimerLowPowerHandler  timer.o
    0x0800da14   0x0800da14   0x00000020   Code   RO         6579    i.TimerSetTimeout   timer.o
    0x0800da34   0x0800da34   0x00000012   Code   RO         6580    i.TimerSetValue     timer.o
    0x0800da46   0x0800da46   0x00000002   PAD
    0x0800da48   0x0800da48   0x00000088   Code   RO         6581    i.TimerStart        timer.o
    0x0800dad0   0x0800dad0   0x000000ec   Code   RO         6582    i.TimerStop         timer.o
    0x0800dbbc   0x0800dbbc   0x00000030   Code   RO         3123    i.UART_EndTransmit_IT  stm32l1xx_hal_uart.o
    0x0800dbec   0x0800dbec   0x000000bc   Code   RO         3124    i.UART_Receive_IT   stm32l1xx_hal_uart.o
    0x0800dca8   0x0800dca8   0x00000358   Code   RO         3125    i.UART_SetConfig    stm32l1xx_hal_uart.o
    0x0800e000   0x0800e000   0x00000070   Code   RO         3126    i.UART_Transmit_IT  stm32l1xx_hal_uart.o
    0x0800e070   0x0800e070   0x000000fa   Code   RO         3127    i.UART_WaitOnFlagUntilTimeout  stm32l1xx_hal_uart.o
    0x0800e16a   0x0800e16a   0x00000002   PAD
    0x0800e16c   0x0800e16c   0x00000010   Code   RO          983    i.USART1_IRQHandler  uart-board.o
    0x0800e17c   0x0800e17c   0x00000048   Code   RO          984    i.USART3_IRQHandler  uart-board.o
    0x0800e1c4   0x0800e1c4   0x00000154   Code   RO          985    i.UartMcuConfig     uart-board.o
    0x0800e318   0x0800e318   0x0000002e   Code   RO          987    i.UartMcuGetChar    uart-board.o
    0x0800e346   0x0800e346   0x00000002   PAD
    0x0800e348   0x0800e348   0x000000e8   Code   RO          988    i.UartMcuInit       uart-board.o
    0x0800e430   0x0800e430   0x00000004   Code   RO         3686    i.UsageFault_Handler  sysirqhandlers.o
    0x0800e434   0x0800e434   0x00000064   Code   RO         3829    i.ValidatePayloadLength  loramac.o
    0x0800e498   0x0800e498   0x000000b4   Code   RO         4727    i.VerifyTxFreq      regioneu868.o
    0x0800e54c   0x0800e54c   0x00000020   Code   RO         7077    i.__0printf         mc_w.l(printfa.o)
    0x0800e56c   0x0800e56c   0x00000008   Code   RO         7166    i.__aeabi_errno_addr  mc_w.l(errno.o)
    0x0800e574   0x0800e574   0x0000000e   Code   RO         7220    i.__scatterload_copy  mc_w.l(handlers.o)
    0x0800e582   0x0800e582   0x00000002   Code   RO         7221    i.__scatterload_null  mc_w.l(handlers.o)
    0x0800e584   0x0800e584   0x0000000e   Code   RO         7222    i.__scatterload_zeroinit  mc_w.l(handlers.o)
    0x0800e592   0x0800e592   0x00000002   PAD
    0x0800e594   0x0800e594   0x00000184   Code   RO         7084    i._fp_digits        mc_w.l(printfa.o)
    0x0800e718   0x0800e718   0x000006dc   Code   RO         7085    i._printf_core      mc_w.l(printfa.o)
    0x0800edf4   0x0800edf4   0x00000024   Code   RO         7086    i._printf_post_padding  mc_w.l(printfa.o)
    0x0800ee18   0x0800ee18   0x0000002e   Code   RO         7087    i._printf_pre_padding  mc_w.l(printfa.o)
    0x0800ee46   0x0800ee46   0x00000010   Code   RO         6732    i.add_round_key     aes.o
    0x0800ee56   0x0800ee56   0x0000005a   Code   RO         6734    i.aes_encrypt       aes.o
    0x0800eeb0   0x0800eeb0   0x0000013c   Code   RO         6735    i.aes_set_key       aes.o
    0x0800efec   0x0800efec   0x000000dc   Code   RO         6824    i.ceil              m_ws.l(ceil.o)
    0x0800f0c8   0x0800f0c8   0x00000084   Code   RO         6736    i.copy_and_key      aes.o
    0x0800f14c   0x0800f14c   0x00000042   Code   RO         6737    i.copy_block        aes.o
    0x0800f18e   0x0800f18e   0x00000018   Code   RO         6738    i.copy_block_nn     aes.o
    0x0800f1a6   0x0800f1a6   0x00000002   PAD
    0x0800f1a8   0x0800f1a8   0x00000030   Code   RO           12    i.dump_hex2str      main.o
    0x0800f1d8   0x0800f1d8   0x000000dc   Code   RO         6828    i.floor             m_ws.l(floor.o)
    0x0800f2b4   0x0800f2b4   0x0000001c   Code   RO          992    i.fputc             uart-board.o
    0x0800f2d0   0x0800f2d0   0x00000304   Code   RO           13    i.main              main.o
    0x0800f5d4   0x0800f5d4   0x00000018   Code   RO         3731    i.memcpy1           utilities.o
    0x0800f5ec   0x0800f5ec   0x0000001c   Code   RO         3732    i.memcpyr           utilities.o
    0x0800f608   0x0800f608   0x00000014   Code   RO         3733    i.memset1           utilities.o
    0x0800f61c   0x0800f61c   0x00000284   Code   RO         6739    i.mix_sub_columns   aes.o
    0x0800f8a0   0x0800f8a0   0x00000028   Code   RO         3734    i.rand1             utilities.o
    0x0800f8c8   0x0800f8c8   0x0000001a   Code   RO         3735    i.randr             utilities.o
    0x0800f8e2   0x0800f8e2   0x00000002   PAD
    0x0800f8e4   0x0800f8e4   0x00000094   Code   RO         6831    i.round             m_ws.l(round.o)
    0x0800f978   0x0800f978   0x00000094   Code   RO         3830    i.rw_Region2Str     loramac.o
    0x0800fa0c   0x0800fa0c   0x00000070   Code   RO         6740    i.shift_sub_rows    aes.o
    0x0800fa7c   0x0800fa7c   0x0000000c   Code   RO         3736    i.srand1            utilities.o
    0x0800fa88   0x0800fa88   0x00000082   Code   RO         6741    i.xor_block         aes.o
    0x0800fb0a   0x0800fb0a   0x00000018   Data   RO          733    .constdata          rtc-board.o
    0x0800fb22   0x0800fb22   0x00000002   PAD
    0x0800fb24   0x0800fb24   0x0000005c   Data   RO          898    .constdata          sx1276-board.o
    0x0800fb80   0x0800fb80   0x00000021   Data   RO         1088    .constdata          system_stm32l1xx.o
    0x0800fba1   0x0800fba1   0x00000010   Data   RO         3832    .constdata          loramac.o
    0x0800fbb1   0x0800fbb1   0x00000003   PAD
    0x0800fbb4   0x0800fbb4   0x0000006c   Data   RO         4729    .constdata          regioneu868.o
    0x0800fc20   0x0800fc20   0x000000e0   Data   RO         6007    .constdata          sx1276.o
    0x0800fd00   0x0800fd00   0x00000028   Data   RO         6397    .constdata          gps.o
    0x0800fd28   0x0800fd28   0x00000300   Data   RO         6742    .constdata          aes.o
    0x08010028   0x08010028   0x00000081   Data   RO         7187    .constdata          mc_w.l(ctype_o.o)
    0x080100a9   0x080100a9   0x00000003   PAD
    0x080100ac   0x080100ac   0x00000004   Data   RO         7188    .constdata          mc_w.l(ctype_o.o)
    0x080100b0   0x080100b0   0x00000020   Data   RO         7218    Region$$Table       anon$$obj.o


    Execution Region RW_IRAM1 (Exec base: 0x20000000, Load base: 0x080100d0, Size: 0x000018d8, Max: 0x00004000, ABSOLUTE, COMPRESSED[0x00000064])

    Exec Addr    Load Addr    Size         Type   Attr      Idx    E Section Name        Object

    0x20000000   COMPRESSED   0x0000002c   Data   RW           18    .data               main.o
    0x2000002c   COMPRESSED   0x00000006   Data   RW          373    .data               board.o
    0x20000032   COMPRESSED   0x00000002   Data   RW          592    .data               gps-board.o
    0x20000034   COMPRESSED   0x00000001   Data   RW          655    .data               i2c-board.o
    0x20000035   COMPRESSED   0x00000003   PAD
    0x20000038   COMPRESSED   0x00000010   Data   RW          734    .data               rtc-board.o
    0x20000048   COMPRESSED   0x00000001   Data   RW          899    .data               sx1276-board.o
    0x20000049   COMPRESSED   0x00000003   PAD
    0x2000004c   COMPRESSED   0x00000004   Data   RW         1089    .data               system_stm32l1xx.o
    0x20000050   COMPRESSED   0x00000004   Data   RW         1214    .data               stm32l1xx_hal.o
    0x20000054   COMPRESSED   0x00000004   Data   RW         3737    .data               utilities.o
    0x20000058   COMPRESSED   0x00000074   Data   RW         3833    .data               loramac.o
    0x200000cc   COMPRESSED   0x00000020   Data   RW         4040    .data               loramaccrypto.o
    0x200000ec   COMPRESSED   0x00000054   Data   RW         4730    .data               regioneu868.o
    0x20000140   COMPRESSED   0x00000002   Data   RW         5674    .data               lis3dh.o
    0x20000142   COMPRESSED   0x00000002   PAD
    0x20000144   COMPRESSED   0x0000001c   Data   RW         6008    .data               sx1276.o
    0x20000160   COMPRESSED   0x00000001   Data   RW         6213    .data               adc.o
    0x20000161   COMPRESSED   0x00000007   PAD
    0x20000168   COMPRESSED   0x00000029   Data   RW         6398    .data               gps.o
    0x20000191   COMPRESSED   0x00000001   Data   RW         6513    .data               i2c.o
    0x20000192   COMPRESSED   0x00000002   PAD
    0x20000194   COMPRESSED   0x00000008   Data   RW         6583    .data               timer.o
    0x2000019c   COMPRESSED   0x00000004   Data   RW         7155    .data               mc_w.l(stdout.o)
    0x200001a0   COMPRESSED   0x00000004   Data   RW         7169    .data               mc_w.l(errno.o)
    0x200001a4        -       0x00000144   Zero   RW           16    .bss                main.o
    0x200002e8        -       0x00000054   Zero   RW          306    .bss                adc-board.o
    0x2000033c        -       0x00000114   Zero   RW          372    .bss                board.o
    0x20000450        -       0x00000040   Zero   RW          491    .bss                gpio-board.o
    0x20000490        -       0x00000098   Zero   RW          591    .bss                gps-board.o
    0x20000528        -       0x00000034   Zero   RW          732    .bss                rtc-board.o
    0x2000055c        -       0x00000024   Zero   RW          897    .bss                sx1276-board.o
    0x20000580        -       0x00000488   Zero   RW          993    .bss                uart-board.o
    0x20000a08        -       0x00000470   Zero   RW         3831    .bss                loramac.o
    0x20000e78        -       0x0000022c   Zero   RW         4039    .bss                loramaccrypto.o
    0x200010a4        -       0x000000c0   Zero   RW         4728    .bss                regioneu868.o
    0x20001164        -       0x00000084   Zero   RW         5673    .bss                lis3dh.o
    0x200011e8        -       0x00000288   Zero   RW         6006    .bss                sx1276.o
    0x20001470        -       0x00000063   Zero   RW         6396    .bss                gps.o
    0x200014d3   COMPRESSED   0x00000005   PAD
    0x200014d8        -       0x00000400   Zero   RW         1185    STACK               startup_stm32l151xb.o


==============================================================================

Image component sizes


      Code (inc. data)   RO Data    RW Data    ZI Data      Debug   Object Name

       408         30          0          0         84       2756   adc-board.o
        80         12          0          1          0       2319   adc.o
      1530         22        768          0          0      14396   aes.o
      1048        106          0          6        276       9126   board.o
       726          0          0          0          0       3893   cmac.o
        12          0          0          0          0        522   delay.o
       130          0          0          0          0       3739   fifo.o
       972         52          0          0         64       8735   gpio-board.o
       136          0          0          0          0       2931   gpio.o
       346         62          0          2        152       4148   gps-board.o
      2794        174         40         41         99      11869   gps.o
       396         26          0          1          0       4849   i2c-board.o
       188         18          0          1          0       2815   i2c.o
      1680        130          0          2        132      16455   lis3dh.o
     11334       1614         16        116       1136      34379   loramac.o
       716         44          0         32        556       7023   loramaccrypto.o
      2780        604          0         44        324     428007   main.o
       582          0          0          0          0      25053   region.o
         0          0          0          0          0       1112   regionas923.o
      1462         24          0          0          0      13228   regioncommon.o
      3586        284        108         84        192      22612   regioneu868.o
      1998        194         24         16         52      12593   rtc-board.o
       766         24          0          0          0       4260   spi-board.o
        36          8        244          0       1024        908   startup_stm32l151xb.o
       178         32          0          4          0       6398   stm32l1xx_hal.o
      1792         58          0          0          0       8719   stm32l1xx_hal_adc.o
       376         28          0          0          0      30879   stm32l1xx_hal_cortex.o
       512         38          0          0          0       3816   stm32l1xx_hal_gpio.o
      2740         36          0          0          0      12652   stm32l1xx_hal_i2c.o
        88         14          0          0          0       1245   stm32l1xx_hal_pwr.o
        64         14          0          0          0       1789   stm32l1xx_hal_pwr_ex.o
      3684        100          0          0          0       7492   stm32l1xx_hal_rcc.o
       468         14          0          0          0       1580   stm32l1xx_hal_rcc_ex.o
      1286         24          0          0          0       8943   stm32l1xx_hal_rtc.o
       954         10          0          0          0       5630   stm32l1xx_hal_rtc_ex.o
        52          0          0          0          0       2395   stm32l1xx_hal_spi.o
       124          0          0          0          0       1203   stm32l1xx_hal_spi_ex.o
      2268          6          0          0          0       9566   stm32l1xx_hal_uart.o
       840         60         92          1         36      10363   sx1276-board.o
      6962        364        224         28        648      25994   sx1276.o
        16          0          0          0          0       2513   sysirqhandlers.o
       100         18         33          4          0     124975   system_stm32l1xx.o
       856         44          0          8          0       8777   timer.o
       982         66          0          0       1160       9405   uart-board.o
       180         14          0          4          0       4852   utilities.o

    ----------------------------------------------------------------------
     58300       4368       1586        412       5940     926914   Object Totals
         0          0         32          0          0          0   (incl. Generated)
        72          0          5         17          5          0   (incl. Padding)

    ----------------------------------------------------------------------

      Code (inc. data)   RO Data    RW Data    ZI Data      Debug   Library Member Name

       220         16          0          0          0         84   ceil.o
       220         16          0          0          0         84   floor.o
       148         12          0          0          0         88   round.o
        86          0          0          0          0          0   __dczerorl2.o
        28          0          0          0          0         68   _chval.o
       158          0          0          0          0         92   _strtoul.o
        26          0          0          0          0         80   atoi.o
         8          4        133          0          0         68   ctype_o.o
         0          0          0          0          0          0   entry.o
         0          0          0          0          0          0   entry10a.o
         0          0          0          0          0          0   entry11a.o
         8          4          0          0          0          0   entry2.o
         4          0          0          0          0          0   entry5.o
         0          0          0          0          0          0   entry7b.o
         0          0          0          0          0          0   entry8b.o
         8          4          0          0          0          0   entry9a.o
         8          4          0          4          0         68   errno.o
        30          0          0          0          0          0   handlers.o
        36          8          0          0          0         68   init.o
         0          0          0          0          0          0   iusefp.o
        30          0          0          0          0         68   llshl.o
        36          0          0          0          0         68   llsshr.o
        32          0          0          0          0         68   llushr.o
        36          0          0          0          0         68   memcpya.o
        36          0          0          0          0        108   memseta.o
      2258         90          0          0          0        452   printfa.o
         0          0          0          4          0          0   stdout.o
        30          0          0          0          0         80   strncmp.o
       112          0          0          0          0         88   strtol.o
        44          0          0          0          0         80   uidiv.o
        98          0          0          0          0         92   uldiv.o
        48          0          0          0          0         68   cdcmple.o
        48          0          0          0          0         68   cdrcmple.o
       334          0          0          0          0        148   dadd.o
       222          0          0          0          0        100   ddiv.o
       186          0          0          0          0        176   depilogue.o
        62          0          0          0          0         80   dfixi.o
        50          0          0          0          0         76   dfixui.o
        48          0          0          0          0         68   dfixul.o
        34          0          0          0          0         76   dflti.o
        26          0          0          0          0         76   dfltui.o
       228          0          0          0          0         96   dmul.o
       136          4          0          0          0         92   drnd.o
        38          0          0          0          0         68   f2d.o
       176          0          0          0          0        140   fadd.o
       124          0          0          0          0         88   fdiv.o
       110          0          0          0          0        168   fepilogue.o
        40          0          0          0          0         68   ffixui.o
        10          0          0          0          0         68   ffltui.o
       100          0          0          0          0         76   fmul.o

    ----------------------------------------------------------------------
      5722        162        136          8          0       3672   Library Totals
         2          0          3          0          0          0   (incl. Padding)

    ----------------------------------------------------------------------

      Code (inc. data)   RO Data    RW Data    ZI Data      Debug   Library Name

       588         44          0          0          0        256   m_ws.l
      3112        114        133          8          0       1616   mc_w.l
      2020          4          0          0          0       1800   mf_w.l

    ----------------------------------------------------------------------
      5722        162        136          8          0       3672   Library Totals

    ----------------------------------------------------------------------

==============================================================================


      Code (inc. data)   RO Data    RW Data    ZI Data      Debug   

     64022       4530       1722        420       5940     907782   Grand Totals
     64022       4530       1722        100       5940     907782   ELF Image Totals (compressed)
     64022       4530       1722        100          0          0   ROM Totals

==============================================================================

    Total RO  Size (Code + RO Data)                65744 (  64.20kB)
    Total RW  Size (RW Data + ZI Data)              6360 (   6.21kB)
    Total ROM Size (Code + RO Data + RW Data)      65844 (  64.30kB)

==============================================================================

